Component: ARM Compiler 5.06 update 4 (build 422) Tool: armlink [4d35d2]

==============================================================================

Section Cross References

    main.o(.text) refers to uarttest.o(.text) for initUartTestSuite
    main.o(.text) refers to system_w7500x.o(.text) for SystemInit_User
    main.o(.text) refers to aeabi_sdiv.o(.text) for __aeabi_uidivmod
    main.o(.text) refers to main.o(.data) for .data
    printf_retarget.o(.rev16_text) refers (Special) to use_no_semi.o(.text) for __use_no_semihosting_swi
    printf_retarget.o(.revsh_text) refers (Special) to use_no_semi.o(.text) for __use_no_semihosting_swi
    printf_retarget.o(.text) refers (Special) to use_no_semi.o(.text) for __use_no_semihosting_swi
    printf_retarget.o(.text) refers to w7500x_uart.o(.text) for S_UartPutc
    printf_retarget.o(.data) refers (Special) to use_no_semi.o(.text) for __use_no_semihosting_swi
    printf_retarget.o(.data) refers (Special) to use_no_semi.o(.text) for __use_no_semihosting_swi
    ex_uarthandler.o(.text) refers to w7500x_uart.o(.text) for S_UART_Init
    ex_uarthandler.o(.text) refers to aeabi_sdiv.o(.text) for __aeabi_idivmod
    ex_uarthandler.o(.text) refers to rt_memcpy.o(.text) for __aeabi_memcpy
    ex_uarthandler.o(.text) refers to ex_uarthandler.o(.data) for .data
    ex_uarthandler.o(.text) refers to ex_uarthandler.o(.bss) for .bss
    ex_uarthandler.o(.text) refers to uarthandler.o(.data) for flag_ringbuf_full
    flashhandler.o(.text) refers to _printf_percent.o(.ARM.Collect$$_printf_percent$$00000000) for _printf_percent
    flashhandler.o(.text) refers to _printf_x.o(.ARM.Collect$$_printf_percent$$0000000C) for _printf_x
    flashhandler.o(.text) refers to _printf_hex_int.o(.text) for _printf_longlong_hex
    flashhandler.o(.text) refers to noretval__2printf.o(.text) for __2printf
    softi2chandler.o(.text) refers to w7500x_gpio.o(.text) for GPIO_SetBits
    softi2chandler.o(.text) refers to system_w7500x.o(.text) for GetSystemClock
    softi2chandler.o(.text) refers to aeabi_sdiv.o(.text) for __aeabi_uidivmod
    timerhandler.o(.text) refers to w7500x_dualtimer.o(.text) for DUALTIMER_ClockEnable
    timerhandler.o(.text) refers to system_w7500x.o(.text) for GetSystemClock
    timerhandler.o(.text) refers to aeabi_sdiv.o(.text) for __aeabi_uidivmod
    timerhandler.o(.text) refers to timerhandler.o(.bss) for .bss
    timerhandler.o(.text) refers to timerhandler.o(.data) for .data
    timerhandler.o(.text) refers to uarthandler.o(.data) for uart_timer_ms
    uarthandler.o(.text) refers to w7500x_gpio.o(.text) for GPIO_Configuration
    uarthandler.o(.text) refers to w7500x_uart.o(.text) for UART_StructInit
    uarthandler.o(.text) refers to aeabi_sdiv.o(.text) for __aeabi_idivmod
    uarthandler.o(.text) refers to rt_memcpy.o(.text) for __aeabi_memcpy
    uarthandler.o(.text) refers to uarthandler.o(.bss) for .bss
    uarthandler.o(.text) refers to uarthandler.o(.data) for .data
    socket.o(.text) refers to w7500x_wztoe.o(.text) for WIZCHIP_WRITE
    socket.o(.text) refers to socket.o(.data) for .data
    socket.o(.text) refers to socket.o(.bss) for .bss
    socket.o(.text) refers to socket.o(i.__ARM_common_switch8) for __ARM_common_switch8
    wizchip_conf.o(.text) refers to w7500x_wztoe.o(.text) for WIZCHIP_READ
    wizchip_conf.o(.text) refers to socket.o(i.__ARM_common_switch8) for __ARM_common_switch8
    wizchip_conf.o(.text) refers to wizchip_conf.o(.data) for .data
    wizchip_conf.o(.data) refers to wizchip_conf.o(.text) for wizchip_cris_enter
    dhcp.o(.text) refers to w7500x_wztoe.o(.text) for WIZCHIP_WRITE
    dhcp.o(.text) refers to socket.o(.text) for sendto
    dhcp.o(.text) refers to dhcp.o(.data) for .data
    dhcp.o(.text) refers to socket.o(i.__ARM_common_switch8) for __ARM_common_switch8
    dhcp.o(.data) refers to dhcp.o(.text) for default_ip_assign
    dns.o(.text) refers to socket.o(i.__ARM_common_switch8) for __ARM_common_switch8
    dns.o(.text) refers to rt_memclr.o(.text) for __aeabi_memclr
    dns.o(.text) refers to strcpy.o(.text) for strcpy
    dns.o(.text) refers to strlen.o(.text) for strlen
    dns.o(.text) refers to strchr.o(.text) for strchr
    dns.o(.text) refers to strncpy.o(.text) for strncpy
    dns.o(.text) refers to socket.o(.text) for socket
    dns.o(.text) refers to dns.o(.data) for .data
    w7500x_miim.o(.text) refers to w7500x_gpio.o(.text) for GPIO_SetBits
    w7500x_miim.o(.text) refers to main.o(.text) for delay
    w7500x_miim.o(.text) refers to noretval__2printf.o(.text) for __2printf
    w7500x_miim.o(.text) refers to w7500x_miim.o(.data) for .data
    w7500x_dma.o(.text) refers to _printf_percent.o(.ARM.Collect$$_printf_percent$$00000000) for _printf_percent
    w7500x_dma.o(.text) refers to _printf_x.o(.ARM.Collect$$_printf_percent$$0000000C) for _printf_x
    w7500x_dma.o(.text) refers to _printf_hex_int.o(.text) for _printf_longlong_hex
    w7500x_dma.o(.text) refers to _printf_d.o(.ARM.Collect$$_printf_percent$$00000009) for _printf_d
    w7500x_dma.o(.text) refers to _printf_dec.o(.text) for _printf_int_dec
    w7500x_dma.o(.text) refers to noretval__2printf.o(.text) for __2printf
    w7500x_dma.o(.text) refers to w7500x_dma.o(.data) for .data
    w7500x_uart.o(.text) refers to system_w7500x.o(.text) for GetPLLSource
    w7500x_uart.o(.text) refers to aeabi_sdiv.o(.text) for __aeabi_uidivmod
    w7500x_uart.o(.text) refers to fflti.o(.text) for __aeabi_ui2f
    w7500x_uart.o(.text) refers to fdiv.o(.text) for __aeabi_fdiv
    w7500x_uart.o(.text) refers to ffixui.o(.text) for __aeabi_f2uiz
    w7500x_uart.o(.text) refers to faddsub.o(x$fpl$frsb) for __aeabi_frsub
    w7500x_uart.o(.text) refers to fscalbn.o(.text) for __ARM_scalbnf
    w7500x_uart.o(.text) refers to f2d.o(.text) for __aeabi_f2d
    w7500x_uart.o(.text) refers to daddsub.o(.text) for __aeabi_dadd
    w7500x_uart.o(.text) refers to dfixui.o(.text) for __aeabi_d2uiz
    system_w7500x.o(.text) refers to aeabi_sdiv.o(.text) for __aeabi_uidivmod
    system_w7500x.o(.text) refers to system_w7500x.o(.data) for .data
    startup_w7500x.o(STACK) refers (Special) to heapauxi.o(.text) for __use_two_region_memory
    startup_w7500x.o(HEAP) refers (Special) to heapauxi.o(.text) for __use_two_region_memory
    startup_w7500x.o(RESET) refers (Special) to heapauxi.o(.text) for __use_two_region_memory
    startup_w7500x.o(RESET) refers to startup_w7500x.o(STACK) for __initial_sp
    startup_w7500x.o(RESET) refers to startup_w7500x.o(.text) for Reset_Handler
    startup_w7500x.o(.text) refers (Special) to heapauxi.o(.text) for __use_two_region_memory
    startup_w7500x.o(.text) refers to system_w7500x.o(.text) for SystemInit
    startup_w7500x.o(.text) refers to __main.o(!!!main) for __main
    startup_w7500x.o(.text) refers to startup_w7500x.o(HEAP) for Heap_Mem
    startup_w7500x.o(.text) refers to startup_w7500x.o(STACK) for Stack_Mem
    flashtest.o(.text) refers to _printf_pad.o(.text) for _printf_pre_padding
    flashtest.o(.text) refers to _printf_percent.o(.ARM.Collect$$_printf_percent$$00000000) for _printf_percent
    flashtest.o(.text) refers to _printf_x.o(.ARM.Collect$$_printf_percent$$0000000C) for _printf_x
    flashtest.o(.text) refers to _printf_s.o(.ARM.Collect$$_printf_percent$$00000014) for _printf_s
    flashtest.o(.text) refers to _printf_hex_int.o(.text) for _printf_longlong_hex
    flashtest.o(.text) refers to _printf_str.o(.text) for _printf_str
    flashtest.o(.text) refers to ex_uarthandler.o(.text) for initExUart
    flashtest.o(.text) refers to rt_memcpy.o(.emb_text) for __aeabi_memcpy4
    flashtest.o(.text) refers to flashhandler.o(.text) for readDataFromFlash
    flashtest.o(.text) refers to noretval__2printf.o(.text) for __2printf
    flashtest.o(.text) refers to uarthandler.o(.text) for initUart
    uarttest.o(.text) refers to uarthandler.o(.text) for initUart
    uarttest.o(.text) refers to ex_uarthandler.o(.text) for initExUart
    __2printf.o(.text) refers to _printf_char_file.o(.text) for _printf_char_file
    __2printf.o(.text) refers to printf_retarget.o(.data) for __stdout
    noretval__2printf.o(.text) refers to _printf_char_file.o(.text) for _printf_char_file
    noretval__2printf.o(.text) refers to printf_retarget.o(.data) for __stdout
    __printf.o(.text) refers to _printf_percent.o(.ARM.Collect$$_printf_percent$$00000000) for _printf_percent
    _printf_str.o(.text) refers (Special) to _printf_char.o(.text) for _printf_cs_common
    _printf_str.o(.text) refers (Weak) to _printf_pad.o(.text) for _printf_pre_padding
    _printf_str.o(.text) refers (Weak) to _printf_pad.o(.text) for _printf_post_padding
    _printf_dec.o(.text) refers to rtudiv10.o(.text) for __rt_udiv10
    _printf_dec.o(.text) refers to _printf_intcommon.o(.text) for _printf_int_common
    _printf_hex_ll.o(.text) refers to _printf_intcommon.o(.text) for _printf_int_common
    _printf_hex_ll.o(.text) refers to _printf_hex_ll.o(.constdata) for .constdata
    _printf_hex_int.o(.text) refers to _printf_intcommon.o(.text) for _printf_int_common
    _printf_hex_int.o(.text) refers to _printf_hex_int.o(.constdata) for .constdata
    _printf_hex_int_ll.o(.text) refers to _printf_intcommon.o(.text) for _printf_int_common
    _printf_hex_int_ll.o(.text) refers to _printf_hex_int_ll.o(.constdata) for .constdata
    _printf_hex_ptr.o(.text) refers to _printf_intcommon.o(.text) for _printf_int_common
    _printf_hex_ptr.o(.text) refers to _printf_hex_ptr.o(.constdata) for .constdata
    _printf_hex_int_ptr.o(.text) refers to _printf_intcommon.o(.text) for _printf_int_common
    _printf_hex_int_ptr.o(.text) refers to _printf_hex_int_ptr.o(.constdata) for .constdata
    _printf_hex_ll_ptr.o(.text) refers to _printf_intcommon.o(.text) for _printf_int_common
    _printf_hex_ll_ptr.o(.text) refers to _printf_hex_ll_ptr.o(.constdata) for .constdata
    _printf_hex_int_ll_ptr.o(.text) refers to _printf_intcommon.o(.text) for _printf_int_common
    _printf_hex_int_ll_ptr.o(.text) refers to _printf_hex_int_ll_ptr.o(.constdata) for .constdata
    __printf_flags.o(.text) refers to _printf_percent.o(.ARM.Collect$$_printf_percent$$00000000) for _printf_percent
    __printf_flags.o(.text) refers to __printf_flags.o(.constdata) for .constdata
    __printf_ss.o(.text) refers to _printf_percent.o(.ARM.Collect$$_printf_percent$$00000000) for _printf_percent
    __printf_flags_ss.o(.text) refers to _printf_percent.o(.ARM.Collect$$_printf_percent$$00000000) for _printf_percent
    __printf_flags_ss.o(.text) refers to __printf_flags_ss.o(.constdata) for .constdata
    __printf_wp.o(.text) refers to __printf_wp.o(i._is_digit) for _is_digit
    __printf_wp.o(.text) refers to _printf_percent.o(.ARM.Collect$$_printf_percent$$00000000) for _printf_percent
    __printf_flags_wp.o(.text) refers to __printf_wp.o(i._is_digit) for _is_digit
    __printf_flags_wp.o(.text) refers to _printf_percent.o(.ARM.Collect$$_printf_percent$$00000000) for _printf_percent
    __printf_flags_wp.o(.text) refers to __printf_flags_wp.o(.constdata) for .constdata
    __printf_ss_wp.o(.text) refers to __printf_wp.o(i._is_digit) for _is_digit
    __printf_ss_wp.o(.text) refers to _printf_percent.o(.ARM.Collect$$_printf_percent$$00000000) for _printf_percent
    __printf_flags_ss_wp.o(.text) refers to __printf_wp.o(i._is_digit) for _is_digit
    __printf_flags_ss_wp.o(.text) refers to _printf_percent.o(.ARM.Collect$$_printf_percent$$00000000) for _printf_percent
    __printf_flags_ss_wp.o(.text) refers to __printf_flags_ss_wp.o(.constdata) for .constdata
    _printf_s.o(.ARM.Collect$$_printf_percent$$00000014) refers (Weak) to _printf_char.o(.text) for _printf_string
    _printf_x.o(.ARM.Collect$$_printf_percent$$0000000C) refers (Weak) to _printf_hex_int.o(.text) for _printf_int_hex
    _printf_d.o(.ARM.Collect$$_printf_percent$$00000009) refers (Weak) to _printf_dec.o(.text) for _printf_int_dec
    _printf_percent.o(.ARM.Collect$$_printf_percent$$00000000) refers (Special) to _printf_percent_end.o(.ARM.Collect$$_printf_percent$$00000017) for _printf_percent_end
    rt_memcpy.o(.text) refers to rt_memcpy.o(.emb_text) for __aeabi_memcpy4
    strncpy.o(.text) refers to rt_memclr.o(.text) for __rt_memclr
    __main.o(!!!main) refers to __rtentry.o(.ARM.Collect$$rtentry$$00000000) for __rt_entry
    daddsub.o(.text) refers (Special) to usenofp.o(x$fpl$usenofp) for __I$use$fp
    dfixui.o(.text) refers (Special) to usenofp.o(x$fpl$usenofp) for __I$use$fp
    f2d.o(.text) refers (Special) to usenofp.o(x$fpl$usenofp) for __I$use$fp
    faddsub.o(x$fpl$fadd) refers (Special) to usenofp.o(x$fpl$usenofp) for __I$use$fp
    faddsub.o(x$fpl$fadd) refers to faddsub.o(x$fpl$fsub) for _fsub1
    faddsub.o(x$fpl$frsb) refers (Special) to usenofp.o(x$fpl$usenofp) for __I$use$fp
    faddsub.o(x$fpl$frsb) refers to faddsub.o(x$fpl$fsub) for _fsub1
    faddsub.o(x$fpl$frsb) refers to faddsub.o(x$fpl$fadd) for _fadd1
    faddsub.o(x$fpl$fsub) refers (Special) to usenofp.o(x$fpl$usenofp) for __I$use$fp
    faddsub.o(x$fpl$fsub) refers to faddsub.o(x$fpl$fadd) for _fadd1
    fdiv.o(.text) refers (Special) to usenofp.o(x$fpl$usenofp) for __I$use$fp
    fdiv.o(.text) refers to fdiv.o(.constdata) for .constdata
    fdiv.o(.constdata) refers (Special) to usenofp.o(x$fpl$usenofp) for __I$use$fp
    ffixui.o(.text) refers (Special) to usenofp.o(x$fpl$usenofp) for __I$use$fp
    fflti.o(.text) refers (Special) to usenofp.o(x$fpl$usenofp) for __I$use$fp
    fscalbn.o(.text) refers (Special) to usenofp.o(x$fpl$usenofp) for __I$use$fp
    __rtentry.o(.ARM.Collect$$rtentry$$00000000) refers (Special) to __rtentry2.o(.ARM.Collect$$rtentry$$0000000A) for __rt_entry_li
    __rtentry.o(.ARM.Collect$$rtentry$$00000000) refers (Special) to __rtentry2.o(.ARM.Collect$$rtentry$$0000000D) for __rt_entry_main
    __rtentry.o(.ARM.Collect$$rtentry$$00000000) refers (Special) to __rtentry2.o(.ARM.Collect$$rtentry$$0000000C) for __rt_entry_postli_1
    __rtentry.o(.ARM.Collect$$rtentry$$00000000) refers (Special) to __rtentry2.o(.ARM.Collect$$rtentry$$00000009) for __rt_entry_postsh_1
    __rtentry.o(.ARM.Collect$$rtentry$$00000000) refers (Special) to __rtentry2.o(.ARM.Collect$$rtentry$$00000002) for __rt_entry_presh_1
    __rtentry.o(.ARM.Collect$$rtentry$$00000000) refers (Special) to __rtentry4.o(.ARM.Collect$$rtentry$$00000004) for __rt_entry_sh
    aeabi_idiv0_sigfpe.o(.text) refers to rt_div0.o(.text) for __rt_div0
    _printf_intcommon.o(.text) refers (Weak) to _printf_pad.o(.text) for _printf_pre_padding
    _printf_intcommon.o(.text) refers (Weak) to _printf_pad.o(.text) for _printf_pre_padding
    _printf_intcommon.o(.text) refers (Weak) to _printf_pad.o(.text) for _printf_post_padding
    _printf_char.o(.text) refers (Weak) to _printf_str.o(.text) for _printf_str
    _printf_char_file.o(.text) refers to _printf_char_common.o(.text) for _printf_char_common
    _printf_char_file.o(.text) refers to printf_retarget.o(.text) for ferror
    __rtentry2.o(.ARM.Collect$$rtentry$$00000008) refers to boardinit2.o(.text) for _platform_post_stackheap_init
    __rtentry2.o(.ARM.Collect$$rtentry$$0000000A) refers to libinit.o(.ARM.Collect$$libinit$$00000000) for __rt_lib_init
    __rtentry2.o(.ARM.Collect$$rtentry$$0000000B) refers to boardinit3.o(.text) for _platform_post_lib_init
    __rtentry2.o(.ARM.Collect$$rtentry$$0000000D) refers to main.o(.text) for main
    __rtentry2.o(.ARM.Collect$$rtentry$$0000000D) refers to exit.o(.text) for exit
    __rtentry2.o(.ARM.exidx) refers to __rtentry2.o(.ARM.Collect$$rtentry$$00000001) for .ARM.Collect$$rtentry$$00000001
    __rtentry2.o(.ARM.exidx) refers to __rtentry2.o(.ARM.Collect$$rtentry$$00000008) for .ARM.Collect$$rtentry$$00000008
    __rtentry2.o(.ARM.exidx) refers to __rtentry2.o(.ARM.Collect$$rtentry$$0000000A) for .ARM.Collect$$rtentry$$0000000A
    __rtentry2.o(.ARM.exidx) refers to __rtentry2.o(.ARM.Collect$$rtentry$$0000000B) for .ARM.Collect$$rtentry$$0000000B
    __rtentry2.o(.ARM.exidx) refers to __rtentry2.o(.ARM.Collect$$rtentry$$0000000D) for .ARM.Collect$$rtentry$$0000000D
    __rtentry4.o(.ARM.Collect$$rtentry$$00000004) refers to sys_stackheap_outer.o(.text) for __user_setup_stackheap
    __rtentry4.o(.ARM.exidx) refers to __rtentry4.o(.ARM.Collect$$rtentry$$00000004) for .ARM.Collect$$rtentry$$00000004
    rt_div0.o(.text) refers to defsig_fpe_outer.o(.text) for __rt_SIGFPE
    _printf_char_common.o(.text) refers to __printf_flags_wp.o(.text) for __printf
    sys_stackheap_outer.o(.text) refers to libspace.o(.text) for __user_perproc_libspace
    sys_stackheap_outer.o(.text) refers to startup_w7500x.o(.text) for __user_initial_stackheap
    sys_stackheap_outer.o(__vectab_stack_and_reset_area) refers to tempstk.o(.text) for __temporary_stack_top
    sys_stackheap_outer.o(__vectab_stack_and_reset_area) refers to __main.o(!!!main) for __main
    exit.o(.text) refers to rtexit.o(.ARM.Collect$$rtexit$$00000000) for __rt_exit
    defsig_fpe_outer.o(.text) refers to defsig_fpe_inner.o(.text) for __rt_SIGFPE_inner
    defsig_fpe_outer.o(.text) refers to defsig_exit.o(.text) for __sig_exit
    defsig_fpe_formal.o(.text) refers to rt_raise.o(.text) for __rt_raise
    libinit.o(.ARM.Collect$$libinit$$00000000) refers (Special) to libinit2.o(.ARM.Collect$$libinit$$0000002E) for __rt_lib_init_alloca_1
    libinit.o(.ARM.Collect$$libinit$$00000000) refers (Special) to libinit2.o(.ARM.Collect$$libinit$$0000002C) for __rt_lib_init_argv_1
    libinit.o(.ARM.Collect$$libinit$$00000000) refers (Special) to libinit2.o(.ARM.Collect$$libinit$$0000001B) for __rt_lib_init_atexit_1
    libinit.o(.ARM.Collect$$libinit$$00000000) refers (Special) to libinit2.o(.ARM.Collect$$libinit$$00000021) for __rt_lib_init_clock_1
    libinit.o(.ARM.Collect$$libinit$$00000000) refers (Special) to libinit2.o(.ARM.Collect$$libinit$$00000032) for __rt_lib_init_cpp_1
    libinit.o(.ARM.Collect$$libinit$$00000000) refers (Special) to libinit2.o(.ARM.Collect$$libinit$$00000030) for __rt_lib_init_exceptions_1
    libinit.o(.ARM.Collect$$libinit$$00000000) refers (Special) to libinit2.o(.ARM.Collect$$libinit$$00000002) for __rt_lib_init_fp_1
    libinit.o(.ARM.Collect$$libinit$$00000000) refers (Special) to libinit2.o(.ARM.Collect$$libinit$$0000001F) for __rt_lib_init_fp_trap_1
    libinit.o(.ARM.Collect$$libinit$$00000000) refers (Special) to libinit2.o(.ARM.Collect$$libinit$$00000023) for __rt_lib_init_getenv_1
    libinit.o(.ARM.Collect$$libinit$$00000000) refers (Special) to libinit2.o(.ARM.Collect$$libinit$$0000000A) for __rt_lib_init_heap_1
    libinit.o(.ARM.Collect$$libinit$$00000000) refers (Special) to libinit2.o(.ARM.Collect$$libinit$$00000011) for __rt_lib_init_lc_collate_1
    libinit.o(.ARM.Collect$$libinit$$00000000) refers (Special) to libinit2.o(.ARM.Collect$$libinit$$00000013) for __rt_lib_init_lc_ctype_1
    libinit.o(.ARM.Collect$$libinit$$00000000) refers (Special) to libinit2.o(.ARM.Collect$$libinit$$00000015) for __rt_lib_init_lc_monetary_1
    libinit.o(.ARM.Collect$$libinit$$00000000) refers (Special) to libinit2.o(.ARM.Collect$$libinit$$00000017) for __rt_lib_init_lc_numeric_1
    libinit.o(.ARM.Collect$$libinit$$00000000) refers (Special) to libinit2.o(.ARM.Collect$$libinit$$00000019) for __rt_lib_init_lc_time_1
    libinit.o(.ARM.Collect$$libinit$$00000000) refers (Special) to libinit2.o(.ARM.Collect$$libinit$$00000004) for __rt_lib_init_preinit_1
    libinit.o(.ARM.Collect$$libinit$$00000000) refers (Special) to libinit2.o(.ARM.Collect$$libinit$$0000000E) for __rt_lib_init_rand_1
    libinit.o(.ARM.Collect$$libinit$$00000000) refers (Special) to libinit2.o(.ARM.Collect$$libinit$$00000033) for __rt_lib_init_return
    libinit.o(.ARM.Collect$$libinit$$00000000) refers (Special) to libinit2.o(.ARM.Collect$$libinit$$0000001D) for __rt_lib_init_signal_1
    libinit.o(.ARM.Collect$$libinit$$00000000) refers (Special) to libinit2.o(.ARM.Collect$$libinit$$00000025) for __rt_lib_init_stdio_1
    libinit.o(.ARM.Collect$$libinit$$00000000) refers (Special) to libinit2.o(.ARM.Collect$$libinit$$0000000C) for __rt_lib_init_user_alloc_1
    libspace.o(.text) refers to libspace.o(.bss) for __libspace_start
    rtexit.o(.ARM.Collect$$rtexit$$00000000) refers (Special) to rtexit2.o(.ARM.Collect$$rtexit$$00000004) for __rt_exit_exit
    rtexit.o(.ARM.Collect$$rtexit$$00000000) refers (Special) to rtexit2.o(.ARM.Collect$$rtexit$$00000003) for __rt_exit_ls
    rtexit.o(.ARM.Collect$$rtexit$$00000000) refers (Special) to rtexit2.o(.ARM.Collect$$rtexit$$00000002) for __rt_exit_prels_1
    rtexit.o(.ARM.exidx) refers (Special) to rtexit2.o(.ARM.Collect$$rtexit$$00000004) for __rt_exit_exit
    rtexit.o(.ARM.exidx) refers (Special) to rtexit2.o(.ARM.Collect$$rtexit$$00000003) for __rt_exit_ls
    rtexit.o(.ARM.exidx) refers (Special) to rtexit2.o(.ARM.Collect$$rtexit$$00000002) for __rt_exit_prels_1
    rtexit.o(.ARM.exidx) refers to rtexit.o(.ARM.Collect$$rtexit$$00000000) for .ARM.Collect$$rtexit$$00000000
    rt_raise.o(.text) refers to __raise.o(.text) for __raise
    rt_raise.o(.text) refers to printf_retarget.o(.text) for _sys_exit
    defsig_exit.o(.text) refers to printf_retarget.o(.text) for _sys_exit
    defsig_fpe_inner.o(.text) refers to defsig_general.o(.text) for __default_signal_display
    libinit2.o(.ARM.Collect$$libinit$$00000010) refers to libinit2.o(.ARM.Collect$$libinit$$0000000F) for .ARM.Collect$$libinit$$0000000F
    libinit2.o(.ARM.Collect$$libinit$$00000012) refers to libinit2.o(.ARM.Collect$$libinit$$0000000F) for .ARM.Collect$$libinit$$0000000F
    libinit2.o(.ARM.Collect$$libinit$$00000014) refers to libinit2.o(.ARM.Collect$$libinit$$0000000F) for .ARM.Collect$$libinit$$0000000F
    libinit2.o(.ARM.Collect$$libinit$$00000016) refers to libinit2.o(.ARM.Collect$$libinit$$0000000F) for .ARM.Collect$$libinit$$0000000F
    libinit2.o(.ARM.Collect$$libinit$$00000018) refers to libinit2.o(.ARM.Collect$$libinit$$0000000F) for .ARM.Collect$$libinit$$0000000F
    libinit2.o(.ARM.Collect$$libinit$$00000026) refers to argv_veneer.o(.text) for __ARM_argv_veneer
    libinit2.o(.ARM.Collect$$libinit$$00000027) refers to argv_veneer.o(.text) for __ARM_argv_veneer
    rtexit2.o(.ARM.Collect$$rtexit$$00000003) refers to libshutdown.o(.ARM.Collect$$libshutdown$$00000000) for __rt_lib_shutdown
    rtexit2.o(.ARM.Collect$$rtexit$$00000004) refers to printf_retarget.o(.text) for _sys_exit
    rtexit2.o(.ARM.exidx) refers to rtexit2.o(.ARM.Collect$$rtexit$$00000001) for .ARM.Collect$$rtexit$$00000001
    rtexit2.o(.ARM.exidx) refers to rtexit2.o(.ARM.Collect$$rtexit$$00000003) for .ARM.Collect$$rtexit$$00000003
    rtexit2.o(.ARM.exidx) refers to rtexit2.o(.ARM.Collect$$rtexit$$00000004) for .ARM.Collect$$rtexit$$00000004
    __raise.o(.text) refers to defsig.o(CL$$defsig) for __default_signal_handler
    defsig_general.o(.text) refers to printf_retarget.o(.text) for _ttywrch
    defsig.o(CL$$defsig) refers to defsig_fpe_inner.o(.text) for __rt_SIGFPE_inner
    defsig.o(CL$$defsig) refers to defsig_rtmem_inner.o(.text) for __rt_SIGRTMEM_inner
    _get_argv_nomalloc.o(.text) refers (Special) to hrguard.o(.text) for __heap_region$guard
    _get_argv_nomalloc.o(.text) refers to defsig_rtmem_outer.o(.text) for __rt_SIGRTMEM
    _get_argv_nomalloc.o(.text) refers to sys_command.o(.text) for _sys_command_string
    libshutdown.o(.ARM.Collect$$libshutdown$$00000000) refers (Special) to libshutdown2.o(.ARM.Collect$$libshutdown$$00000002) for __rt_lib_shutdown_cpp_1
    libshutdown.o(.ARM.Collect$$libshutdown$$00000000) refers (Special) to libshutdown2.o(.ARM.Collect$$libshutdown$$00000007) for __rt_lib_shutdown_fp_trap_1
    libshutdown.o(.ARM.Collect$$libshutdown$$00000000) refers (Special) to libshutdown2.o(.ARM.Collect$$libshutdown$$0000000F) for __rt_lib_shutdown_heap_1
    libshutdown.o(.ARM.Collect$$libshutdown$$00000000) refers (Special) to libshutdown2.o(.ARM.Collect$$libshutdown$$00000010) for __rt_lib_shutdown_return
    libshutdown.o(.ARM.Collect$$libshutdown$$00000000) refers (Special) to libshutdown2.o(.ARM.Collect$$libshutdown$$0000000A) for __rt_lib_shutdown_signal_1
    libshutdown.o(.ARM.Collect$$libshutdown$$00000000) refers (Special) to libshutdown2.o(.ARM.Collect$$libshutdown$$00000004) for __rt_lib_shutdown_stdio_1
    libshutdown.o(.ARM.Collect$$libshutdown$$00000000) refers (Special) to libshutdown2.o(.ARM.Collect$$libshutdown$$0000000C) for __rt_lib_shutdown_user_alloc_1
    sys_command.o(.text) refers (Special) to use_no_semi.o(.text) for __I$use$semihosting
    sys_command.o(.text) refers (Special) to indicate_semi.o(.text) for __semihosting_library_function
    defsig_abrt_inner.o(.text) refers to defsig_general.o(.text) for __default_signal_display
    defsig_rtred_inner.o(.text) refers to defsig_general.o(.text) for __default_signal_display
    defsig_rtmem_inner.o(.text) refers to defsig_general.o(.text) for __default_signal_display
    defsig_rtmem_outer.o(.text) refers to defsig_rtmem_inner.o(.text) for __rt_SIGRTMEM_inner
    defsig_rtmem_outer.o(.text) refers to defsig_exit.o(.text) for __sig_exit
    defsig_rtmem_formal.o(.text) refers to rt_raise.o(.text) for __rt_raise
    defsig_stak_inner.o(.text) refers to defsig_general.o(.text) for __default_signal_display
    defsig_pvfn_inner.o(.text) refers to defsig_general.o(.text) for __default_signal_display
    defsig_cppl_inner.o(.text) refers to defsig_general.o(.text) for __default_signal_display
    defsig_segv_inner.o(.text) refers to defsig_general.o(.text) for __default_signal_display
    defsig_other.o(.text) refers to defsig_general.o(.text) for __default_signal_display


==============================================================================

Removing Unused input sections from the image.

    Removing main.o(.rev16_text), (4 bytes).
    Removing main.o(.revsh_text), (4 bytes).
    Removing printf_retarget.o(.rev16_text), (4 bytes).
    Removing printf_retarget.o(.revsh_text), (4 bytes).
    Removing printf_retarget.o(.data), (4 bytes).
    Removing printf_retarget.o(.data), (4 bytes).
    Removing ex_uarthandler.o(.rev16_text), (4 bytes).
    Removing ex_uarthandler.o(.revsh_text), (4 bytes).
    Removing flashhandler.o(.rev16_text), (4 bytes).
    Removing flashhandler.o(.revsh_text), (4 bytes).
    Removing flashhandler.o(.text), (324 bytes).
    Removing gpiohandler.o(.rev16_text), (4 bytes).
    Removing gpiohandler.o(.revsh_text), (4 bytes).
    Removing gpiohandler.o(.text), (16 bytes).
    Removing softi2chandler.o(.rev16_text), (4 bytes).
    Removing softi2chandler.o(.revsh_text), (4 bytes).
    Removing softi2chandler.o(.text), (492 bytes).
    Removing softi2chandler.o(.bss), (16 bytes).
    Removing timerhandler.o(.rev16_text), (4 bytes).
    Removing timerhandler.o(.revsh_text), (4 bytes).
    Removing timerhandler.o(.text), (304 bytes).
    Removing timerhandler.o(.bss), (56 bytes).
    Removing timerhandler.o(.data), (8 bytes).
    Removing uarthandler.o(.rev16_text), (4 bytes).
    Removing uarthandler.o(.revsh_text), (4 bytes).
    Removing socket.o(.rev16_text), (4 bytes).
    Removing socket.o(.revsh_text), (4 bytes).
    Removing socket.o(.text), (2740 bytes).
    Removing socket.o(.bss), (16 bytes).
    Removing socket.o(.data), (14 bytes).
    Removing wizchip_conf.o(.rev16_text), (4 bytes).
    Removing wizchip_conf.o(.revsh_text), (4 bytes).
    Removing wizchip_conf.o(.text), (1484 bytes).
    Removing wizchip_conf.o(.data), (40 bytes).
    Removing dhcp.o(.rev16_text), (4 bytes).
    Removing dhcp.o(.revsh_text), (4 bytes).
    Removing dhcp.o(.text), (2988 bytes).
    Removing dhcp.o(.data), (74 bytes).
    Removing dns.o(.rev16_text), (4 bytes).
    Removing dns.o(.revsh_text), (4 bytes).
    Removing dns.o(.text), (944 bytes).
    Removing dns.o(.data), (12 bytes).
    Removing w7500x_miim.o(.rev16_text), (4 bytes).
    Removing w7500x_miim.o(.revsh_text), (4 bytes).
    Removing w7500x_miim.o(.text), (612 bytes).
    Removing w7500x_miim.o(.data), (8 bytes).
    Removing w7500x_miim.o(.data), (4 bytes).
    Removing w7500x_adc.o(.rev16_text), (4 bytes).
    Removing w7500x_adc.o(.revsh_text), (4 bytes).
    Removing w7500x_adc.o(.text), (106 bytes).
    Removing w7500x_crg.o(.rev16_text), (4 bytes).
    Removing w7500x_crg.o(.revsh_text), (4 bytes).
    Removing w7500x_crg.o(.text), (488 bytes).
    Removing w7500x_dma.o(.rev16_text), (4 bytes).
    Removing w7500x_dma.o(.revsh_text), (4 bytes).
    Removing w7500x_dma.o(.text), (492 bytes).
    Removing w7500x_dma.o(.data), (4 bytes).
    Removing w7500x_dualtimer.o(.rev16_text), (4 bytes).
    Removing w7500x_dualtimer.o(.revsh_text), (4 bytes).
    Removing w7500x_dualtimer.o(.text), (264 bytes).
    Removing w7500x_exti.o(.rev16_text), (4 bytes).
    Removing w7500x_exti.o(.revsh_text), (4 bytes).
    Removing w7500x_exti.o(.text), (336 bytes).
    Removing w7500x_gpio.o(.rev16_text), (4 bytes).
    Removing w7500x_gpio.o(.revsh_text), (4 bytes).
    Removing w7500x_pwm.o(.rev16_text), (4 bytes).
    Removing w7500x_pwm.o(.revsh_text), (4 bytes).
    Removing w7500x_pwm.o(.text), (1604 bytes).
    Removing w7500x_rng.o(.rev16_text), (4 bytes).
    Removing w7500x_rng.o(.revsh_text), (4 bytes).
    Removing w7500x_rng.o(.text), (60 bytes).
    Removing w7500x_ssp.o(.rev16_text), (4 bytes).
    Removing w7500x_ssp.o(.revsh_text), (4 bytes).
    Removing w7500x_ssp.o(.text), (236 bytes).
    Removing w7500x_uart.o(.rev16_text), (4 bytes).
    Removing w7500x_uart.o(.revsh_text), (4 bytes).
    Removing w7500x_wdt.o(.rev16_text), (4 bytes).
    Removing w7500x_wdt.o(.revsh_text), (4 bytes).
    Removing w7500x_wdt.o(.text), (232 bytes).
    Removing w7500x_wztoe.o(.rev16_text), (4 bytes).
    Removing w7500x_wztoe.o(.revsh_text), (4 bytes).
    Removing w7500x_wztoe.o(.text), (180 bytes).
    Removing system_w7500x.o(.rev16_text), (4 bytes).
    Removing system_w7500x.o(.revsh_text), (4 bytes).
    Removing flashtest.o(.rev16_text), (4 bytes).
    Removing flashtest.o(.revsh_text), (4 bytes).
    Removing flashtest.o(.text), (284 bytes).
    Removing uarttest.o(.rev16_text), (4 bytes).
    Removing uarttest.o(.revsh_text), (4 bytes).
    Removing socket.o(i.__ARM_common_switch8), (26 bytes).

90 unused section(s) (total 14696 bytes) removed from the image.

==============================================================================

Image Symbol Table

    Local Symbols

    Symbol Name                              Value     Ov Type        Size  Object(Section)

    RESET                                    0x00000000   Section      168  startup_w7500x.o(RESET)
    ../clib/angel/boardlib.s                 0x00000000   Number         0  boardshut.o ABSOLUTE
    ../clib/angel/boardlib.s                 0x00000000   Number         0  boardinit3.o ABSOLUTE
    ../clib/angel/boardlib.s                 0x00000000   Number         0  boardinit2.o ABSOLUTE
    ../clib/angel/boardlib.s                 0x00000000   Number         0  boardinit1.o ABSOLUTE
    ../clib/angel/handlers.s                 0x00000000   Number         0  __scatter_zi.o ABSOLUTE
    ../clib/angel/handlers.s                 0x00000000   Number         0  __scatter_copy.o ABSOLUTE
    ../clib/angel/kernel.s                   0x00000000   Number         0  __rtentry2.o ABSOLUTE
    ../clib/angel/kernel.s                   0x00000000   Number         0  rtexit2.o ABSOLUTE
    ../clib/angel/kernel.s                   0x00000000   Number         0  rtexit.o ABSOLUTE
    ../clib/angel/kernel.s                   0x00000000   Number         0  __rtentry.o ABSOLUTE
    ../clib/angel/kernel.s                   0x00000000   Number         0  __rtentry4.o ABSOLUTE
    ../clib/angel/rt.s                       0x00000000   Number         0  aeabi_idiv0_sigfpe.o ABSOLUTE
    ../clib/angel/rt.s                       0x00000000   Number         0  rt_raise.o ABSOLUTE
    ../clib/angel/rt.s                       0x00000000   Number         0  rt_div0.o ABSOLUTE
    ../clib/angel/rt.s                       0x00000000   Number         0  aeabi_idiv0.o ABSOLUTE
    ../clib/angel/scatterp.s                 0x00000000   Number         0  __scatter.o ABSOLUTE
    ../clib/angel/startup.s                  0x00000000   Number         0  __main.o ABSOLUTE
    ../clib/angel/sys.s                      0x00000000   Number         0  use_no_semi.o ABSOLUTE
    ../clib/angel/sys.s                      0x00000000   Number         0  libspace.o ABSOLUTE
    ../clib/angel/sys.s                      0x00000000   Number         0  tempstk.o ABSOLUTE
    ../clib/angel/sys.s                      0x00000000   Number         0  sys_stackheap_outer.o ABSOLUTE
    ../clib/angel/sys.s                      0x00000000   Number         0  indicate_semi.o ABSOLUTE
    ../clib/angel/sysapp.c                   0x00000000   Number         0  sys_command.o ABSOLUTE
    ../clib/armsys.c                         0x00000000   Number         0  _get_argv_nomalloc.o ABSOLUTE
    ../clib/armsys.c                         0x00000000   Number         0  argv_veneer.o ABSOLUTE
    ../clib/armsys.c                         0x00000000   Number         0  no_argv.o ABSOLUTE
    ../clib/division.c                       0x00000000   Number         0  rtudiv10.o ABSOLUTE
    ../clib/division.s                       0x00000000   Number         0  aeabi_sdiv_div0.o ABSOLUTE
    ../clib/division.s                       0x00000000   Number         0  aeabi_sdiv.o ABSOLUTE
    ../clib/heapalloc.c                      0x00000000   Number         0  hrguard.o ABSOLUTE
    ../clib/heapaux.c                        0x00000000   Number         0  heapauxi.o ABSOLUTE
    ../clib/libinit.s                        0x00000000   Number         0  libinit.o ABSOLUTE
    ../clib/libinit.s                        0x00000000   Number         0  libinit2.o ABSOLUTE
    ../clib/libinit.s                        0x00000000   Number         0  libshutdown2.o ABSOLUTE
    ../clib/libinit.s                        0x00000000   Number         0  libshutdown.o ABSOLUTE
    ../clib/memcpset.c                       0x00000000   Number         0  rt_memcpy.o ABSOLUTE
    ../clib/memcpset.c                       0x00000000   Number         0  rt_memclr.o ABSOLUTE
    ../clib/memcpset.c                       0x00000000   Number         0  rt_memcpy.o ABSOLUTE
    ../clib/misc.s                           0x00000000   Number         0  printf_stubs.o ABSOLUTE
    ../clib/printf.c                         0x00000000   Number         0  _printf_hex_int.o ABSOLUTE
    ../clib/printf.c                         0x00000000   Number         0  _printf_hex_int_ll.o ABSOLUTE
    ../clib/printf.c                         0x00000000   Number         0  _printf_hex_ptr.o ABSOLUTE
    ../clib/printf.c                         0x00000000   Number         0  _printf_hex_int_ptr.o ABSOLUTE
    ../clib/printf.c                         0x00000000   Number         0  _printf_hex_int_ll_ptr.o ABSOLUTE
    ../clib/printf.c                         0x00000000   Number         0  __printf_flags.o ABSOLUTE
    ../clib/printf.c                         0x00000000   Number         0  __printf_ss.o ABSOLUTE
    ../clib/printf.c                         0x00000000   Number         0  __printf_flags_ss.o ABSOLUTE
    ../clib/printf.c                         0x00000000   Number         0  __printf_wp.o ABSOLUTE
    ../clib/printf.c                         0x00000000   Number         0  __printf_flags_wp.o ABSOLUTE
    ../clib/printf.c                         0x00000000   Number         0  __printf_ss_wp.o ABSOLUTE
    ../clib/printf.c                         0x00000000   Number         0  __printf_flags_ss_wp.o ABSOLUTE
    ../clib/printf.c                         0x00000000   Number         0  _printf_hex_ll_ptr.o ABSOLUTE
    ../clib/printf.c                         0x00000000   Number         0  _printf_intcommon.o ABSOLUTE
    ../clib/printf.c                         0x00000000   Number         0  _printf_char.o ABSOLUTE
    ../clib/printf.c                         0x00000000   Number         0  _printf_char_file.o ABSOLUTE
    ../clib/printf.c                         0x00000000   Number         0  _printf_char_common.o ABSOLUTE
    ../clib/printf.c                         0x00000000   Number         0  __printf_nopercent.o ABSOLUTE
    ../clib/printf.c                         0x00000000   Number         0  __2printf.o ABSOLUTE
    ../clib/printf.c                         0x00000000   Number         0  noretval__2printf.o ABSOLUTE
    ../clib/printf.c                         0x00000000   Number         0  __printf.o ABSOLUTE
    ../clib/printf.c                         0x00000000   Number         0  _printf_pad.o ABSOLUTE
    ../clib/printf.c                         0x00000000   Number         0  _printf_str.o ABSOLUTE
    ../clib/printf.c                         0x00000000   Number         0  _printf_dec.o ABSOLUTE
    ../clib/printf.c                         0x00000000   Number         0  _printf_hex_ll.o ABSOLUTE
    ../clib/printf_percent.s                 0x00000000   Number         0  _printf_d.o ABSOLUTE
    ../clib/printf_percent.s                 0x00000000   Number         0  _printf_s.o ABSOLUTE
    ../clib/printf_percent.s                 0x00000000   Number         0  _printf_x.o ABSOLUTE
    ../clib/printf_percent.s                 0x00000000   Number         0  _printf_percent_end.o ABSOLUTE
    ../clib/printf_percent.s                 0x00000000   Number         0  _printf_percent.o ABSOLUTE
    ../clib/signal.c                         0x00000000   Number         0  defsig_abrt_inner.o ABSOLUTE
    ../clib/signal.c                         0x00000000   Number         0  __raise.o ABSOLUTE
    ../clib/signal.c                         0x00000000   Number         0  defsig_cppl_inner.o ABSOLUTE
    ../clib/signal.c                         0x00000000   Number         0  defsig_pvfn_inner.o ABSOLUTE
    ../clib/signal.c                         0x00000000   Number         0  defsig_stak_inner.o ABSOLUTE
    ../clib/signal.c                         0x00000000   Number         0  defsig_rtmem_formal.o ABSOLUTE
    ../clib/signal.c                         0x00000000   Number         0  defsig_rtred_inner.o ABSOLUTE
    ../clib/signal.c                         0x00000000   Number         0  defsig_rtmem_outer.o ABSOLUTE
    ../clib/signal.c                         0x00000000   Number         0  defsig_general.o ABSOLUTE
    ../clib/signal.c                         0x00000000   Number         0  defsig_fpe_inner.o ABSOLUTE
    ../clib/signal.c                         0x00000000   Number         0  defsig_rtmem_inner.o ABSOLUTE
    ../clib/signal.c                         0x00000000   Number         0  defsig_fpe_formal.o ABSOLUTE
    ../clib/signal.c                         0x00000000   Number         0  defsig_exit.o ABSOLUTE
    ../clib/signal.c                         0x00000000   Number         0  defsig_other.o ABSOLUTE
    ../clib/signal.c                         0x00000000   Number         0  defsig_segv_inner.o ABSOLUTE
    ../clib/signal.c                         0x00000000   Number         0  defsig_fpe_outer.o ABSOLUTE
    ../clib/signal.s                         0x00000000   Number         0  defsig.o ABSOLUTE
    ../clib/stdlib.c                         0x00000000   Number         0  exit.o ABSOLUTE
    ../clib/string.c                         0x00000000   Number         0  strlen.o ABSOLUTE
    ../clib/string.c                         0x00000000   Number         0  strchr.o ABSOLUTE
    ../clib/string.c                         0x00000000   Number         0  strncpy.o ABSOLUTE
    ../clib/string.c                         0x00000000   Number         0  strcpy.o ABSOLUTE
    ../fplib/cfplib/daddsub.c                0x00000000   Number         0  daddsub.o ABSOLUTE
    ../fplib/cfplib/f2d.c                    0x00000000   Number         0  f2d.o ABSOLUTE
    ../fplib/cfplib/fdiv.c                   0x00000000   Number         0  fdiv.o ABSOLUTE
    ../fplib/cfplib/ffix.c                   0x00000000   Number         0  ffixui.o ABSOLUTE
    ../fplib/cfplib/ffix.c                   0x00000000   Number         0  dfixui.o ABSOLUTE
    ../fplib/cfplib/fflt.c                   0x00000000   Number         0  fflti.o ABSOLUTE
    ../fplib/cfplib/fpinit.c                 0x00000000   Number         0  fpinit.o ABSOLUTE
    ../fplib/cfplib/scalbn.c                 0x00000000   Number         0  fscalbn.o ABSOLUTE
    ../fplib/faddsub6m.s                     0x00000000   Number         0  faddsub.o ABSOLUTE
    ../fplib/usenofp.s                       0x00000000   Number         0  usenofp.o ABSOLUTE
    ..\..\lib\CMSIS\Device\WIZnet\W7500\Source\ARM\startup_W7500x.s 0x00000000   Number         0  startup_w7500x.o ABSOLUTE
    ..\..\lib\CMSIS\Device\WIZnet\W7500\Source\system_W7500x.c 0x00000000   Number         0  system_w7500x.o ABSOLUTE
    ..\..\lib\W7500x_stdPeriph_Driver\src\W7500x_adc.c 0x00000000   Number         0  w7500x_adc.o ABSOLUTE
    ..\..\lib\W7500x_stdPeriph_Driver\src\W7500x_crg.c 0x00000000   Number         0  w7500x_crg.o ABSOLUTE
    ..\..\lib\W7500x_stdPeriph_Driver\src\W7500x_dma.c 0x00000000   Number         0  w7500x_dma.o ABSOLUTE
    ..\..\lib\W7500x_stdPeriph_Driver\src\W7500x_dualtimer.c 0x00000000   Number         0  w7500x_dualtimer.o ABSOLUTE
    ..\..\lib\W7500x_stdPeriph_Driver\src\W7500x_exti.c 0x00000000   Number         0  w7500x_exti.o ABSOLUTE
    ..\..\lib\W7500x_stdPeriph_Driver\src\W7500x_gpio.c 0x00000000   Number         0  w7500x_gpio.o ABSOLUTE
    ..\..\lib\W7500x_stdPeriph_Driver\src\W7500x_pwm.c 0x00000000   Number         0  w7500x_pwm.o ABSOLUTE
    ..\..\lib\W7500x_stdPeriph_Driver\src\W7500x_rng.c 0x00000000   Number         0  w7500x_rng.o ABSOLUTE
    ..\..\lib\W7500x_stdPeriph_Driver\src\W7500x_ssp.c 0x00000000   Number         0  w7500x_ssp.o ABSOLUTE
    ..\..\lib\W7500x_stdPeriph_Driver\src\W7500x_uart.c 0x00000000   Number         0  w7500x_uart.o ABSOLUTE
    ..\..\lib\W7500x_stdPeriph_Driver\src\W7500x_wdt.c 0x00000000   Number         0  w7500x_wdt.o ABSOLUTE
    ..\..\lib\W7500x_stdPeriph_Driver\src\W7500x_wztoe.c 0x00000000   Number         0  w7500x_wztoe.o ABSOLUTE
    ..\..\lib\ioLibrary\Ethernet\socket.c    0x00000000   Number         0  socket.o ABSOLUTE
    ..\..\lib\ioLibrary\Ethernet\wizchip_conf.c 0x00000000   Number         0  wizchip_conf.o ABSOLUTE
    ..\..\lib\ioLibrary\Internet\DHCP\dhcp.c 0x00000000   Number         0  dhcp.o ABSOLUTE
    ..\..\lib\ioLibrary\Internet\DNS\dns.c   0x00000000   Number         0  dns.o ABSOLUTE
    ..\..\lib\ioLibrary\MDIO\W7500x_miim.c   0x00000000   Number         0  w7500x_miim.o ABSOLUTE
    ..\..\src\hw\platformHandler\ex_uartHandler.c 0x00000000   Number         0  ex_uarthandler.o ABSOLUTE
    ..\..\src\hw\platformHandler\flashHandler.c 0x00000000   Number         0  flashhandler.o ABSOLUTE
    ..\..\src\hw\platformHandler\gpioHandler.c 0x00000000   Number         0  gpiohandler.o ABSOLUTE
    ..\..\src\hw\platformHandler\softi2cHandler.c 0x00000000   Number         0  softi2chandler.o ABSOLUTE
    ..\..\src\hw\platformHandler\timerHandler.c 0x00000000   Number         0  timerhandler.o ABSOLUTE
    ..\..\src\hw\platformHandler\uartHandler.c 0x00000000   Number         0  uarthandler.o ABSOLUTE
    ..\..\src\main.c                         0x00000000   Number         0  main.o ABSOLUTE
    ..\..\src\printf_retarget.c              0x00000000   Number         0  printf_retarget.o ABSOLUTE
    ..\..\src\testSuite\flash\flashTest.c    0x00000000   Number         0  flashtest.o ABSOLUTE
    ..\..\src\testSuite\softI2C\softI2CTest.c 0x00000000   Number         0  softi2ctest.o ABSOLUTE
    ..\..\src\testSuite\uart\uartTest.c      0x00000000   Number         0  uarttest.o ABSOLUTE
    ..\\..\\lib\\CMSIS\\Device\\WIZnet\\W7500\\Source\\system_W7500x.c 0x00000000   Number         0  system_w7500x.o ABSOLUTE
    ..\\..\\lib\\W7500x_stdPeriph_Driver\\src\\W7500x_adc.c 0x00000000   Number         0  w7500x_adc.o ABSOLUTE
    ..\\..\\lib\\W7500x_stdPeriph_Driver\\src\\W7500x_crg.c 0x00000000   Number         0  w7500x_crg.o ABSOLUTE
    ..\\..\\lib\\W7500x_stdPeriph_Driver\\src\\W7500x_dma.c 0x00000000   Number         0  w7500x_dma.o ABSOLUTE
    ..\\..\\lib\\W7500x_stdPeriph_Driver\\src\\W7500x_dualtimer.c 0x00000000   Number         0  w7500x_dualtimer.o ABSOLUTE
    ..\\..\\lib\\W7500x_stdPeriph_Driver\\src\\W7500x_exti.c 0x00000000   Number         0  w7500x_exti.o ABSOLUTE
    ..\\..\\lib\\W7500x_stdPeriph_Driver\\src\\W7500x_gpio.c 0x00000000   Number         0  w7500x_gpio.o ABSOLUTE
    ..\\..\\lib\\W7500x_stdPeriph_Driver\\src\\W7500x_pwm.c 0x00000000   Number         0  w7500x_pwm.o ABSOLUTE
    ..\\..\\lib\\W7500x_stdPeriph_Driver\\src\\W7500x_rng.c 0x00000000   Number         0  w7500x_rng.o ABSOLUTE
    ..\\..\\lib\\W7500x_stdPeriph_Driver\\src\\W7500x_ssp.c 0x00000000   Number         0  w7500x_ssp.o ABSOLUTE
    ..\\..\\lib\\W7500x_stdPeriph_Driver\\src\\W7500x_uart.c 0x00000000   Number         0  w7500x_uart.o ABSOLUTE
    ..\\..\\lib\\W7500x_stdPeriph_Driver\\src\\W7500x_wdt.c 0x00000000   Number         0  w7500x_wdt.o ABSOLUTE
    ..\\..\\lib\\W7500x_stdPeriph_Driver\\src\\W7500x_wztoe.c 0x00000000   Number         0  w7500x_wztoe.o ABSOLUTE
    ..\\..\\lib\\ioLibrary\\Ethernet\\socket.c 0x00000000   Number         0  socket.o ABSOLUTE
    ..\\..\\lib\\ioLibrary\\Ethernet\\wizchip_conf.c 0x00000000   Number         0  wizchip_conf.o ABSOLUTE
    ..\\..\\lib\\ioLibrary\\Internet\\DHCP\\dhcp.c 0x00000000   Number         0  dhcp.o ABSOLUTE
    ..\\..\\lib\\ioLibrary\\Internet\\DNS\\dns.c 0x00000000   Number         0  dns.o ABSOLUTE
    ..\\..\\lib\\ioLibrary\\MDIO\\W7500x_miim.c 0x00000000   Number         0  w7500x_miim.o ABSOLUTE
    ..\\..\\src\\hw\\platformHandler\\ex_uartHandler.c 0x00000000   Number         0  ex_uarthandler.o ABSOLUTE
    ..\\..\\src\\hw\\platformHandler\\flashHandler.c 0x00000000   Number         0  flashhandler.o ABSOLUTE
    ..\\..\\src\\hw\\platformHandler\\gpioHandler.c 0x00000000   Number         0  gpiohandler.o ABSOLUTE
    ..\\..\\src\\hw\\platformHandler\\softi2cHandler.c 0x00000000   Number         0  softi2chandler.o ABSOLUTE
    ..\\..\\src\\hw\\platformHandler\\timerHandler.c 0x00000000   Number         0  timerhandler.o ABSOLUTE
    ..\\..\\src\\hw\\platformHandler\\uartHandler.c 0x00000000   Number         0  uarthandler.o ABSOLUTE
    ..\\..\\src\\main.c                      0x00000000   Number         0  main.o ABSOLUTE
    ..\\..\\src\\printf_retarget.c           0x00000000   Number         0  printf_retarget.o ABSOLUTE
    ..\\..\\src\\testSuite\\flash\\flashTest.c 0x00000000   Number         0  flashtest.o ABSOLUTE
    ..\\..\\src\\testSuite\\uart\\uartTest.c 0x00000000   Number         0  uarttest.o ABSOLUTE
    dc.s                                     0x00000000   Number         0  dc.o ABSOLUTE
    !!!main                                  0x000000a8   Section        8  __main.o(!!!main)
    !!!scatter                               0x000000b0   Section       60  __scatter.o(!!!scatter)
    !!handler_copy                           0x000000ec   Section       26  __scatter_copy.o(!!handler_copy)
    !!handler_zi                             0x00000108   Section       28  __scatter_zi.o(!!handler_zi)
    .ARM.Collect$$libinit$$00000000          0x00000124   Section        2  libinit.o(.ARM.Collect$$libinit$$00000000)
    .ARM.Collect$$libinit$$00000002          0x00000126   Section        0  libinit2.o(.ARM.Collect$$libinit$$00000002)
    .ARM.Collect$$libinit$$00000004          0x00000126   Section        0  libinit2.o(.ARM.Collect$$libinit$$00000004)
    .ARM.Collect$$libinit$$0000000A          0x00000126   Section        0  libinit2.o(.ARM.Collect$$libinit$$0000000A)
    .ARM.Collect$$libinit$$0000000C          0x00000126   Section        0  libinit2.o(.ARM.Collect$$libinit$$0000000C)
    .ARM.Collect$$libinit$$0000000E          0x00000126   Section        0  libinit2.o(.ARM.Collect$$libinit$$0000000E)
    .ARM.Collect$$libinit$$00000011          0x00000126   Section        0  libinit2.o(.ARM.Collect$$libinit$$00000011)
    .ARM.Collect$$libinit$$00000013          0x00000126   Section        0  libinit2.o(.ARM.Collect$$libinit$$00000013)
    .ARM.Collect$$libinit$$00000015          0x00000126   Section        0  libinit2.o(.ARM.Collect$$libinit$$00000015)
    .ARM.Collect$$libinit$$00000017          0x00000126   Section        0  libinit2.o(.ARM.Collect$$libinit$$00000017)
    .ARM.Collect$$libinit$$00000019          0x00000126   Section        0  libinit2.o(.ARM.Collect$$libinit$$00000019)
    .ARM.Collect$$libinit$$0000001B          0x00000126   Section        0  libinit2.o(.ARM.Collect$$libinit$$0000001B)
    .ARM.Collect$$libinit$$0000001D          0x00000126   Section        0  libinit2.o(.ARM.Collect$$libinit$$0000001D)
    .ARM.Collect$$libinit$$0000001F          0x00000126   Section        0  libinit2.o(.ARM.Collect$$libinit$$0000001F)
    .ARM.Collect$$libinit$$00000021          0x00000126   Section        0  libinit2.o(.ARM.Collect$$libinit$$00000021)
    .ARM.Collect$$libinit$$00000023          0x00000126   Section        0  libinit2.o(.ARM.Collect$$libinit$$00000023)
    .ARM.Collect$$libinit$$00000025          0x00000126   Section        0  libinit2.o(.ARM.Collect$$libinit$$00000025)
    .ARM.Collect$$libinit$$0000002C          0x00000126   Section        0  libinit2.o(.ARM.Collect$$libinit$$0000002C)
    .ARM.Collect$$libinit$$0000002E          0x00000126   Section        0  libinit2.o(.ARM.Collect$$libinit$$0000002E)
    .ARM.Collect$$libinit$$00000030          0x00000126   Section        0  libinit2.o(.ARM.Collect$$libinit$$00000030)
    .ARM.Collect$$libinit$$00000032          0x00000126   Section        0  libinit2.o(.ARM.Collect$$libinit$$00000032)
    .ARM.Collect$$libinit$$00000033          0x00000126   Section        2  libinit2.o(.ARM.Collect$$libinit$$00000033)
    .ARM.Collect$$libshutdown$$00000000      0x00000128   Section        2  libshutdown.o(.ARM.Collect$$libshutdown$$00000000)
    .ARM.Collect$$libshutdown$$00000002      0x0000012a   Section        0  libshutdown2.o(.ARM.Collect$$libshutdown$$00000002)
    .ARM.Collect$$libshutdown$$00000004      0x0000012a   Section        0  libshutdown2.o(.ARM.Collect$$libshutdown$$00000004)
    .ARM.Collect$$libshutdown$$00000007      0x0000012a   Section        0  libshutdown2.o(.ARM.Collect$$libshutdown$$00000007)
    .ARM.Collect$$libshutdown$$0000000A      0x0000012a   Section        0  libshutdown2.o(.ARM.Collect$$libshutdown$$0000000A)
    .ARM.Collect$$libshutdown$$0000000C      0x0000012a   Section        0  libshutdown2.o(.ARM.Collect$$libshutdown$$0000000C)
    .ARM.Collect$$libshutdown$$0000000F      0x0000012a   Section        0  libshutdown2.o(.ARM.Collect$$libshutdown$$0000000F)
    .ARM.Collect$$libshutdown$$00000010      0x0000012a   Section        2  libshutdown2.o(.ARM.Collect$$libshutdown$$00000010)
    .ARM.Collect$$rtentry$$00000000          0x0000012c   Section        0  __rtentry.o(.ARM.Collect$$rtentry$$00000000)
    .ARM.Collect$$rtentry$$00000002          0x0000012c   Section        0  __rtentry2.o(.ARM.Collect$$rtentry$$00000002)
    .ARM.Collect$$rtentry$$00000004          0x0000012c   Section        6  __rtentry4.o(.ARM.Collect$$rtentry$$00000004)
    .ARM.Collect$$rtentry$$00000009          0x00000132   Section        0  __rtentry2.o(.ARM.Collect$$rtentry$$00000009)
    .ARM.Collect$$rtentry$$0000000A          0x00000132   Section        4  __rtentry2.o(.ARM.Collect$$rtentry$$0000000A)
    .ARM.Collect$$rtentry$$0000000C          0x00000136   Section        0  __rtentry2.o(.ARM.Collect$$rtentry$$0000000C)
    .ARM.Collect$$rtentry$$0000000D          0x00000136   Section        8  __rtentry2.o(.ARM.Collect$$rtentry$$0000000D)
    .ARM.Collect$$rtexit$$00000000           0x0000013e   Section        2  rtexit.o(.ARM.Collect$$rtexit$$00000000)
    .ARM.Collect$$rtexit$$00000002           0x00000140   Section        0  rtexit2.o(.ARM.Collect$$rtexit$$00000002)
    .ARM.Collect$$rtexit$$00000003           0x00000140   Section        4  rtexit2.o(.ARM.Collect$$rtexit$$00000003)
    .ARM.Collect$$rtexit$$00000004           0x00000144   Section        6  rtexit2.o(.ARM.Collect$$rtexit$$00000004)
    .emb_text                                0x0000014c   Section       56  rt_memcpy.o(.emb_text)
    .text                                    0x00000184   Section        0  main.o(.text)
    W7500x_Init                              0x000001bf   Thumb Code    60  main.o(.text)
    .text                                    0x00000214   Section        0  printf_retarget.o(.text)
    .text                                    0x0000023c   Section        0  ex_uarthandler.o(.text)
    .text                                    0x000003a0   Section        0  uarthandler.o(.text)
    .text                                    0x000008ac   Section        0  w7500x_gpio.o(.text)
    .text                                    0x00000bc4   Section        0  w7500x_uart.o(.text)
    .text                                    0x00000e38   Section        0  system_w7500x.o(.text)
    .text                                    0x00000f2c   Section       56  startup_w7500x.o(.text)
    .text                                    0x00000f64   Section        0  uarttest.o(.text)
    .text                                    0x0000100c   Section        2  use_no_semi.o(.text)
    .text                                    0x0000100e   Section        0  rt_memcpy.o(.text)
    .text                                    0x00001090   Section      346  aeabi_sdiv.o(.text)
    .text                                    0x000011ea   Section        0  heapauxi.o(.text)
    .text                                    0x000011f0   Section        0  daddsub.o(.text)
    _dadd1                                   0x000011f1   Thumb Code   290  daddsub.o(.text)
    _dsub1                                   0x00001313   Thumb Code   470  daddsub.o(.text)
    .text                                    0x00001548   Section        0  dfixui.o(.text)
    .text                                    0x00001590   Section        0  f2d.o(.text)
    .text                                    0x000015e4   Section        0  fdiv.o(.text)
    .text                                    0x00001744   Section        0  ffixui.o(.text)
    .text                                    0x00001774   Section        0  fflti.o(.text)
    .text                                    0x000017d4   Section        0  fscalbn.o(.text)
    .text                                    0x00001818   Section       62  sys_stackheap_outer.o(.text)
    .text                                    0x00001856   Section        0  exit.o(.text)
    .text                                    0x00001868   Section        8  libspace.o(.text)
    x$fpl$fadd                               0x00001870   Section      140  faddsub.o(x$fpl$fadd)
    _fadd1                                   0x0000187d   Thumb Code     0  faddsub.o(x$fpl$fadd)
    x$fpl$frsb                               0x000018fc   Section       24  faddsub.o(x$fpl$frsb)
    x$fpl$fsub                               0x00001914   Section      208  faddsub.o(x$fpl$fsub)
    _fsub1                                   0x00001921   Thumb Code     0  faddsub.o(x$fpl$fsub)
    .constdata                               0x000019e4   Section       64  fdiv.o(.constdata)
    x$fpl$usenofp                            0x000019e4   Section        0  usenofp.o(x$fpl$usenofp)
    fdiv_tab                                 0x000019e4   Data          64  fdiv.o(.constdata)
    .data                                    0x20000000   Section        4  main.o(.data)
    TimingDelay                              0x20000000   Data           4  main.o(.data)
    .data                                    0x20000004   Section        6  ex_uarthandler.o(.data)
    .data                                    0x2000000a   Section       10  uarthandler.o(.data)
    uart_rs422_or_485_selector               0x2000000a   Data           1  uarthandler.o(.data)
    .data                                    0x20000014   Section        8  system_w7500x.o(.data)
    .bss                                     0x2000001c   Section     1024  ex_uarthandler.o(.bss)
    .bss                                     0x2000041c   Section     1072  uarthandler.o(.bss)
    .bss                                     0x2000084c   Section       96  libspace.o(.bss)
    HEAP                                     0x200008b0   Section     1024  startup_w7500x.o(HEAP)
    Heap_Mem                                 0x200008b0   Data        1024  startup_w7500x.o(HEAP)
    STACK                                    0x20000cb0   Section     2048  startup_w7500x.o(STACK)
    Stack_Mem                                0x20000cb0   Data        2048  startup_w7500x.o(STACK)
    __initial_sp                             0x200014b0   Data           0  startup_w7500x.o(STACK)

    Global Symbols

    Symbol Name                              Value     Ov Type        Size  Object(Section)

    BuildAttributes$$THM_ISAv3M$S$PE$A:L22$X:L11$S22$IEEE1$IW$USESV6$~STKCKD$USESV7$~SHL$OSPACE$ROPI$EBA8$UX$STANDARDLIB$REQ8$PRES8$EABIv2 0x00000000   Number         0  anon$$obj.o ABSOLUTE
    __ARM_use_no_argv                        0x00000000   Number         0  main.o ABSOLUTE
    __Vectors                                0x00000000   Data           4  startup_w7500x.o(RESET)
    _printf_flags                            0x00000000   Number         0  printf_stubs.o ABSOLUTE
    _printf_return_value                     0x00000000   Number         0  printf_stubs.o ABSOLUTE
    _printf_sizespec                         0x00000000   Number         0  printf_stubs.o ABSOLUTE
    _printf_widthprec                        0x00000000   Number         0  printf_stubs.o ABSOLUTE
    __ARM_exceptions_init                     - Undefined Weak Reference
    __alloca_initialize                       - Undefined Weak Reference
    __arm_preinit_                            - Undefined Weak Reference
    __cpp_initialize__aeabi_                  - Undefined Weak Reference
    __cxa_finalize                            - Undefined Weak Reference
    __rt_locale                               - Undefined Weak Reference
    __sigvec_lookup                           - Undefined Weak Reference
    _atexit_init                              - Undefined Weak Reference
    _call_atexit_fns                          - Undefined Weak Reference
    _clock_init                               - Undefined Weak Reference
    _fp_trap_init                             - Undefined Weak Reference
    _fp_trap_shutdown                         - Undefined Weak Reference
    _get_lc_collate                           - Undefined Weak Reference
    _get_lc_ctype                             - Undefined Weak Reference
    _get_lc_monetary                          - Undefined Weak Reference
    _get_lc_numeric                           - Undefined Weak Reference
    _get_lc_time                              - Undefined Weak Reference
    _getenv_init                              - Undefined Weak Reference
    _handle_redirection                       - Undefined Weak Reference
    _init_alloc                               - Undefined Weak Reference
    _init_user_alloc                          - Undefined Weak Reference
    _initio                                   - Undefined Weak Reference
    _printf_mbtowc                            - Undefined Weak Reference
    _printf_truncate_signed                   - Undefined Weak Reference
    _printf_truncate_unsigned                 - Undefined Weak Reference
    _rand_init                                - Undefined Weak Reference
    _signal_finish                            - Undefined Weak Reference
    _signal_init                              - Undefined Weak Reference
    _terminate_alloc                          - Undefined Weak Reference
    _terminate_user_alloc                     - Undefined Weak Reference
    _terminateio                              - Undefined Weak Reference
    __Vectors_End                            0x000000a8   Data           0  startup_w7500x.o(RESET)
    __Vectors_Size                           0x000000a8   Number         0  startup_w7500x.o ABSOLUTE
    __main                                   0x000000a9   Thumb Code     8  __main.o(!!!main)
    __scatterload                            0x000000b1   Thumb Code     0  __scatter.o(!!!scatter)
    __scatterload_rt2                        0x000000b1   Thumb Code    52  __scatter.o(!!!scatter)
    __scatterload_rt2_thumb_only             0x000000b1   Thumb Code     0  __scatter.o(!!!scatter)
    __scatterload_null                       0x000000c1   Thumb Code     0  __scatter.o(!!!scatter)
    __scatterload_copy                       0x000000ed   Thumb Code    26  __scatter_copy.o(!!handler_copy)
    __scatterload_zeroinit                   0x00000109   Thumb Code    28  __scatter_zi.o(!!handler_zi)
    __rt_lib_init                            0x00000125   Thumb Code     0  libinit.o(.ARM.Collect$$libinit$$00000000)
    __rt_lib_init_alloca_1                   0x00000127   Thumb Code     0  libinit2.o(.ARM.Collect$$libinit$$0000002E)
    __rt_lib_init_argv_1                     0x00000127   Thumb Code     0  libinit2.o(.ARM.Collect$$libinit$$0000002C)
    __rt_lib_init_atexit_1                   0x00000127   Thumb Code     0  libinit2.o(.ARM.Collect$$libinit$$0000001B)
    __rt_lib_init_clock_1                    0x00000127   Thumb Code     0  libinit2.o(.ARM.Collect$$libinit$$00000021)
    __rt_lib_init_cpp_1                      0x00000127   Thumb Code     0  libinit2.o(.ARM.Collect$$libinit$$00000032)
    __rt_lib_init_exceptions_1               0x00000127   Thumb Code     0  libinit2.o(.ARM.Collect$$libinit$$00000030)
    __rt_lib_init_fp_1                       0x00000127   Thumb Code     0  libinit2.o(.ARM.Collect$$libinit$$00000002)
    __rt_lib_init_fp_trap_1                  0x00000127   Thumb Code     0  libinit2.o(.ARM.Collect$$libinit$$0000001F)
    __rt_lib_init_getenv_1                   0x00000127   Thumb Code     0  libinit2.o(.ARM.Collect$$libinit$$00000023)
    __rt_lib_init_heap_1                     0x00000127   Thumb Code     0  libinit2.o(.ARM.Collect$$libinit$$0000000A)
    __rt_lib_init_lc_collate_1               0x00000127   Thumb Code     0  libinit2.o(.ARM.Collect$$libinit$$00000011)
    __rt_lib_init_lc_ctype_1                 0x00000127   Thumb Code     0  libinit2.o(.ARM.Collect$$libinit$$00000013)
    __rt_lib_init_lc_monetary_1              0x00000127   Thumb Code     0  libinit2.o(.ARM.Collect$$libinit$$00000015)
    __rt_lib_init_lc_numeric_1               0x00000127   Thumb Code     0  libinit2.o(.ARM.Collect$$libinit$$00000017)
    __rt_lib_init_lc_time_1                  0x00000127   Thumb Code     0  libinit2.o(.ARM.Collect$$libinit$$00000019)
    __rt_lib_init_preinit_1                  0x00000127   Thumb Code     0  libinit2.o(.ARM.Collect$$libinit$$00000004)
    __rt_lib_init_rand_1                     0x00000127   Thumb Code     0  libinit2.o(.ARM.Collect$$libinit$$0000000E)
    __rt_lib_init_return                     0x00000127   Thumb Code     0  libinit2.o(.ARM.Collect$$libinit$$00000033)
    __rt_lib_init_signal_1                   0x00000127   Thumb Code     0  libinit2.o(.ARM.Collect$$libinit$$0000001D)
    __rt_lib_init_stdio_1                    0x00000127   Thumb Code     0  libinit2.o(.ARM.Collect$$libinit$$00000025)
    __rt_lib_init_user_alloc_1               0x00000127   Thumb Code     0  libinit2.o(.ARM.Collect$$libinit$$0000000C)
    __rt_lib_shutdown                        0x00000129   Thumb Code     0  libshutdown.o(.ARM.Collect$$libshutdown$$00000000)
    __rt_lib_shutdown_cpp_1                  0x0000012b   Thumb Code     0  libshutdown2.o(.ARM.Collect$$libshutdown$$00000002)
    __rt_lib_shutdown_fp_trap_1              0x0000012b   Thumb Code     0  libshutdown2.o(.ARM.Collect$$libshutdown$$00000007)
    __rt_lib_shutdown_heap_1                 0x0000012b   Thumb Code     0  libshutdown2.o(.ARM.Collect$$libshutdown$$0000000F)
    __rt_lib_shutdown_return                 0x0000012b   Thumb Code     0  libshutdown2.o(.ARM.Collect$$libshutdown$$00000010)
    __rt_lib_shutdown_signal_1               0x0000012b   Thumb Code     0  libshutdown2.o(.ARM.Collect$$libshutdown$$0000000A)
    __rt_lib_shutdown_stdio_1                0x0000012b   Thumb Code     0  libshutdown2.o(.ARM.Collect$$libshutdown$$00000004)
    __rt_lib_shutdown_user_alloc_1           0x0000012b   Thumb Code     0  libshutdown2.o(.ARM.Collect$$libshutdown$$0000000C)
    __rt_entry                               0x0000012d   Thumb Code     0  __rtentry.o(.ARM.Collect$$rtentry$$00000000)
    __rt_entry_presh_1                       0x0000012d   Thumb Code     0  __rtentry2.o(.ARM.Collect$$rtentry$$00000002)
    __rt_entry_sh                            0x0000012d   Thumb Code     0  __rtentry4.o(.ARM.Collect$$rtentry$$00000004)
    __rt_entry_li                            0x00000133   Thumb Code     0  __rtentry2.o(.ARM.Collect$$rtentry$$0000000A)
    __rt_entry_postsh_1                      0x00000133   Thumb Code     0  __rtentry2.o(.ARM.Collect$$rtentry$$00000009)
    __rt_entry_main                          0x00000137   Thumb Code     0  __rtentry2.o(.ARM.Collect$$rtentry$$0000000D)
    __rt_entry_postli_1                      0x00000137   Thumb Code     0  __rtentry2.o(.ARM.Collect$$rtentry$$0000000C)
    __rt_exit                                0x0000013f   Thumb Code     0  rtexit.o(.ARM.Collect$$rtexit$$00000000)
    __rt_exit_ls                             0x00000141   Thumb Code     0  rtexit2.o(.ARM.Collect$$rtexit$$00000003)
    __rt_exit_prels_1                        0x00000141   Thumb Code     0  rtexit2.o(.ARM.Collect$$rtexit$$00000002)
    __rt_exit_exit                           0x00000145   Thumb Code     0  rtexit2.o(.ARM.Collect$$rtexit$$00000004)
    __aeabi_memcpy4                          0x0000014d   Thumb Code    56  rt_memcpy.o(.emb_text)
    __aeabi_memcpy8                          0x0000014d   Thumb Code     0  rt_memcpy.o(.emb_text)
    main                                     0x00000185   Thumb Code    26  main.o(.text)
    delay                                    0x0000019f   Thumb Code    16  main.o(.text)
    TimingDelay_Decrement                    0x000001af   Thumb Code    16  main.o(.text)
    fputc                                    0x00000215   Thumb Code    10  printf_retarget.o(.text)
    fgetc                                    0x0000021f   Thumb Code    12  printf_retarget.o(.text)
    ferror                                   0x0000022b   Thumb Code     6  printf_retarget.o(.text)
    _ttywrch                                 0x00000231   Thumb Code    10  printf_retarget.o(.text)
    _sys_exit                                0x0000023b   Thumb Code     2  printf_retarget.o(.text)
    initExUart                               0x0000023d   Thumb Code    40  ex_uarthandler.o(.text)
    writeExUartData                          0x00000265   Thumb Code    40  ex_uarthandler.o(.text)
    getExUartReceivedDataSize                0x0000028d   Thumb Code    24  ex_uarthandler.o(.text)
    readExUartData                           0x000002a5   Thumb Code   150  ex_uarthandler.o(.text)
    handleExUartIRQ                          0x0000033b   Thumb Code    78  ex_uarthandler.o(.text)
    initUartRTSpin                           0x000003a1   Thumb Code    62  uarthandler.o(.text)
    getUartRS485SelectPinState               0x000003df   Thumb Code    80  uarthandler.o(.text)
    setUartFlowcontrolToStructure            0x0000042f   Thumb Code    88  uarthandler.o(.text)
    setUartInterfaceToStructure              0x00000487   Thumb Code    24  uarthandler.o(.text)
    initUart                                 0x0000049f   Thumb Code   312  uarthandler.o(.text)
    setUartTxRxMode                          0x000005d7   Thumb Code    60  uarthandler.o(.text)
    writeUartData                            0x00000613   Thumb Code    64  uarthandler.o(.text)
    getUartReceivedDataSize                  0x00000653   Thumb Code    58  uarthandler.o(.text)
    readUartData                             0x0000068d   Thumb Code   180  uarthandler.o(.text)
    flushUartRxBuffer                        0x00000741   Thumb Code    44  uarthandler.o(.text)
    handleUartZeroIRQ                        0x0000076d   Thumb Code    64  uarthandler.o(.text)
    handleUartOneIRQ                         0x000007ad   Thumb Code    94  uarthandler.o(.text)
    delayMsForUart                           0x0000080b   Thumb Code    14  uarthandler.o(.text)
    setUartRS485RTSpinToHigh                 0x00000819   Thumb Code    66  uarthandler.o(.text)
    setUartRS485RTSpinToLow                  0x0000085b   Thumb Code    66  uarthandler.o(.text)
    GPIO_DeInit                              0x000008ad   Thumb Code    78  w7500x_gpio.o(.text)
    GPIO_Init                                0x000008fb   Thumb Code   194  w7500x_gpio.o(.text)
    GPIO_StructInit                          0x000009bd   Thumb Code    14  w7500x_gpio.o(.text)
    GPIO_ReadInputDataBit                    0x000009cb   Thumb Code    14  w7500x_gpio.o(.text)
    GPIO_ReadInputData                       0x000009d9   Thumb Code     6  w7500x_gpio.o(.text)
    GPIO_ReadOutputDataBit                   0x000009df   Thumb Code    14  w7500x_gpio.o(.text)
    GPIO_ReadOutputData                      0x000009ed   Thumb Code     6  w7500x_gpio.o(.text)
    GPIO_SetBits                             0x000009f3   Thumb Code    28  w7500x_gpio.o(.text)
    GPIO_ResetBits                           0x00000a0f   Thumb Code    32  w7500x_gpio.o(.text)
    GPIO_WriteBit                            0x00000a2f   Thumb Code    30  w7500x_gpio.o(.text)
    GPIO_Write                               0x00000a4d   Thumb Code     4  w7500x_gpio.o(.text)
    GPIO_INT_Enable_Bits                     0x00000a51   Thumb Code    26  w7500x_gpio.o(.text)
    GPIO_INT_Enable                          0x00000a6b   Thumb Code    16  w7500x_gpio.o(.text)
    GPIO_INT_Polarity_Bits                   0x00000a7b   Thumb Code    20  w7500x_gpio.o(.text)
    GPIO_INT_Polarity                        0x00000a8f   Thumb Code    14  w7500x_gpio.o(.text)
    GPIO_INT_Clear                           0x00000a9d   Thumb Code     6  w7500x_gpio.o(.text)
    GPIO_Read_INTstatus                      0x00000aa3   Thumb Code    14  w7500x_gpio.o(.text)
    PAD_AFConfig                             0x00000ab1   Thumb Code    80  w7500x_gpio.o(.text)
    GPIO_Configuration                       0x00000b01   Thumb Code    64  w7500x_gpio.o(.text)
    GPIO_INT_Configuration                   0x00000b41   Thumb Code   116  w7500x_gpio.o(.text)
    UART_StructInit                          0x00000bc5   Thumb Code    26  w7500x_uart.o(.text)
    UART_DeInit                              0x00000bdf   Thumb Code     2  w7500x_uart.o(.text)
    UART_Init                                0x00000be1   Thumb Code   182  w7500x_uart.o(.text)
    UART_FIFO_Enable                         0x00000c97   Thumb Code    24  w7500x_uart.o(.text)
    UART_FIFO_Disable                        0x00000caf   Thumb Code    10  w7500x_uart.o(.text)
    UART_SendData                            0x00000cb9   Thumb Code     4  w7500x_uart.o(.text)
    UART_ReceiveData                         0x00000cbd   Thumb Code     6  w7500x_uart.o(.text)
    UART_SendBreak                           0x00000cc3   Thumb Code    10  w7500x_uart.o(.text)
    UART_GetRecvStatus                       0x00000ccd   Thumb Code    14  w7500x_uart.o(.text)
    UART_ClearRecvStatus                     0x00000cdb   Thumb Code     4  w7500x_uart.o(.text)
    UART_GetFlagStatus                       0x00000cdf   Thumb Code    14  w7500x_uart.o(.text)
    UART_ITConfig                            0x00000ced   Thumb Code    20  w7500x_uart.o(.text)
    UART_GetITStatus                         0x00000d01   Thumb Code    14  w7500x_uart.o(.text)
    UART_ClearITPendingBit                   0x00000d0f   Thumb Code     8  w7500x_uart.o(.text)
    S_UART_DeInit                            0x00000d17   Thumb Code     2  w7500x_uart.o(.text)
    S_UART_SetBaud                           0x00000d19   Thumb Code    40  w7500x_uart.o(.text)
    S_UART_Init                              0x00000d41   Thumb Code    24  w7500x_uart.o(.text)
    S_UART_SendData                          0x00000d59   Thumb Code    12  w7500x_uart.o(.text)
    S_UART_ReceiveData                       0x00000d65   Thumb Code     8  w7500x_uart.o(.text)
    S_UART_GetFlagStatus                     0x00000d6d   Thumb Code    16  w7500x_uart.o(.text)
    S_UART_SetCTRL                           0x00000d7d   Thumb Code    18  w7500x_uart.o(.text)
    S_UART_ITConfig                          0x00000d8f   Thumb Code    18  w7500x_uart.o(.text)
    S_UART_GetITStatus                       0x00000da1   Thumb Code    16  w7500x_uart.o(.text)
    S_UART_ClearITPendingBit                 0x00000db1   Thumb Code    10  w7500x_uart.o(.text)
    UartPutc                                 0x00000dbb   Thumb Code    12  w7500x_uart.o(.text)
    UartPuts                                 0x00000dc7   Thumb Code    28  w7500x_uart.o(.text)
    UartGetc                                 0x00000de3   Thumb Code    12  w7500x_uart.o(.text)
    S_UartPutc                               0x00000def   Thumb Code    12  w7500x_uart.o(.text)
    S_UartPuts                               0x00000dfb   Thumb Code    24  w7500x_uart.o(.text)
    S_UartGetc                               0x00000e13   Thumb Code    14  w7500x_uart.o(.text)
    GetSystemClock                           0x00000e39   Thumb Code     6  system_w7500x.o(.text)
    GetSourceClock                           0x00000e3f   Thumb Code     6  system_w7500x.o(.text)
    GetPLLSource                             0x00000e45   Thumb Code     6  system_w7500x.o(.text)
    SystemInit                               0x00000e4b   Thumb Code    68  system_w7500x.o(.text)
    SystemCoreClockUpdate_User               0x00000e8f   Thumb Code   114  system_w7500x.o(.text)
    SystemInit_User                          0x00000f01   Thumb Code    20  system_w7500x.o(.text)
    Reset_Handler                            0x00000f2d   Thumb Code     8  startup_w7500x.o(.text)
    NMI_Handler                              0x00000f35   Thumb Code     2  startup_w7500x.o(.text)
    HardFault_Handler                        0x00000f37   Thumb Code     2  startup_w7500x.o(.text)
    SVC_Handler                              0x00000f39   Thumb Code     2  startup_w7500x.o(.text)
    PendSV_Handler                           0x00000f3b   Thumb Code     2  startup_w7500x.o(.text)
    SysTick_Handler                          0x00000f3d   Thumb Code     2  startup_w7500x.o(.text)
    ADC_Handler                              0x00000f3f   Thumb Code     0  startup_w7500x.o(.text)
    DMA_Handler                              0x00000f3f   Thumb Code     0  startup_w7500x.o(.text)
    DUALTIMER0_Handler                       0x00000f3f   Thumb Code     0  startup_w7500x.o(.text)
    DUALTIMER1_Handler                       0x00000f3f   Thumb Code     0  startup_w7500x.o(.text)
    EXTI_Handler                             0x00000f3f   Thumb Code     0  startup_w7500x.o(.text)
    I2C0_Handler                             0x00000f3f   Thumb Code     0  startup_w7500x.o(.text)
    I2C1_Handler                             0x00000f3f   Thumb Code     0  startup_w7500x.o(.text)
    PORT0_Handler                            0x00000f3f   Thumb Code     0  startup_w7500x.o(.text)
    PORT1_Handler                            0x00000f3f   Thumb Code     0  startup_w7500x.o(.text)
    PORT2_Handler                            0x00000f3f   Thumb Code     0  startup_w7500x.o(.text)
    PORT3_Handler                            0x00000f3f   Thumb Code     0  startup_w7500x.o(.text)
    PWM0_Handler                             0x00000f3f   Thumb Code     0  startup_w7500x.o(.text)
    PWM1_Handler                             0x00000f3f   Thumb Code     0  startup_w7500x.o(.text)
    PWM2_Handler                             0x00000f3f   Thumb Code     0  startup_w7500x.o(.text)
    PWM3_Handler                             0x00000f3f   Thumb Code     0  startup_w7500x.o(.text)
    PWM4_Handler                             0x00000f3f   Thumb Code     0  startup_w7500x.o(.text)
    PWM5_Handler                             0x00000f3f   Thumb Code     0  startup_w7500x.o(.text)
    PWM6_Handler                             0x00000f3f   Thumb Code     0  startup_w7500x.o(.text)
    PWM7_Handler                             0x00000f3f   Thumb Code     0  startup_w7500x.o(.text)
    RTC_Handler                              0x00000f3f   Thumb Code     0  startup_w7500x.o(.text)
    SSP0_Handler                             0x00000f3f   Thumb Code     0  startup_w7500x.o(.text)
    SSP1_Handler                             0x00000f3f   Thumb Code     0  startup_w7500x.o(.text)
    UART0_Handler                            0x00000f3f   Thumb Code     0  startup_w7500x.o(.text)
    UART1_Handler                            0x00000f3f   Thumb Code     0  startup_w7500x.o(.text)
    UART2_Handler                            0x00000f3f   Thumb Code     0  startup_w7500x.o(.text)
    WZTOE_Handler                            0x00000f3f   Thumb Code     0  startup_w7500x.o(.text)
    __user_initial_stackheap                 0x00000f41   Thumb Code    10  startup_w7500x.o(.text)
    initUartTestSuite                        0x00000f65   Thumb Code    38  uarttest.o(.text)
    initExUartTestSuite                      0x00000f8b   Thumb Code    20  uarttest.o(.text)
    doUartLoopback                           0x00000f9f   Thumb Code    48  uarttest.o(.text)
    doExUartLoopback                         0x00000fcf   Thumb Code    42  uarttest.o(.text)
    __I$use$semihosting                      0x0000100d   Thumb Code     0  use_no_semi.o(.text)
    __use_no_semihosting_swi                 0x0000100d   Thumb Code     2  use_no_semi.o(.text)
    __aeabi_memcpy                           0x0000100f   Thumb Code   130  rt_memcpy.o(.text)
    __rt_memcpy                              0x0000100f   Thumb Code     0  rt_memcpy.o(.text)
    __aeabi_uidiv                            0x00001091   Thumb Code     0  aeabi_sdiv.o(.text)
    __aeabi_uidivmod                         0x00001091   Thumb Code    20  aeabi_sdiv.o(.text)
    __aeabi_idiv                             0x000010a5   Thumb Code     0  aeabi_sdiv.o(.text)
    __aeabi_idivmod                          0x000010a5   Thumb Code   326  aeabi_sdiv.o(.text)
    __use_two_region_memory                  0x000011eb   Thumb Code     2  heapauxi.o(.text)
    __rt_heap_escrow$2region                 0x000011ed   Thumb Code     2  heapauxi.o(.text)
    __rt_heap_expand$2region                 0x000011ef   Thumb Code     2  heapauxi.o(.text)
    __aeabi_dadd                             0x000014e9   Thumb Code     0  daddsub.o(.text)
    _dadd                                    0x000014e9   Thumb Code    26  daddsub.o(.text)
    __aeabi_dsub                             0x00001503   Thumb Code     0  daddsub.o(.text)
    _dsub                                    0x00001503   Thumb Code    22  daddsub.o(.text)
    __aeabi_drsub                            0x00001519   Thumb Code     0  daddsub.o(.text)
    _drsb                                    0x00001519   Thumb Code    28  daddsub.o(.text)
    __aeabi_d2uiz                            0x00001549   Thumb Code     0  dfixui.o(.text)
    _dfixu                                   0x00001549   Thumb Code    68  dfixui.o(.text)
    __aeabi_f2d                              0x00001591   Thumb Code     0  f2d.o(.text)
    _f2d                                     0x00001591   Thumb Code    80  f2d.o(.text)
    __aeabi_fdiv                             0x000015e5   Thumb Code     0  fdiv.o(.text)
    _fdiv                                    0x000015e5   Thumb Code   334  fdiv.o(.text)
    _frdiv                                   0x00001733   Thumb Code     8  fdiv.o(.text)
    __aeabi_f2uiz                            0x00001745   Thumb Code     0  ffixui.o(.text)
    _ffixu                                   0x00001745   Thumb Code    48  ffixui.o(.text)
    __aeabi_i2f_normalise                    0x00001775   Thumb Code    72  fflti.o(.text)
    __aeabi_i2f                              0x000017bd   Thumb Code    16  fflti.o(.text)
    _fflt                                    0x000017bd   Thumb Code     0  fflti.o(.text)
    __aeabi_ui2f                             0x000017cd   Thumb Code     6  fflti.o(.text)
    _ffltu                                   0x000017cd   Thumb Code     0  fflti.o(.text)
    __ARM_scalbnf                            0x000017d5   Thumb Code    64  fscalbn.o(.text)
    __user_setup_stackheap                   0x00001819   Thumb Code    62  sys_stackheap_outer.o(.text)
    exit                                     0x00001857   Thumb Code    16  exit.o(.text)
    __user_libspace                          0x00001869   Thumb Code     8  libspace.o(.text)
    __user_perproc_libspace                  0x00001869   Thumb Code     0  libspace.o(.text)
    __user_perthread_libspace                0x00001869   Thumb Code     0  libspace.o(.text)
    __aeabi_fadd                             0x00001871   Thumb Code     0  faddsub.o(x$fpl$fadd)
    _fadd                                    0x00001871   Thumb Code   134  faddsub.o(x$fpl$fadd)
    __aeabi_frsub                            0x000018fd   Thumb Code     0  faddsub.o(x$fpl$frsb)
    _frsb                                    0x000018fd   Thumb Code    24  faddsub.o(x$fpl$frsb)
    __aeabi_fsub                             0x00001915   Thumb Code     0  faddsub.o(x$fpl$fsub)
    _fsub                                    0x00001915   Thumb Code   204  faddsub.o(x$fpl$fsub)
    __I$use$fp                               0x000019e4   Number         0  usenofp.o(x$fpl$usenofp)
    Region$$Table$$Base                      0x00001a24   Number         0  anon$$obj.o(Region$$Table)
    Region$$Table$$Limit                     0x00001a44   Number         0  anon$$obj.o(Region$$Table)
    ex_uart_rx_wr                            0x20000004   Data           2  ex_uarthandler.o(.data)
    ex_uart_rx_rd                            0x20000006   Data           2  ex_uarthandler.o(.data)
    ex_uart_rx_sz                            0x20000008   Data           2  ex_uarthandler.o(.data)
    flag_ringbuf_full                        0x2000000b   Data           1  uarthandler.o(.data)
    uart1_rx_wr                              0x2000000c   Data           2  uarthandler.o(.data)
    uart1_rx_rd                              0x2000000e   Data           2  uarthandler.o(.data)
    uart1_rx_sz                              0x20000010   Data           2  uarthandler.o(.data)
    uart_timer_ms                            0x20000012   Data           2  uarthandler.o(.data)
    SystemFrequency                          0x20000014   Data           4  system_w7500x.o(.data)
    SourceFrequency                          0x20000018   Data           4  system_w7500x.o(.data)
    ex_uart_rx_buf                           0x2000001c   Data        1024  ex_uarthandler.o(.bss)
    uart1_rx_buf                             0x2000041c   Data        1024  uarthandler.o(.bss)
    UartStructure                            0x2000081c   Data          48  uarthandler.o(.bss)
    __libspace_start                         0x2000084c   Data          96  libspace.o(.bss)
    __temporary_stack_top$libspace           0x200008ac   Data           0  libspace.o(.bss)



==============================================================================

Memory Map of the image

  Image Entry point : 0x000000a9

  Load Region LR_IROM1 (Base: 0x00000000, Size: 0x00001a60, Max: 0x00020000, ABSOLUTE)

    Execution Region ER_IROM1 (Base: 0x00000000, Size: 0x00001a44, Max: 0x00020000, ABSOLUTE)

    Base Addr    Size         Type   Attr      Idx    E Section Name        Object

    0x00000000   0x000000a8   Data   RO          803    RESET               startup_w7500x.o
    0x000000a8   0x00000008   Code   RO          939  * !!!main             c_p.l(__main.o)
    0x000000b0   0x0000003c   Code   RO         1137    !!!scatter          c_p.l(__scatter.o)
    0x000000ec   0x0000001a   Code   RO         1139    !!handler_copy      c_p.l(__scatter_copy.o)
    0x00000106   0x00000002   PAD
    0x00000108   0x0000001c   Code   RO         1141    !!handler_zi        c_p.l(__scatter_zi.o)
    0x00000124   0x00000002   Code   RO         1012    .ARM.Collect$$libinit$$00000000  c_p.l(libinit.o)
    0x00000126   0x00000000   Code   RO         1026    .ARM.Collect$$libinit$$00000002  c_p.l(libinit2.o)
    0x00000126   0x00000000   Code   RO         1028    .ARM.Collect$$libinit$$00000004  c_p.l(libinit2.o)
    0x00000126   0x00000000   Code   RO         1031    .ARM.Collect$$libinit$$0000000A  c_p.l(libinit2.o)
    0x00000126   0x00000000   Code   RO         1033    .ARM.Collect$$libinit$$0000000C  c_p.l(libinit2.o)
    0x00000126   0x00000000   Code   RO         1035    .ARM.Collect$$libinit$$0000000E  c_p.l(libinit2.o)
    0x00000126   0x00000000   Code   RO         1038    .ARM.Collect$$libinit$$00000011  c_p.l(libinit2.o)
    0x00000126   0x00000000   Code   RO         1040    .ARM.Collect$$libinit$$00000013  c_p.l(libinit2.o)
    0x00000126   0x00000000   Code   RO         1042    .ARM.Collect$$libinit$$00000015  c_p.l(libinit2.o)
    0x00000126   0x00000000   Code   RO         1044    .ARM.Collect$$libinit$$00000017  c_p.l(libinit2.o)
    0x00000126   0x00000000   Code   RO         1046    .ARM.Collect$$libinit$$00000019  c_p.l(libinit2.o)
    0x00000126   0x00000000   Code   RO         1048    .ARM.Collect$$libinit$$0000001B  c_p.l(libinit2.o)
    0x00000126   0x00000000   Code   RO         1050    .ARM.Collect$$libinit$$0000001D  c_p.l(libinit2.o)
    0x00000126   0x00000000   Code   RO         1052    .ARM.Collect$$libinit$$0000001F  c_p.l(libinit2.o)
    0x00000126   0x00000000   Code   RO         1054    .ARM.Collect$$libinit$$00000021  c_p.l(libinit2.o)
    0x00000126   0x00000000   Code   RO         1056    .ARM.Collect$$libinit$$00000023  c_p.l(libinit2.o)
    0x00000126   0x00000000   Code   RO         1058    .ARM.Collect$$libinit$$00000025  c_p.l(libinit2.o)
    0x00000126   0x00000000   Code   RO         1062    .ARM.Collect$$libinit$$0000002C  c_p.l(libinit2.o)
    0x00000126   0x00000000   Code   RO         1064    .ARM.Collect$$libinit$$0000002E  c_p.l(libinit2.o)
    0x00000126   0x00000000   Code   RO         1066    .ARM.Collect$$libinit$$00000030  c_p.l(libinit2.o)
    0x00000126   0x00000000   Code   RO         1068    .ARM.Collect$$libinit$$00000032  c_p.l(libinit2.o)
    0x00000126   0x00000002   Code   RO         1069    .ARM.Collect$$libinit$$00000033  c_p.l(libinit2.o)
    0x00000128   0x00000002   Code   RO         1093    .ARM.Collect$$libshutdown$$00000000  c_p.l(libshutdown.o)
    0x0000012a   0x00000000   Code   RO         1119    .ARM.Collect$$libshutdown$$00000002  c_p.l(libshutdown2.o)
    0x0000012a   0x00000000   Code   RO         1121    .ARM.Collect$$libshutdown$$00000004  c_p.l(libshutdown2.o)
    0x0000012a   0x00000000   Code   RO         1124    .ARM.Collect$$libshutdown$$00000007  c_p.l(libshutdown2.o)
    0x0000012a   0x00000000   Code   RO         1127    .ARM.Collect$$libshutdown$$0000000A  c_p.l(libshutdown2.o)
    0x0000012a   0x00000000   Code   RO         1129    .ARM.Collect$$libshutdown$$0000000C  c_p.l(libshutdown2.o)
    0x0000012a   0x00000000   Code   RO         1132    .ARM.Collect$$libshutdown$$0000000F  c_p.l(libshutdown2.o)
    0x0000012a   0x00000002   Code   RO         1133    .ARM.Collect$$libshutdown$$00000010  c_p.l(libshutdown2.o)
    0x0000012c   0x00000000   Code   RO          962    .ARM.Collect$$rtentry$$00000000  c_p.l(__rtentry.o)
    0x0000012c   0x00000000   Code   RO          978    .ARM.Collect$$rtentry$$00000002  c_p.l(__rtentry2.o)
    0x0000012c   0x00000006   Code   RO          990    .ARM.Collect$$rtentry$$00000004  c_p.l(__rtentry4.o)
    0x00000132   0x00000000   Code   RO          980    .ARM.Collect$$rtentry$$00000009  c_p.l(__rtentry2.o)
    0x00000132   0x00000004   Code   RO          981    .ARM.Collect$$rtentry$$0000000A  c_p.l(__rtentry2.o)
    0x00000136   0x00000000   Code   RO          983    .ARM.Collect$$rtentry$$0000000C  c_p.l(__rtentry2.o)
    0x00000136   0x00000008   Code   RO          984    .ARM.Collect$$rtentry$$0000000D  c_p.l(__rtentry2.o)
    0x0000013e   0x00000002   Code   RO         1017    .ARM.Collect$$rtexit$$00000000  c_p.l(rtexit.o)
    0x00000140   0x00000000   Code   RO         1071    .ARM.Collect$$rtexit$$00000002  c_p.l(rtexit2.o)
    0x00000140   0x00000004   Code   RO         1072    .ARM.Collect$$rtexit$$00000003  c_p.l(rtexit2.o)
    0x00000144   0x00000006   Code   RO         1073    .ARM.Collect$$rtexit$$00000004  c_p.l(rtexit2.o)
    0x0000014a   0x00000002   PAD
    0x0000014c   0x00000038   Code   RO          925    .emb_text           c_p.l(rt_memcpy.o)
    0x00000184   0x00000090   Code   RO            3    .text               main.o
    0x00000214   0x00000028   Code   RO          116    .text               printf_retarget.o
    0x0000023c   0x00000164   Code   RO          159    .text               ex_uarthandler.o
    0x000003a0   0x0000050c   Code   RO          317    .text               uarthandler.o
    0x000008ac   0x00000318   Code   RO          622    .text               w7500x_gpio.o
    0x00000bc4   0x00000274   Code   RO          714    .text               w7500x_uart.o
    0x00000e38   0x000000f4   Code   RO          780    .text               system_w7500x.o
    0x00000f2c   0x00000038   Code   RO          804    .text               startup_w7500x.o
    0x00000f64   0x000000a8   Code   RO          837    .text               uarttest.o
    0x0000100c   0x00000002   Code   RO          860    .text               c_p.l(use_no_semi.o)
    0x0000100e   0x00000082   Code   RO          926    .text               c_p.l(rt_memcpy.o)
    0x00001090   0x0000015a   Code   RO          933    .text               c_p.l(aeabi_sdiv.o)
    0x000011ea   0x00000006   Code   RO          937    .text               c_p.l(heapauxi.o)
    0x000011f0   0x00000358   Code   RO          941    .text               fz_ps.l(daddsub.o)
    0x00001548   0x00000048   Code   RO          943    .text               fz_ps.l(dfixui.o)
    0x00001590   0x00000054   Code   RO          945    .text               fz_ps.l(f2d.o)
    0x000015e4   0x00000160   Code   RO          953    .text               fz_ps.l(fdiv.o)
    0x00001744   0x00000030   Code   RO          956    .text               fz_ps.l(ffixui.o)
    0x00001774   0x0000005e   Code   RO          958    .text               fz_ps.l(fflti.o)
    0x000017d2   0x00000002   PAD
    0x000017d4   0x00000044   Code   RO          960    .text               fz_ps.l(fscalbn.o)
    0x00001818   0x0000003e   Code   RO          996    .text               c_p.l(sys_stackheap_outer.o)
    0x00001856   0x00000010   Code   RO         1001    .text               c_p.l(exit.o)
    0x00001866   0x00000002   PAD
    0x00001868   0x00000008   Code   RO         1013    .text               c_p.l(libspace.o)
    0x00001870   0x0000008c   Code   RO          947    x$fpl$fadd          fz_ps.l(faddsub.o)
    0x000018fc   0x00000018   Code   RO          948    x$fpl$frsb          fz_ps.l(faddsub.o)
    0x00001914   0x000000d0   Code   RO          949    x$fpl$fsub          fz_ps.l(faddsub.o)
    0x000019e4   0x00000000   Code   RO          976    x$fpl$usenofp       fz_ps.l(usenofp.o)
    0x000019e4   0x00000040   Data   RO          954    .constdata          fz_ps.l(fdiv.o)
    0x00001a24   0x00000020   Data   RO         1135    Region$$Table       anon$$obj.o


    Execution Region RW_IRAM1 (Base: 0x20000000, Size: 0x000014b0, Max: 0x00004000, ABSOLUTE)

    Base Addr    Size         Type   Attr      Idx    E Section Name        Object

    0x20000000   0x00000004   Data   RW            4    .data               main.o
    0x20000004   0x00000006   Data   RW          161    .data               ex_uarthandler.o
    0x2000000a   0x0000000a   Data   RW          319    .data               uarthandler.o
    0x20000014   0x00000008   Data   RW          781    .data               system_w7500x.o
    0x2000001c   0x00000400   Zero   RW          160    .bss                ex_uarthandler.o
    0x2000041c   0x00000430   Zero   RW          318    .bss                uarthandler.o
    0x2000084c   0x00000060   Zero   RW         1014    .bss                c_p.l(libspace.o)
    0x200008ac   0x00000004   PAD
    0x200008b0   0x00000400   Zero   RW          802    HEAP                startup_w7500x.o
    0x20000cb0   0x00000800   Zero   RW          801    STACK               startup_w7500x.o


==============================================================================

Image component sizes


      Code (inc. data)   RO Data    RW Data    ZI Data      Debug   Object Name

       356         24          0          6       1024       8453   ex_uarthandler.o
       144         26          0          4          0      31563   main.o
        40          0          0          0          0       8983   printf_retarget.o
        56         26        168          0       3072        736   startup_w7500x.o
       244         24          0          8          0       2229   system_w7500x.o
         0          0          0          0          0       5676   timerhandler.o
      1292         54          0         10       1072       7450   uarthandler.o
       168         20          0          0          0       1660   uarttest.o
       792         16          0          0          0       6359   w7500x_gpio.o
       628         24          0          0          0       7164   w7500x_uart.o

    ----------------------------------------------------------------------
      3720        214        200         28       5168      80273   Object Totals
         0          0         32          0          0          0   (incl. Generated)
         0          0          0          0          0          0   (incl. Padding)

    ----------------------------------------------------------------------

      Code (inc. data)   RO Data    RW Data    ZI Data      Debug   Library Member Name

         8          0          0          0          0         68   __main.o
         0          0          0          0          0          0   __rtentry.o
        12          0          0          0          0          0   __rtentry2.o
         6          0          0          0          0          0   __rtentry4.o
        60          8          0          0          0          0   __scatter.o
        26          0          0          0          0          0   __scatter_copy.o
        28          0          0          0          0          0   __scatter_zi.o
       346          0          0          0          0         92   aeabi_sdiv.o
        16          0          0          0          0         68   exit.o
         6          0          0          0          0        136   heapauxi.o
         2          0          0          0          0          0   libinit.o
         2          0          0          0          0          0   libinit2.o
         2          0          0          0          0          0   libshutdown.o
         2          0          0          0          0          0   libshutdown2.o
         8          4          0          0         96         68   libspace.o
       186          0          0          0          0        144   rt_memcpy.o
         2          0          0          0          0          0   rtexit.o
        10          0          0          0          0          0   rtexit2.o
        62          0          0          0          0         80   sys_stackheap_outer.o
         2          0          0          0          0         68   use_no_semi.o
       856         20          0          0          0        208   daddsub.o
        72          4          0          0          0         68   dfixui.o
        84          4          0          0          0         60   f2d.o
       372          8          0          0          0        240   faddsub.o
       352         10         64          0          0         92   fdiv.o
        48          0          0          0          0         60   ffixui.o
        94          0          0          0          0         92   fflti.o
        68          4          0          0          0         68   fscalbn.o
         0          0          0          0          0          0   usenofp.o

    ----------------------------------------------------------------------
      2740         62         64          0        100       1612   Library Totals
         8          0          0          0          4          0   (incl. Padding)

    ----------------------------------------------------------------------

      Code (inc. data)   RO Data    RW Data    ZI Data      Debug   Library Name

       786         12          0          0         96        724   c_p.l
      1946         50         64          0          0        888   fz_ps.l

    ----------------------------------------------------------------------
      2740         62         64          0        100       1612   Library Totals

    ----------------------------------------------------------------------

==============================================================================


      Code (inc. data)   RO Data    RW Data    ZI Data      Debug   

      6460        276        264         28       5268      80477   Grand Totals
      6460        276        264         28       5268      80477   ELF Image Totals
      6460        276        264         28          0          0   ROM Totals

==============================================================================

    Total RO  Size (Code + RO Data)                 6724 (   6.57kB)
    Total RW  Size (RW Data + ZI Data)              5296 (   5.17kB)
    Total ROM Size (Code + RO Data + RW Data)       6752 (   6.59kB)

==============================================================================

