<html>
<body>
<pre>
<h1>µVision Build Log</h1>
<h2>Tool Versions:</h2>
IDE-Version: µVision V5.22.0.0
Copyright (C) 2016 ARM Ltd and ARM Germany GmbH. All rights reserved.
License Information: 1 1, 1, LIC=47GVE-5E1N6-EVT1R-KG95U-TG59T-FT73V
 
Tool Versions:
Toolchain:       MDK-ARM Plus  Version: 5.22
Toolchain Path:  C:\Keil_v5\ARM\ARMCC\Bin
C Compiler:      Armcc.exe V5.06 update 4 (build 422)
Assembler:       Armasm.exe V5.06 update 4 (build 422)
Linker/Locator:  ArmLink.exe V5.06 update 4 (build 422)
Library Manager: ArmAr.exe V5.06 update 4 (build 422)
Hex Converter:   FromElf.exe V5.06 update 4 (build 422)
CPU DLL:         SARMCM3.DLL V5.22
Dialog DLL:      DARMCM1.DLL V1.15.0.0
Target DLL:      CMSIS_AGDI.dll V1.27.0.0
Dialog DLL:      TARMCM1.DLL V1.11.0.0
 
<h2>Project:</h2>
D:\Workspace\Source\WIZnet\W7500x_Platform_FW\project\mdk\W7500x_Platform_FW.uvprojx
Project File Date:  08/03/2017

<h2>Output:</h2>
*** Using Compiler 'V5.06 update 4 (build 422)', folder: 'C:\Keil_v5\ARM\ARMCC\Bin'
Rebuild target 'W7500x_Platform_FW'
compiling printf_retarget.c...
compiling main.c...
compiling gpioHandler.c...
compiling timerHandler.c...
compiling flashHandler.c...
compiling softi2cHandler.c...
compiling ex_uartHandler.c...
compiling W7500x_adc.c...
compiling W7500x_miim.c...
compiling dns.c...
compiling uartHandler.c...
..\..\src\hw\platformHandler\uartHandler.c(169): warning:  #177-D: variable "UartRegister"  was declared but never referenced
      UART_TypeDef * UartRegister = UartStructure[uart_ch].Register;
..\..\src\hw\platformHandler\uartHandler.c(334): warning:  #177-D: variable "UartDefinition"  was declared but never referenced
      UART_InitTypeDef* UartDefinition = &UartStructure[UART_CH0].Definition;
..\..\src\hw\platformHandler\uartHandler.c: 2 warnings, 0 errors
compiling wizchip_conf.c...
compiling socket.c...
compiling dhcp.c...
compiling W7500x_dma.c...
compiling W7500x_crg.c...
compiling W7500x_exti.c...
compiling W7500x_dualtimer.c...
compiling W7500x_gpio.c...
compiling W7500x_rng.c...
compiling W7500x_ssp.c...
assembling startup_W7500x.s...
compiling W7500x_pwm.c...
compiling W7500x_wdt.c...
compiling W7500x_wztoe.c...
compiling system_W7500x.c...
compiling W7500x_uart.c...
compiling softI2CTest.c...
compiling flashTest.c...
compiling uartTest.c...
linking...
Program Size: Code=6460 RO-data=264 RW-data=28 ZI-data=5268  
FromELF: creating hex file...
After Build - User command #1: fromelf --bin -o "D:\Workspace\Source\WIZnet\W7500x_Platform_FW\project\mdk\obj\W7500x_Platform_FW.bin" "D:\Workspace\Source\WIZnet\W7500x_Platform_FW\project\mdk\obj\W7500x_Platform_FW.axf"
".\obj\W7500x_Platform_FW.axf" - 0 Error(s), 2 Warning(s).

<h2>Collection of Component include folders:</h2>
  D:\Workspace\Source\WIZnet\W7500x_Platform_FW\project\mdk\RTE\_W7500x_Platform_FW
  C:\Keil_v5\ARM\PACK\ARM\CMSIS\5.0.0\Device\ARM\ARMCM0\Include

<h2>Collection of Component Files used:</h2>
Build Time Elapsed:  00:00:02
</pre>
</body>
</html>
