Archive member included to satisfy reference by file (symbol)

d:/workspace/tools/gcc_arm_toolchain/5_4-2016q2/bin/../lib/gcc/arm-none-eabi/5.4.1/armv6-m\libgcc.a(_udivsi3.o)
                              ./src/testSuite/gpio/gpioTest.o (__aeabi_uidiv)
d:/workspace/tools/gcc_arm_toolchain/5_4-2016q2/bin/../lib/gcc/arm-none-eabi/5.4.1/armv6-m\libgcc.a(_divsi3.o)
                              ./lib/CMSIS/Device/WIZnet/W7500/Source/system_W7500x.o (__aeabi_idiv)
d:/workspace/tools/gcc_arm_toolchain/5_4-2016q2/bin/../lib/gcc/arm-none-eabi/5.4.1/armv6-m\libgcc.a(_dvmd_tls.o)
                              d:/workspace/tools/gcc_arm_toolchain/5_4-2016q2/bin/../lib/gcc/arm-none-eabi/5.4.1/armv6-m\libgcc.a(_udivsi3.o) (__aeabi_idiv0)
d:/workspace/tools/gcc_arm_toolchain/5_4-2016q2/bin/../lib/gcc/arm-none-eabi/5.4.1/armv6-m\libgcc.a(_fixunssfsi.o)
                              ./lib/W7500x_stdPeriph_Driver/src/W7500x_uart.o (__aeabi_f2uiz)
d:/workspace/tools/gcc_arm_toolchain/5_4-2016q2/bin/../lib/gcc/arm-none-eabi/5.4.1/armv6-m\libgcc.a(_fixunsdfsi.o)
                              ./lib/W7500x_stdPeriph_Driver/src/W7500x_uart.o (__aeabi_d2uiz)
d:/workspace/tools/gcc_arm_toolchain/5_4-2016q2/bin/../lib/gcc/arm-none-eabi/5.4.1/armv6-m\libgcc.a(divsf3.o)
                              ./lib/W7500x_stdPeriph_Driver/src/W7500x_uart.o (__aeabi_fdiv)
d:/workspace/tools/gcc_arm_toolchain/5_4-2016q2/bin/../lib/gcc/arm-none-eabi/5.4.1/armv6-m\libgcc.a(mulsf3.o)
                              ./lib/W7500x_stdPeriph_Driver/src/W7500x_uart.o (__aeabi_fmul)
d:/workspace/tools/gcc_arm_toolchain/5_4-2016q2/bin/../lib/gcc/arm-none-eabi/5.4.1/armv6-m\libgcc.a(subsf3.o)
                              ./lib/W7500x_stdPeriph_Driver/src/W7500x_uart.o (__aeabi_fsub)
d:/workspace/tools/gcc_arm_toolchain/5_4-2016q2/bin/../lib/gcc/arm-none-eabi/5.4.1/armv6-m\libgcc.a(fixsfsi.o)
                              d:/workspace/tools/gcc_arm_toolchain/5_4-2016q2/bin/../lib/gcc/arm-none-eabi/5.4.1/armv6-m\libgcc.a(_fixunssfsi.o) (__aeabi_f2iz)
d:/workspace/tools/gcc_arm_toolchain/5_4-2016q2/bin/../lib/gcc/arm-none-eabi/5.4.1/armv6-m\libgcc.a(floatunsisf.o)
                              ./lib/W7500x_stdPeriph_Driver/src/W7500x_uart.o (__aeabi_ui2f)
d:/workspace/tools/gcc_arm_toolchain/5_4-2016q2/bin/../lib/gcc/arm-none-eabi/5.4.1/armv6-m\libgcc.a(adddf3.o)
                              ./lib/W7500x_stdPeriph_Driver/src/W7500x_uart.o (__aeabi_dadd)
d:/workspace/tools/gcc_arm_toolchain/5_4-2016q2/bin/../lib/gcc/arm-none-eabi/5.4.1/armv6-m\libgcc.a(subdf3.o)
                              d:/workspace/tools/gcc_arm_toolchain/5_4-2016q2/bin/../lib/gcc/arm-none-eabi/5.4.1/armv6-m\libgcc.a(_fixunsdfsi.o) (__aeabi_dsub)
d:/workspace/tools/gcc_arm_toolchain/5_4-2016q2/bin/../lib/gcc/arm-none-eabi/5.4.1/armv6-m\libgcc.a(fixdfsi.o)
                              d:/workspace/tools/gcc_arm_toolchain/5_4-2016q2/bin/../lib/gcc/arm-none-eabi/5.4.1/armv6-m\libgcc.a(_fixunsdfsi.o) (__aeabi_d2iz)
d:/workspace/tools/gcc_arm_toolchain/5_4-2016q2/bin/../lib/gcc/arm-none-eabi/5.4.1/armv6-m\libgcc.a(extendsfdf2.o)
                              ./lib/W7500x_stdPeriph_Driver/src/W7500x_uart.o (__aeabi_f2d)
d:/workspace/tools/gcc_arm_toolchain/5_4-2016q2/bin/../lib/gcc/arm-none-eabi/5.4.1/armv6-m\libgcc.a(_arm_cmpdf2.o)
                              d:/workspace/tools/gcc_arm_toolchain/5_4-2016q2/bin/../lib/gcc/arm-none-eabi/5.4.1/armv6-m\libgcc.a(_fixunsdfsi.o) (__aeabi_dcmpge)
d:/workspace/tools/gcc_arm_toolchain/5_4-2016q2/bin/../lib/gcc/arm-none-eabi/5.4.1/armv6-m\libgcc.a(_arm_cmpsf2.o)
                              d:/workspace/tools/gcc_arm_toolchain/5_4-2016q2/bin/../lib/gcc/arm-none-eabi/5.4.1/armv6-m\libgcc.a(_fixunssfsi.o) (__aeabi_fcmpge)
d:/workspace/tools/gcc_arm_toolchain/5_4-2016q2/bin/../lib/gcc/arm-none-eabi/5.4.1/armv6-m\libgcc.a(_clzsi2.o)
                              d:/workspace/tools/gcc_arm_toolchain/5_4-2016q2/bin/../lib/gcc/arm-none-eabi/5.4.1/armv6-m\libgcc.a(divsf3.o) (__clzsi2)
d:/workspace/tools/gcc_arm_toolchain/5_4-2016q2/bin/../lib/gcc/arm-none-eabi/5.4.1/armv6-m\libgcc.a(eqsf2.o)
                              d:/workspace/tools/gcc_arm_toolchain/5_4-2016q2/bin/../lib/gcc/arm-none-eabi/5.4.1/armv6-m\libgcc.a(_arm_cmpsf2.o) (__eqsf2)
d:/workspace/tools/gcc_arm_toolchain/5_4-2016q2/bin/../lib/gcc/arm-none-eabi/5.4.1/armv6-m\libgcc.a(gesf2.o)
                              d:/workspace/tools/gcc_arm_toolchain/5_4-2016q2/bin/../lib/gcc/arm-none-eabi/5.4.1/armv6-m\libgcc.a(_arm_cmpsf2.o) (__gesf2)
d:/workspace/tools/gcc_arm_toolchain/5_4-2016q2/bin/../lib/gcc/arm-none-eabi/5.4.1/armv6-m\libgcc.a(lesf2.o)
                              d:/workspace/tools/gcc_arm_toolchain/5_4-2016q2/bin/../lib/gcc/arm-none-eabi/5.4.1/armv6-m\libgcc.a(_arm_cmpsf2.o) (__lesf2)
d:/workspace/tools/gcc_arm_toolchain/5_4-2016q2/bin/../lib/gcc/arm-none-eabi/5.4.1/armv6-m\libgcc.a(eqdf2.o)
[...]
Memory Configuration

Name             Origin             Length             Attributes
FLASH            0x00000000         0x00020000         xr
RAM              0x20000000         0x00003fc0         xrw
*default*        0x00000000         0xffffffff

Linker script and memory map

LOAD ./src/testSuite/uart/uartTest.o
LOAD ./src/testSuite/softI2C/softI2CTest.o
LOAD ./src/testSuite/gpio/gpioTest.o
LOAD ./src/testSuite/flash/flashTest.o
LOAD ./src/testSuite/testSuite.o
LOAD ./src/hw/core/adcHandler.o
LOAD ./src/hw/core/crgHandler.o
LOAD ./src/hw/core/dmaHandler.o
LOAD ./src/hw/core/ex_uartHandler.o
LOAD ./src/hw/core/extiHandler.o
LOAD ./src/hw/core/flashHandler.o
LOAD ./src/hw/core/gpioHandler.o
LOAD ./src/hw/core/pwmHandler.o
LOAD ./src/hw/core/rngHandler.o
LOAD ./src/hw/core/softi2cHandler.o
LOAD ./src/hw/core/sspHandler.o
LOAD ./src/hw/core/timerHandler.o
LOAD ./src/hw/core/uartHandler.o
LOAD ./src/hw/core/wdtHandler.o
LOAD ./src/hw/core/wztoeHandler.o
LOAD ./src/hw/board/board.o
LOAD ./src/hw/board/phy.o
LOAD ./src/hw/W7500x_it.o
LOAD ./src/hw/hw.o
LOAD ./src/app/app.o
LOAD ./src/main.o
LOAD ./src/printf_retarget.o
LOAD ./lib/ioLibrary/MDIO/W7500x_miim.o
LOAD ./lib/ioLibrary/Internet/httpServer/httpParser.o
LOAD ./lib/ioLibrary/Internet/httpServer/httpServer.o
LOAD ./lib/ioLibrary/Internet/httpServer/httpUtil.o
LOAD ./lib/ioLibrary/Internet/DNS/dns.o
LOAD ./lib/ioLibrary/Internet/DHCP/dhcp.o
LOAD ./lib/ioLibrary/Ethernet/socket.o
LOAD ./lib/ioLibrary/Ethernet/wizchip_conf.o
LOAD ./lib/ioLibrary/Application/loopback/loopback.o
LOAD ./lib/W7500x_stdPeriph_Driver/src/W7500x_adc.o
LOAD ./lib/W7500x_stdPeriph_Driver/src/W7500x_crg.o
LOAD ./lib/W7500x_stdPeriph_Driver/src/W7500x_dma.o
LOAD ./lib/W7500x_stdPeriph_Driver/src/W7500x_dualtimer.o
LOAD ./lib/W7500x_stdPeriph_Driver/src/W7500x_exti.o
LOAD ./lib/W7500x_stdPeriph_Driver/src/W7500x_gpio.o
LOAD ./lib/W7500x_stdPeriph_Driver/src/W7500x_pwm.o
LOAD ./lib/W7500x_stdPeriph_Driver/src/W7500x_rng.o
LOAD ./lib/W7500x_stdPeriph_Driver/src/W7500x_ssp.o
LOAD ./lib/W7500x_stdPeriph_Driver/src/W7500x_uart.o
LOAD ./lib/W7500x_stdPeriph_Driver/src/W7500x_wdt.o
LOAD ./lib/W7500x_stdPeriph_Driver/src/W7500x_wztoe.o
LOAD ./lib/CMSIS/Device/WIZnet/W7500/Source/GCC/startup_W7500.o
LOAD ./lib/CMSIS/Device/WIZnet/W7500/Source/system_W7500x.o
START GROUP
LOAD d:/workspace/tools/gcc_arm_toolchain/5_4-2016q2/bin/../lib/gcc/arm-none-eabi/5.4.1/armv6-m\libgcc.a
LOAD d:/workspace/tools/gcc_arm_toolchain/5_4-2016q2/bin/../lib/gcc/arm-none-eabi/5.4.1/../../../../arm-none-eabi/lib/armv6-m\libg_nano.a
LOAD d:/workspace/tools/gcc_arm_toolchain/5_4-2016q2/bin/../lib/gcc/arm-none-eabi/5.4.1/../../../../arm-none-eabi/lib/armv6-m\libc_nano.a
END GROUP
START GROUP
LOAD d:/workspace/tools/gcc_arm_toolchain/5_4-2016q2/bin/../lib/gcc/arm-none-eabi/5.4.1/armv6-m\libgcc.a
LOAD d:/workspace/tools/gcc_arm_toolchain/5_4-2016q2/bin/../lib/gcc/arm-none-eabi/5.4.1/../../../../arm-none-eabi/lib/armv6-m\libc_nano.a
END GROUP
START GROUP
LOAD d:/workspace/tools/gcc_arm_toolchain/5_4-2016q2/bin/../lib/gcc/arm-none-eabi/5.4.1/armv6-m\libgcc.a
LOAD d:/workspace/tools/gcc_arm_toolchain/5_4-2016q2/bin/../lib/gcc/arm-none-eabi/5.4.1/../../../../arm-none-eabi/lib/armv6-m\libc.a
LOAD d:/workspace/tools/gcc_arm_toolchain/5_4-2016q2/bin/../lib/gcc/arm-none-eabi/5.4.1/../../../../arm-none-eabi/lib/armv6-m\libm.a
LOAD d:/workspace/tools/gcc_arm_toolchain/5_4-2016q2/bin/../lib/gcc/arm-none-eabi/5.4.1/../../../../arm-none-eabi/lib/armv6-m\libnosys.a
END GROUP

.text           0x00000000     0x6584
 *(.isr_vector)
 .isr_vector    0x00000000       0xa8 ./lib/CMSIS/Device/WIZnet/W7500/Source/GCC/startup_W7500.o
                0x00000000                __isr_vector
 *(.text*)
 .text.initSystemClock
                0x000000a8       0x6c ./src/hw/core/crgHandler.o
                0x000000a8                initSystemClock
 .text.initSysTickTimerMs
                0x00000114       0x44 ./src/hw/core/crgHandler.o
                0x00000114                initSysTickTimerMs
 .text.handleExUartIRQ
                0x00000158       0x74 ./src/hw/core/ex_uartHandler.o
                0x00000158                handleExUartIRQ
 .text.handleTimerZeroIRQ
                0x000001cc       0xa4 ./src/hw/core/timerHandler.o
                0x000001cc                handleTimerZeroIRQ
 .text.handleUartZeroIRQ
                0x00000270       0x1c ./src/hw/core/uartHandler.o
                0x00000270                handleUartZeroIRQ
 .text.handleUartOneIRQ
                0x0000028c       0xac ./src/hw/core/uartHandler.o
                0x0000028c                handleUartOneIRQ
 .text.NMI_Handler
                0x00000338        0x4 ./src/hw/W7500x_it.o
                0x00000338                NMI_Handler
 .text.HardFault_Handler
                0x0000033c        0x4 ./src/hw/W7500x_it.o
                0x0000033c                HardFault_Handler
 .text.SVC_Handler
                0x00000340        0x4 ./src/hw/W7500x_it.o
                0x00000340                SVC_Handler
 .text.PendSV_Handler
                0x00000344        0x4 ./src/hw/W7500x_it.o
                0x00000344                PendSV_Handler
 .text.SysTick_Handler
                0x00000348        0x8 ./src/hw/W7500x_it.o
                0x00000348                SysTick_Handler
 .text.SSP0_Handler
                0x00000350        0x4 ./src/hw/W7500x_it.o
                0x00000350                SSP0_Handler
 .text.SSP1_Handler
                0x00000354        0x4 ./src/hw/W7500x_it.o
                0x00000354                SSP1_Handler
 .text.UART0_Handler
                0x00000358        0x8 ./src/hw/W7500x_it.o
                0x00000358                UART0_Handler
 .text.UART1_Handler
                0x00000360        0x8 ./src/hw/W7500x_it.o
                0x00000360                UART1_Handler
 .text.UART2_Handler
                0x00000368        0x8 ./src/hw/W7500x_it.o
                0x00000368                UART2_Handler
 .text.I2C0_Handler
                0x00000370        0x4 ./src/hw/W7500x_it.o
                0x00000370                I2C0_Handler
 .text.I2C1_Handler
                0x00000374        0x4 ./src/hw/W7500x_it.o
                0x00000374                I2C1_Handler
 .text.PORT0_Handler
                0x00000378        0x4 ./src/hw/W7500x_it.o
                0x00000378                PORT0_Handler
 .text.PORT1_Handler
                0x0000037c        0x4 ./src/hw/W7500x_it.o
                0x0000037c                PORT1_Handler
 .text.PORT2_Handler
                0x00000380        0x4 ./src/hw/W7500x_it.o
                0x00000380                PORT2_Handler
 .text.PORT3_Handler
                0x00000384        0x4 ./src/hw/W7500x_it.o
                0x00000384                PORT3_Handler
 .text.DMA_Handler
                0x00000388        0x4 ./src/hw/W7500x_it.o
                0x00000388                DMA_Handler
 .text.DUALTIMER0_Handler
                0x0000038c        0x8 ./src/hw/W7500x_it.o
                0x0000038c                DUALTIMER0_Handler
 .text.DUALTIMER1_Handler
                0x00000394        0x4 ./src/hw/W7500x_it.o
                0x00000394                DUALTIMER1_Handler
 .text.PWM0_Handler
                0x00000398        0x4 ./src/hw/W7500x_it.o
                0x00000398                PWM0_Handler
 .text.PWM1_Handler
                0x0000039c        0x4 ./src/hw/W7500x_it.o
                0x0000039c                PWM1_Handler
 .text.PWM2_Handler
                0x000003a0        0x4 ./src/hw/W7500x_it.o
                0x000003a0                PWM2_Handler
 .text.PWM3_Handler
                0x000003a4        0x4 ./src/hw/W7500x_it.o
                0x000003a4                PWM3_Handler
 .text.PWM4_Handler
                0x000003a8        0x4 ./src/hw/W7500x_it.o
                0x000003a8                PWM4_Handler
 .text.PWM5_Handler
                0x000003ac        0x4 ./src/hw/W7500x_it.o
                0x000003ac                PWM5_Handler
 .text.PWM6_Handler
                0x000003b0        0x4 ./src/hw/W7500x_it.o
                0x000003b0                PWM6_Handler
 .text.PWM7_Handler
                0x000003b4        0x4 ./src/hw/W7500x_it.o
                0x000003b4                PWM7_Handler
 .text.ADC_Handler
                0x000003b8        0x4 ./src/hw/W7500x_it.o
                0x000003b8                ADC_Handler
 .text.WZTOE_Handler
                0x000003bc        0x4 ./src/hw/W7500x_it.o
                0x000003bc                WZTOE_Handler
 .text.EXTI_Handler
                0x000003c0        0x4 ./src/hw/W7500x_it.o
                0x000003c0                EXTI_Handler
 .text.main     0x000003c4       0x14 ./src/main.o
                0x000003c4                main
 .text.TimingDelay_Decrement
                0x000003d8       0x18 ./src/main.o
                0x000003d8                TimingDelay_Decrement
 .text.DUALTIMER_IntClear
                0x000003f0        0x8 ./lib/W7500x_stdPeriph_Driver/src/W7500x_dualtimer.o
                0x000003f0                DUALTIMER_IntClear
 .text.DUALTIMER_GetIntStatus
                0x000003f8        0x8 ./lib/W7500x_stdPeriph_Driver/src/W7500x_dualtimer.o
                0x000003f8                DUALTIMER_GetIntStatus
 .text.UART_ReceiveData
                0x00000400        0x8 ./lib/W7500x_stdPeriph_Driver/src/W7500x_uart.o
                0x00000400                UART_ReceiveData
 .text.UART_GetITStatus
                0x00000408       0x10 ./lib/W7500x_stdPeriph_Driver/src/W7500x_uart.o
                0x00000408                UART_GetITStatus
 .text.UART_ClearITPendingBit
                0x00000418        0x8 ./lib/W7500x_stdPeriph_Driver/src/W7500x_uart.o
                0x00000418                UART_ClearITPendingBit
 .text.S_UART_ReceiveData
                0x00000420        0xc ./lib/W7500x_stdPeriph_Driver/src/W7500x_uart.o
                0x00000420                S_UART_ReceiveData
 .text.S_UART_GetITStatus
                0x0000042c       0x14 ./lib/W7500x_stdPeriph_Driver/src/W7500x_uart.o
                0x0000042c                S_UART_GetITStatus
 .text.S_UART_ClearITPendingBit
                0x00000440       0x10 ./lib/W7500x_stdPeriph_Driver/src/W7500x_uart.o
                0x00000440                S_UART_ClearITPendingBit
 .text          0x00000450       0x6c ./lib/CMSIS/Device/WIZnet/W7500/Source/GCC/startup_W7500.o
                0x00000450                Reset_Handler
                0x00000478                MemManage_Handler
                0x0000047a                BusFault_Handler
                0x0000047c                UsageFault_Handler
                0x00000480                DebugMon_Handler
                0x000004b2                RTC_Handler
 .text.GetSystemClock
                0x000004bc        0xc ./lib/CMSIS/Device/WIZnet/W7500/Source/system_W7500x.o
                0x000004bc                GetSystemClock
 .text.SystemCoreClockUpdate_User
                0x000004c8       0x98 ./lib/CMSIS/Device/WIZnet/W7500/Source/system_W7500x.o
                0x000004c8                SystemCoreClockUpdate_User
 .text.SystemInit_User
                0x00000560       0x28 ./lib/CMSIS/Device/WIZnet/W7500/Source/system_W7500x.o
                0x00000560                SystemInit_User
 .text          0x00000588      0x114 d:/workspace/tools/gcc_arm_toolchain/5_4-2016q2/bin/../lib/gcc/arm-none-eabi/5.4.1/armv6-m\libgcc.a(_udivsi3.o)
                0x00000588                __aeabi_uidiv
                0x00000588                __udivsi3
                0x00000694                __aeabi_uidivmod
 .text          0x0000069c      0x1d4 d:/workspace/tools/gcc_arm_toolchain/5_4-2016q2/bin/../lib/gcc/arm-none-eabi/5.4.1/armv6-m\libgcc.a(_divsi3.o)
                0x0000069c                __divsi3
                0x0000069c                __aeabi_idiv
                0x00000868                __aeabi_idivmod
 .text          0x00000870        0x4 d:/workspace/tools/gcc_arm_toolchain/5_4-2016q2/bin/../lib/gcc/arm-none-eabi/5.4.1/armv6-m\libgcc.a(_dvmd_tls.o)
                0x00000870                __aeabi_idiv0
                0x00000870                __aeabi_ldiv0
 .text          0x00000874       0x3c d:/workspace/tools/gcc_arm_toolchain/5_4-2016q2/bin/../lib/gcc/arm-none-eabi/5.4.1/armv6-m\libgcc.a(_fixunsdfsi.o)
                0x00000874                __aeabi_d2uiz
                0x00000874                __fixunsdfsi
 .text          0x000008b0      0x658 d:/workspace/tools/gcc_arm_toolchain/5_4-2016q2/bin/../lib/gcc/arm-none-eabi/5.4.1/armv6-m\libgcc.a(adddf3.o)
                0x000008b0                __aeabi_dadd
 .text          0x00000f08      0x6a8 d:/workspace/tools/gcc_arm_toolchain/5_4-2016q2/bin/../lib/gcc/arm-none-eabi/5.4.1/armv6-m\libgcc.a(subdf3.o)
                0x00000f08                __aeabi_dsub
 .text          0x000015b0       0x6c d:/workspace/tools/gcc_arm_toolchain/5_4-2016q2/bin/../lib/gcc/arm-none-eabi/5.4.1/armv6-m\libgcc.a(fixdfsi.o)
                0x000015b0                __aeabi_d2iz
 .text          0x0000161c       0x7c d:/workspace/tools/gcc_arm_toolchain/5_4-2016q2/bin/../lib/gcc/arm-none-eabi/5.4.1/armv6-m\libgcc.a(_arm_cmpdf2.o)
                0x0000161c                __aeabi_cdrcmple
                0x0000162c                __aeabi_cdcmple
                0x0000162c                __aeabi_cdcmpeq
                0x0000163c                __aeabi_dcmpeq
                0x00001648                __aeabi_dcmplt
                0x0000165c                __aeabi_dcmple
                0x00001670                __aeabi_dcmpgt
                0x00001684                __aeabi_dcmpge
 .text          0x00001698       0x3c d:/workspace/tools/gcc_arm_toolchain/5_4-2016q2/bin/../lib/gcc/arm-none-eabi/5.4.1/armv6-m\libgcc.a(_clzsi2.o)
                0x00001698                __clzsi2
 .text          0x000016d4       0x80 d:/workspace/tools/gcc_arm_toolchain/5_4-2016q2/bin/../lib/gcc/arm-none-eabi/5.4.1/armv6-m\libgcc.a(eqdf2.o)
                0x000016d4                __nedf2
                0x000016d4                __eqdf2
 .text          0x00001754       0xc8 d:/workspace/tools/gcc_arm_toolchain/5_4-2016q2/bin/../lib/gcc/arm-none-eabi/5.4.1/armv6-m\libgcc.a(gedf2.o)
                0x00001754                __gedf2
                0x00001754                __gtdf2
 .text          0x0000181c       0xd4 d:/workspace/tools/gcc_arm_toolchain/5_4-2016q2/bin/../lib/gcc/arm-none-eabi/5.4.1/armv6-m\libgcc.a(ledf2.o)
                0x0000181c                __ledf2
                0x0000181c                __ltdf2
 .text.memcpy   0x000018f0       0x12 d:/workspace/tools/gcc_arm_toolchain/5_4-2016q2/bin/../lib/gcc/arm-none-eabi/5.4.1/../../../../arm-none-eabi/lib/armv6-m\libg_nano.a(lib_a-memcpy-stub.o)
                0x000018f0                memcpy
 .text.memset   0x00001902       0x10 d:/workspace/tools/gcc_arm_toolchain/5_4-2016q2/bin/../lib/gcc/arm-none-eabi/5.4.1/../../../../arm-none-eabi/lib/armv6-m\libg_nano.a(lib_a-memset.o)
                0x00001902                memset
 .text.__cvt    0x00001912       0xca d:/workspace/tools/gcc_arm_toolchain/5_4-2016q2/bin/../lib/gcc/arm-none-eabi/5.4.1/../../../../arm-none-eabi/lib/armv6-m\libg_nano.a(lib_a-nano-vfprintf_float.o)
                0x00001912                __cvt
 .text.__exponent
                0x000019dc       0x62 d:/workspace/tools/gcc_arm_toolchain/5_4-2016q2/bin/../lib/gcc/arm-none-eabi/5.4.1/../../../../arm-none-eabi/lib/armv6-m\libg_nano.a(lib_a-nano-vfprintf_float.o)
                0x000019dc                __exponent
 *fill*         0x00001a3e        0x2 
 .text._printf_float
                0x00001a40      0x4a0 d:/workspace/tools/gcc_arm_toolchain/5_4-2016q2/bin/../lib/gcc/arm-none-eabi/5.4.1/../../../../arm-none-eabi/lib/armv6-m\libg_nano.a(lib_a-nano-vfprintf_float.o)
                0x00001a40                _printf_float
 .text._printf_common
                0x00001ee0       0xdc d:/workspace/tools/gcc_arm_toolchain/5_4-2016q2/bin/../lib/gcc/arm-none-eabi/5.4.1/../../../../arm-none-eabi/lib/armv6-m\libg_nano.a(lib_a-nano-vfprintf_i.o)
                0x00001ee0                _printf_common
 .text._printf_i
                0x00001fbc      0x244 d:/workspace/tools/gcc_arm_toolchain/5_4-2016q2/bin/../lib/gcc/arm-none-eabi/5.4.1/../../../../arm-none-eabi/lib/armv6-m\libg_nano.a(lib_a-nano-vfprintf_i.o)
                0x00001fbc                _printf_i
 .text._scanf_float
                0x00002200      0x3f0 d:/workspace/tools/gcc_arm_toolchain/5_4-2016q2/bin/../lib/gcc/arm-none-eabi/5.4.1/../../../../arm-none-eabi/lib/armv6-m\libg_nano.a(lib_a-nano-vfscanf_float.o)
                0x00002200                _scanf_float
 .text.nanf     0x000025f0        0x8 d:/workspace/tools/gcc_arm_toolchain/5_4-2016q2/bin/../lib/gcc/arm-none-eabi/5.4.1/../../../../arm-none-eabi/lib/armv6-m\libg_nano.a(lib_a-sf_nan.o)
                0x000025f0                nanf
 .text.sprintf  0x000025f8       0x44 d:/workspace/tools/gcc_arm_toolchain/5_4-2016q2/bin/../lib/gcc/arm-none-eabi/5.4.1/../../../../arm-none-eabi/lib/armv6-m\libg_nano.a(lib_a-sprintf.o)
                0x000025f8                siprintf
                0x000025f8                sprintf
 .text          0x0000263c        0xe d:/workspace/tools/gcc_arm_toolchain/5_4-2016q2/bin/../lib/gcc/arm-none-eabi/5.4.1/../../../../arm-none-eabi/lib/armv6-m\libg_nano.a(lib_a-strlen.o)
                0x0000263c                strlen
 *fill*         0x0000264a        0x2 
 .text.unlikely.sulp
                0x0000264c       0x30 d:/workspace/tools/gcc_arm_toolchain/5_4-2016q2/bin/../lib/gcc/arm-none-eabi/5.4.1/../../../../arm-none-eabi/lib/armv6-m\libg_nano.a(lib_a-strtod.o)
 .text._strtod_r
                0x0000267c      0xc60 d:/workspace/tools/gcc_arm_toolchain/5_4-2016q2/bin/../lib/gcc/arm-none-eabi/5.4.1/../../../../arm-none-eabi/lib/armv6-m\libg_nano.a(lib_a-strtod.o)
                0x0000267c                _strtod_r
 .text._strtol_r
                0x000032dc      0x124 d:/workspace/tools/gcc_arm_toolchain/5_4-2016q2/bin/../lib/gcc/arm-none-eabi/5.4.1/../../../../arm-none-eabi/lib/armv6-m\libg_nano.a(lib_a-strtol.o)
                0x000032dc                _strtol_r
 .text.quorem   0x00003400      0x10c d:/workspace/tools/gcc_arm_toolchain/5_4-2016q2/bin/../lib/gcc/arm-none-eabi/5.4.1/../../../../arm-none-eabi/lib/armv6-m\libg_nano.a(lib_a-dtoa.o)
 .text._dtoa_r  0x0000350c      0xb8c d:/workspace/tools/gcc_arm_toolchain/5_4-2016q2/bin/../lib/gcc/arm-none-eabi/5.4.1/../../../../arm-none-eabi/lib/armv6-m\libg_nano.a(lib_a-dtoa.o)
                0x0000350c                _dtoa_r
 .text.rshift   0x00004098       0x68 d:/workspace/tools/gcc_arm_toolchain/5_4-2016q2/bin/../lib/gcc/arm-none-eabi/5.4.1/../../../../arm-none-eabi/lib/armv6-m\libg_nano.a(lib_a-gdtoa-gethex.o)
 .text.__hexdig_fun
                0x00004100       0x2a d:/workspace/tools/gcc_arm_toolchain/5_4-2016q2/bin/../lib/gcc/arm-none-eabi/5.4.1/../../../../arm-none-eabi/lib/armv6-m\libg_nano.a(lib_a-gdtoa-gethex.o)
                0x00004100                __hexdig_fun
 .text.__gethex
                0x0000412a      0x454 d:/workspace/tools/gcc_arm_toolchain/5_4-2016q2/bin/../lib/gcc/arm-none-eabi/5.4.1/../../../../arm-none-eabi/lib/armv6-m\libg_nano.a(lib_a-gdtoa-gethex.o)
                0x0000412a                __gethex
 .text.L_shift  0x0000457e       0x24 d:/workspace/tools/gcc_arm_toolchain/5_4-2016q2/bin/../lib/gcc/arm-none-eabi/5.4.1/../../../../arm-none-eabi/lib/armv6-m\libg_nano.a(lib_a-gdtoa-hexnan.o)
 .text.__match  0x000045a2       0x28 d:/workspace/tools/gcc_arm_toolchain/5_4-2016q2/bin/../lib/gcc/arm-none-eabi/5.4.1/../../../../arm-none-eabi/lib/armv6-m\libg_nano.a(lib_a-gdtoa-hexnan.o)
                0x000045a2                __match
 .text.__hexnan
                0x000045ca      0x12e d:/workspace/tools/gcc_arm_toolchain/5_4-2016q2/bin/../lib/gcc/arm-none-eabi/5.4.1/../../../../arm-none-eabi/lib/armv6-m\libg_nano.a(lib_a-gdtoa-hexnan.o)
                0x000045ca                __hexnan
 .text._localeconv_r
                0x000046f8        0x8 d:/workspace/tools/gcc_arm_toolchain/5_4-2016q2/bin/../lib/gcc/arm-none-eabi/5.4.1/../../../../arm-none-eabi/lib/armv6-m\libg_nano.a(lib_a-locale.o)
                0x000046f8                _localeconv_r
 .text.malloc   0x00004700       0x14 d:/workspace/tools/gcc_arm_toolchain/5_4-2016q2/bin/../lib/gcc/arm-none-eabi/5.4.1/../../../../arm-none-eabi/lib/armv6-m\libg_nano.a(lib_a-malloc.o)
                0x00004700                malloc
 .text.memchr   0x00004714       0x16 d:/workspace/tools/gcc_arm_toolchain/5_4-2016q2/bin/../lib/gcc/arm-none-eabi/5.4.1/../../../../arm-none-eabi/lib/armv6-m\libg_nano.a(lib_a-memchr-stub.o)
                0x00004714                memchr
 .text._Balloc  0x0000472a       0x70 d:/workspace/tools/gcc_arm_toolchain/5_4-2016q2/bin/../lib/gcc/arm-none-eabi/5.4.1/../../../../arm-none-eabi/lib/armv6-m\libg_nano.a(lib_a-mprec.o)
                0x0000472a                _Balloc
 .text._Bfree   0x0000479a       0x32 d:/workspace/tools/gcc_arm_toolchain/5_4-2016q2/bin/../lib/gcc/arm-none-eabi/5.4.1/../../../../arm-none-eabi/lib/armv6-m\libg_nano.a(lib_a-mprec.o)
                0x0000479a                _Bfree
 .text.__multadd
                0x000047cc       0x7a d:/workspace/tools/gcc_arm_toolchain/5_4-2016q2/bin/../lib/gcc/arm-none-eabi/5.4.1/../../../../arm-none-eabi/lib/armv6-m\libg_nano.a(lib_a-mprec.o)
                0x000047cc                __multadd
 .text.__s2b    0x00004846       0x7c d:/workspace/tools/gcc_arm_toolchain/5_4-2016q2/bin/../lib/gcc/arm-none-eabi/5.4.1/../../../../arm-none-eabi/lib/armv6-m\libg_nano.a(lib_a-mprec.o)
                0x00004846                __s2b
 .text.__hi0bits
                0x000048c2       0x36 d:/workspace/tools/gcc_arm_toolchain/5_4-2016q2/bin/../lib/gcc/arm-none-eabi/5.4.1/../../../../arm-none-eabi/lib/armv6-m\libg_nano.a(lib_a-mprec.o)
                0x000048c2                __hi0bits
 .text.__lo0bits
                0x000048f8       0x5e d:/workspace/tools/gcc_arm_toolchain/5_4-2016q2/bin/../lib/gcc/arm-none-eabi/5.4.1/../../../../arm-none-eabi/lib/armv6-m\libg_nano.a(lib_a-mprec.o)
                0x000048f8                __lo0bits
 .text.__i2b    0x00004956       0x12 d:/workspace/tools/gcc_arm_toolchain/5_4-2016q2/bin/../lib/gcc/arm-none-eabi/5.4.1/../../../../arm-none-eabi/lib/armv6-m\libg_nano.a(lib_a-mprec.o)
                0x00004956                __i2b
 .text.__multiply
                0x00004968      0x112 d:/workspace/tools/gcc_arm_toolchain/5_4-2016q2/bin/../lib/gcc/arm-none-eabi/5.4.1/../../../../arm-none-eabi/lib/armv6-m\libg_nano.a(lib_a-mprec.o)
                0x00004968                __multiply
 *fill*         0x00004a7a        0x2 
 .text.__pow5mult
                0x00004a7c       0xa8 d:/workspace/tools/gcc_arm_toolchain/5_4-2016q2/bin/../lib/gcc/arm-none-eabi/5.4.1/../../../../arm-none-eabi/lib/armv6-m\libg_nano.a(lib_a-mprec.o)
                0x00004a7c                __pow5mult
 .text.__lshift
                0x00004b24       0xa4 d:/workspace/tools/gcc_arm_toolchain/5_4-2016q2/bin/../lib/gcc/arm-none-eabi/5.4.1/../../../../arm-none-eabi/lib/armv6-m\libg_nano.a(lib_a-mprec.o)
                0x00004b24                __lshift
 .text.__mcmp   0x00004bc8       0x36 d:/workspace/tools/gcc_arm_toolchain/5_4-2016q2/bin/../lib/gcc/arm-none-eabi/5.4.1/../../../../arm-none-eabi/lib/armv6-m\libg_nano.a(lib_a-mprec.o)
                0x00004bc8                __mcmp
 .text.__mdiff  0x00004bfe       0xd6 d:/workspace/tools/gcc_arm_toolchain/5_4-2016q2/bin/../lib/gcc/arm-none-eabi/5.4.1/../../../../arm-none-eabi/lib/armv6-m\libg_nano.a(lib_a-mprec.o)
                0x00004bfe                __mdiff
 .text.__ulp    0x00004cd4       0x48 d:/workspace/tools/gcc_arm_toolchain/5_4-2016q2/bin/../lib/gcc/arm-none-eabi/5.4.1/../../../../arm-none-eabi/lib/armv6-m\libg_nano.a(lib_a-mprec.o)
                0x00004cd4                __ulp
 .text.__b2d    0x00004d1c       0x98 d:/workspace/tools/gcc_arm_toolchain/5_4-2016q2/bin/../lib/gcc/arm-none-eabi/5.4.1/../../../../arm-none-eabi/lib/armv6-m\libg_nano.a(lib_a-mprec.o)
                0x00004d1c                __b2d
 .text.__d2b    0x00004db4       0xa8 d:/workspace/tools/gcc_arm_toolchain/5_4-2016q2/bin/../lib/gcc/arm-none-eabi/5.4.1/../../../../arm-none-eabi/lib/armv6-m\libg_nano.a(lib_a-mprec.o)
                0x00004db4                __d2b
 .text.__ratio  0x00004e5c       0x50 d:/workspace/tools/gcc_arm_toolchain/5_4-2016q2/bin/../lib/gcc/arm-none-eabi/5.4.1/../../../../arm-none-eabi/lib/armv6-m\libg_nano.a(lib_a-mprec.o)
                0x00004e5c                __ratio
 .text.__copybits
                0x00004eac       0x2c d:/workspace/tools/gcc_arm_toolchain/5_4-2016q2/bin/../lib/gcc/arm-none-eabi/5.4.1/../../../../arm-none-eabi/lib/armv6-m\libg_nano.a(lib_a-mprec.o)
                0x00004eac                __copybits
 .text.__any_on
                0x00004ed8       0x42 d:/workspace/tools/gcc_arm_toolchain/5_4-2016q2/bin/../lib/gcc/arm-none-eabi/5.4.1/../../../../arm-none-eabi/lib/armv6-m\libg_nano.a(lib_a-mprec.o)
                0x00004ed8                __any_on
 .text._calloc_r
                0x00004f1a       0x1c d:/workspace/tools/gcc_arm_toolchain/5_4-2016q2/bin/../lib/gcc/arm-none-eabi/5.4.1/../../../../arm-none-eabi/lib/armv6-m\libg_nano.a(lib_a-nano-callocr.o)
                0x00004f1a                _calloc_r
 *fill*         0x00004f36        0x2 
 .text._free_r  0x00004f38       0x98 d:/workspace/tools/gcc_arm_toolchain/5_4-2016q2/bin/../lib/gcc/arm-none-eabi/5.4.1/../../../../arm-none-eabi/lib/armv6-m\libg_nano.a(lib_a-nano-freer.o)
                0x00004f38                _free_r
 .text._malloc_r
                0x00004fd0       0xc0 d:/workspace/tools/gcc_arm_toolchain/5_4-2016q2/bin/../lib/gcc/arm-none-eabi/5.4.1/../../../../arm-none-eabi/lib/armv6-m\libg_nano.a(lib_a-nano-mallocr.o)
                0x00004fd0                _malloc_r
 .text.__ssputs_r
                0x00005090       0xc4 d:/workspace/tools/gcc_arm_toolchain/5_4-2016q2/bin/../lib/gcc/arm-none-eabi/5.4.1/../../../../arm-none-eabi/lib/armv6-m\libg_nano.a(lib_a-nano-svfprintf.o)
                0x00005090                __ssputs_r
 .text._svfprintf_r
                0x00005154      0x1fc d:/workspace/tools/gcc_arm_toolchain/5_4-2016q2/bin/../lib/gcc/arm-none-eabi/5.4.1/../../../../arm-none-eabi/lib/armv6-m\libg_nano.a(lib_a-nano-svfprintf.o)
                0x00005154                _svfiprintf_r
                0x00005154                _svfprintf_r
 .text._sbrk_r  0x00005350       0x24 d:/workspace/tools/gcc_arm_toolchain/5_4-2016q2/bin/../lib/gcc/arm-none-eabi/5.4.1/../../../../arm-none-eabi/lib/armv6-m\libg_nano.a(lib_a-sbrkr.o)
                0x00005350                _sbrk_r
 .text.strncmp  0x00005374       0x24 d:/workspace/tools/gcc_arm_toolchain/5_4-2016q2/bin/../lib/gcc/arm-none-eabi/5.4.1/../../../../arm-none-eabi/lib/armv6-m\libg_nano.a(lib_a-strncmp.o)
                0x00005374                strncmp
 .text.memmove  0x00005398       0x2a d:/workspace/tools/gcc_arm_toolchain/5_4-2016q2/bin/../lib/gcc/arm-none-eabi/5.4.1/../../../../arm-none-eabi/lib/armv6-m\libg_nano.a(lib_a-memmove.o)
                0x00005398                memmove
 .text.__malloc_lock
                0x000053c2        0x2 d:/workspace/tools/gcc_arm_toolchain/5_4-2016q2/bin/../lib/gcc/arm-none-eabi/5.4.1/../../../../arm-none-eabi/lib/armv6-m\libg_nano.a(lib_a-mlock.o)
                0x000053c2                __malloc_lock
 .text.__malloc_unlock
                0x000053c4        0x2 d:/workspace/tools/gcc_arm_toolchain/5_4-2016q2/bin/../lib/gcc/arm-none-eabi/5.4.1/../../../../arm-none-eabi/lib/armv6-m\libg_nano.a(lib_a-mlock.o)
                0x000053c4                __malloc_unlock
 .text._realloc_r
                0x000053c6       0x4c d:/workspace/tools/gcc_arm_toolchain/5_4-2016q2/bin/../lib/gcc/arm-none-eabi/5.4.1/../../../../arm-none-eabi/lib/armv6-m\libg_nano.a(lib_a-nano-reallocr.o)
                0x000053c6                _realloc_r
 .text._malloc_usable_size_r
                0x00005412       0x16 d:/workspace/tools/gcc_arm_toolchain/5_4-2016q2/bin/../lib/gcc/arm-none-eabi/5.4.1/../../../../arm-none-eabi/lib/armv6-m\libg_nano.a(lib_a-nano-msizer.o)
                0x00005412                _malloc_usable_size_r
 .text          0x00005428       0x14 d:/workspace/tools/gcc_arm_toolchain/5_4-2016q2/bin/../lib/gcc/arm-none-eabi/5.4.1/armv6-m\libgcc.a(_thumb1_case_uqi.o)
                0x00005428                __gnu_thumb1_case_uqi
 .text          0x0000543c      0x62c d:/workspace/tools/gcc_arm_toolchain/5_4-2016q2/bin/../lib/gcc/arm-none-eabi/5.4.1/armv6-m\libgcc.a(divdf3.o)
                0x0000543c                __aeabi_ddiv
 .text          0x00005a68      0x4f4 d:/workspace/tools/gcc_arm_toolchain/5_4-2016q2/bin/../lib/gcc/arm-none-eabi/5.4.1/armv6-m\libgcc.a(muldf3.o)
                0x00005a68                __aeabi_dmul
 .text          0x00005f5c       0x40 d:/workspace/tools/gcc_arm_toolchain/5_4-2016q2/bin/../lib/gcc/arm-none-eabi/5.4.1/armv6-m\libgcc.a(unorddf2.o)
                0x00005f5c                __aeabi_dcmpun
 .text          0x00005f9c       0x84 d:/workspace/tools/gcc_arm_toolchain/5_4-2016q2/bin/../lib/gcc/arm-none-eabi/5.4.1/armv6-m\libgcc.a(floatsidf.o)
                0x00005f9c                __aeabi_i2d
 .text          0x00006020       0x70 d:/workspace/tools/gcc_arm_toolchain/5_4-2016q2/bin/../lib/gcc/arm-none-eabi/5.4.1/armv6-m\libgcc.a(floatunsidf.o)
                0x00006020                __aeabi_ui2d
 .text          0x00006090      0x118 d:/workspace/tools/gcc_arm_toolchain/5_4-2016q2/bin/../lib/gcc/arm-none-eabi/5.4.1/armv6-m\libgcc.a(truncdfsf2.o)
                0x00006090                __aeabi_d2f
 .text._sbrk    0x000061a8       0x1c d:/workspace/tools/gcc_arm_toolchain/5_4-2016q2/bin/../lib/gcc/arm-none-eabi/5.4.1/../../../../arm-none-eabi/lib/armv6-m\libnosys.a(sbrk.o)
                0x000061a8                _sbrk
 *(.init)
 *(.fini)
 *crtbegin.o(.ctors)
 *crtbegin?.o(.ctors)
 *(EXCLUDE_FILE(*crtend.o *crtend?.o) .ctors)
 *(SORT(.ctors.*))
 *(.ctors)
 *crtbegin.o(.dtors)
 *crtbegin?.o(.dtors)
 *(EXCLUDE_FILE(*crtend.o *crtend?.o) .dtors)
 *(SORT(.dtors.*))
 *(.dtors)
 *(.rodata*)
 .rodata.initSystemClock
                0x000061c4       0x1c ./src/hw/core/crgHandler.o
 .rodata.str1.1
                0x000061e0       0x12 d:/workspace/tools/gcc_arm_toolchain/5_4-2016q2/bin/../lib/gcc/arm-none-eabi/5.4.1/../../../../arm-none-eabi/lib/armv6-m\libg_nano.a(lib_a-nano-vfprintf_float.o)
 .rodata.str1.1
                0x000061f2       0x22 d:/workspace/tools/gcc_arm_toolchain/5_4-2016q2/bin/../lib/gcc/arm-none-eabi/5.4.1/../../../../arm-none-eabi/lib/armv6-m\libg_nano.a(lib_a-nano-vfprintf_i.o)
 .rodata.str1.1
                0x00006214        0x5 d:/workspace/tools/gcc_arm_toolchain/5_4-2016q2/bin/../lib/gcc/arm-none-eabi/5.4.1/../../../../arm-none-eabi/lib/armv6-m\libg_nano.a(lib_a-nano-vfscanf_float.o)
 *fill*         0x00006219        0x3 
 .rodata.fpinan.5401
                0x0000621c       0x14 d:/workspace/tools/gcc_arm_toolchain/5_4-2016q2/bin/../lib/gcc/arm-none-eabi/5.4.1/../../../../arm-none-eabi/lib/armv6-m\libg_nano.a(lib_a-strtod.o)
 .rodata.str1.1
                0x00006230        0x5 d:/workspace/tools/gcc_arm_toolchain/5_4-2016q2/bin/../lib/gcc/arm-none-eabi/5.4.1/../../../../arm-none-eabi/lib/armv6-m\libg_nano.a(lib_a-strtod.o)
                                  0xc (size before relaxing)
 .rodata.fpi.5365
                0x00006230       0x14 d:/workspace/tools/gcc_arm_toolchain/5_4-2016q2/bin/../lib/gcc/arm-none-eabi/5.4.1/../../../../arm-none-eabi/lib/armv6-m\libg_nano.a(lib_a-strtod.o)
 *fill*         0x00006244        0x4 
 .rodata.tinytens
                0x00006248       0x28 d:/workspace/tools/gcc_arm_toolchain/5_4-2016q2/bin/../lib/gcc/arm-none-eabi/5.4.1/../../../../arm-none-eabi/lib/armv6-m\libg_nano.a(lib_a-strtod.o)
 .rodata._ctype_
                0x00006270      0x101 d:/workspace/tools/gcc_arm_toolchain/5_4-2016q2/bin/../lib/gcc/arm-none-eabi/5.4.1/../../../../arm-none-eabi/lib/armv6-m\libg_nano.a(lib_a-ctype_.o)
                0x00006270                _ctype_
 .rodata.str1.1
                0x00006371        0xd d:/workspace/tools/gcc_arm_toolchain/5_4-2016q2/bin/../lib/gcc/arm-none-eabi/5.4.1/../../../../arm-none-eabi/lib/armv6-m\libg_nano.a(lib_a-dtoa.o)
                                  0xf (size before relaxing)
 *fill*         0x0000637e        0x2 
 .rodata.__sf_fake_stdin
                0x00006380       0x20 d:/workspace/tools/gcc_arm_toolchain/5_4-2016q2/bin/../lib/gcc/arm-none-eabi/5.4.1/../../../../arm-none-eabi/lib/armv6-m\libg_nano.a(lib_a-findfp.o)
                0x00006380                __sf_fake_stdin
 .rodata.__sf_fake_stdout
                0x000063a0       0x20 d:/workspace/tools/gcc_arm_toolchain/5_4-2016q2/bin/../lib/gcc/arm-none-eabi/5.4.1/../../../../arm-none-eabi/lib/armv6-m\libg_nano.a(lib_a-findfp.o)
                0x000063a0                __sf_fake_stdout
 .rodata.__sf_fake_stderr
                0x000063c0       0x20 d:/workspace/tools/gcc_arm_toolchain/5_4-2016q2/bin/../lib/gcc/arm-none-eabi/5.4.1/../../../../arm-none-eabi/lib/armv6-m\libg_nano.a(lib_a-findfp.o)
                0x000063c0                __sf_fake_stderr
 .rodata.str1.1
                0x000063e0        0x2 d:/workspace/tools/gcc_arm_toolchain/5_4-2016q2/bin/../lib/gcc/arm-none-eabi/5.4.1/../../../../arm-none-eabi/lib/armv6-m\libg_nano.a(lib_a-impure.o)
 .rodata.str1.1
                0x000063e2        0x8 d:/workspace/tools/gcc_arm_toolchain/5_4-2016q2/bin/../lib/gcc/arm-none-eabi/5.4.1/../../../../arm-none-eabi/lib/armv6-m\libg_nano.a(lib_a-locale.o)
                                  0xb (size before relaxing)
 *fill*         0x000063ea        0x6 
 .rodata.__mprec_tens
                0x000063f0       0xc8 d:/workspace/tools/gcc_arm_toolchain/5_4-2016q2/bin/../lib/gcc/arm-none-eabi/5.4.1/../../../../arm-none-eabi/lib/armv6-m\libg_nano.a(lib_a-mprec.o)
                0x000063f0                __mprec_tens
 .rodata.p05.5408
                0x000064b8        0xc d:/workspace/tools/gcc_arm_toolchain/5_4-2016q2/bin/../lib/gcc/arm-none-eabi/5.4.1/../../../../arm-none-eabi/lib/armv6-m\libg_nano.a(lib_a-mprec.o)
 *fill*         0x000064c4        0x4 
 .rodata.__mprec_bigtens
                0x000064c8       0x28 d:/workspace/tools/gcc_arm_toolchain/5_4-2016q2/bin/../lib/gcc/arm-none-eabi/5.4.1/../../../../arm-none-eabi/lib/armv6-m\libg_nano.a(lib_a-mprec.o)
                0x000064c8                __mprec_bigtens
 .rodata.str1.1
                0x000064f0       0x11 d:/workspace/tools/gcc_arm_toolchain/5_4-2016q2/bin/../lib/gcc/arm-none-eabi/5.4.1/../../../../arm-none-eabi/lib/armv6-m\libg_nano.a(lib_a-nano-svfprintf.o)
 *fill*         0x00006501        0x3 
 .rodata        0x00006504       0x40 d:/workspace/tools/gcc_arm_toolchain/5_4-2016q2/bin/../lib/gcc/arm-none-eabi/5.4.1/armv6-m\libgcc.a(divdf3.o)
 .rodata        0x00006544       0x40 d:/workspace/tools/gcc_arm_toolchain/5_4-2016q2/bin/../lib/gcc/arm-none-eabi/5.4.1/armv6-m\libgcc.a(muldf3.o)
 *(.eh_frame*)

.glue_7         0x00006584        0x0
 .glue_7        0x00006584        0x0 linker stubs

.glue_7t        0x00006584        0x0
 .glue_7t       0x00006584        0x0 linker stubs

.vfp11_veneer   0x00006584        0x0
 .vfp11_veneer  0x00006584        0x0 linker stubs

.v4_bx          0x00006584        0x0
 .v4_bx         0x00006584        0x0 linker stubs

.iplt           0x00006584        0x0
 .iplt          0x00006584        0x0 ./src/testSuite/uart/uartTest.o

.rel.dyn        0x00006584        0x0
 .rel.iplt      0x00006584        0x0 ./src/testSuite/uart/uartTest.o

.ARM.extab
 *(.ARM.extab* .gnu.linkonce.armextab.*)
                0x00006584                __exidx_start = .

.ARM.exidx
 *(.ARM.exidx* .gnu.linkonce.armexidx.*)
                0x00006584                __exidx_end = .
                0x00006584                __etext = .

.data           0x20000000       0xa4 load address 0x00006584
                0x20000000                __data_start__ = .
 *(vtable)
 *(.data*)
 .data.ex_uart_rx_sz
                0x20000000        0x2 ./src/hw/core/ex_uartHandler.o
                0x20000000                ex_uart_rx_sz
 .data.uart1_rx_sz
                0x20000002        0x2 ./src/hw/core/uartHandler.o
                0x20000002                uart1_rx_sz
 .data.__ctype_ptr__
                0x20000004        0x4 d:/workspace/tools/gcc_arm_toolchain/5_4-2016q2/bin/../lib/gcc/arm-none-eabi/5.4.1/../../../../arm-none-eabi/lib/armv6-m\libg_nano.a(lib_a-ctype_.o)
                0x20000004                __ctype_ptr__
 .data.impure_data
                0x20000008       0x60 d:/workspace/tools/gcc_arm_toolchain/5_4-2016q2/bin/../lib/gcc/arm-none-eabi/5.4.1/../../../../arm-none-eabi/lib/armv6-m\libg_nano.a(lib_a-impure.o)
 .data._impure_ptr
                0x20000068        0x4 d:/workspace/tools/gcc_arm_toolchain/5_4-2016q2/bin/../lib/gcc/arm-none-eabi/5.4.1/../../../../arm-none-eabi/lib/armv6-m\libg_nano.a(lib_a-impure.o)
                0x20000068                _impure_ptr
 .data.lconv    0x2000006c       0x38 d:/workspace/tools/gcc_arm_toolchain/5_4-2016q2/bin/../lib/gcc/arm-none-eabi/5.4.1/../../../../arm-none-eabi/lib/armv6-m\libg_nano.a(lib_a-locale.o)
                0x200000a4                . = ALIGN (0x4)
                [!provide]                PROVIDE (__preinit_array_start, .)
 *(.preinit_array)
                [!provide]                PROVIDE (__preinit_array_end, .)
                0x200000a4                . = ALIGN (0x4)
                [!provide]                PROVIDE (__init_array_start, .)
 *(SORT(.init_array.*))
 *(.init_array)
                [!provide]                PROVIDE (__init_array_end, .)
                0x200000a4                . = ALIGN (0x4)
                [!provide]                PROVIDE (__fini_array_start, .)
 *(SORT(.fini_array.*))
 *(.fini_array)
                [!provide]                PROVIDE (__fini_array_end, .)
 *(.jcr*)
                0x200000a4                . = ALIGN (0x4)
                0x200000a4                __data_end__ = .

.igot.plt       0x200000a4        0x0 load address 0x00006628
 .igot.plt      0x200000a4        0x0 ./src/testSuite/uart/uartTest.o

.bss            0x200000a4      0x86c load address 0x00006628
                0x200000a4                . = ALIGN (0x4)
                0x200000a4                __bss_start__ = .
 *(.bss*)
 .bss.ex_uart_rx_wr
                0x200000a4        0x2 ./src/hw/core/ex_uartHandler.o
                0x200000a4                ex_uart_rx_wr
 .bss.ex_uart_rx_rd
                0x200000a6        0x2 ./src/hw/core/ex_uartHandler.o
                0x200000a6                ex_uart_rx_rd
 .bss.msec_cnt  0x200000a8        0x2 ./src/hw/core/timerHandler.o
 *fill*         0x200000aa        0x2 
 .bss.hour_cnt  0x200000ac        0x4 ./src/hw/core/timerHandler.o
 .bss.min_cnt   0x200000b0        0x1 ./src/hw/core/timerHandler.o
 .bss.sec_cnt   0x200000b1        0x1 ./src/hw/core/timerHandler.o
 .bss.uart1_rx_wr
                0x200000b2        0x2 ./src/hw/core/uartHandler.o
                0x200000b2                uart1_rx_wr
 .bss.uart1_rx_rd
                0x200000b4        0x2 ./src/hw/core/uartHandler.o
                0x200000b4                uart1_rx_rd
 *fill*         0x200000b6        0x2 
 .bss.TimingDelay
                0x200000b8        0x4 ./src/main.o
 .bss.SystemFrequency
                0x200000bc        0x4 ./lib/CMSIS/Device/WIZnet/W7500/Source/system_W7500x.o
                0x200000bc                SystemFrequency
 .bss.SourceFrequency
                0x200000c0        0x4 ./lib/CMSIS/Device/WIZnet/W7500/Source/system_W7500x.o
                0x200000c0                SourceFrequency
 .bss.__malloc_sbrk_start
                0x200000c4        0x4 d:/workspace/tools/gcc_arm_toolchain/5_4-2016q2/bin/../lib/gcc/arm-none-eabi/5.4.1/../../../../arm-none-eabi/lib/armv6-m\libg_nano.a(lib_a-nano-mallocr.o)
                0x200000c4                __malloc_sbrk_start
 .bss.__malloc_free_list
                0x200000c8        0x4 d:/workspace/tools/gcc_arm_toolchain/5_4-2016q2/bin/../lib/gcc/arm-none-eabi/5.4.1/../../../../arm-none-eabi/lib/armv6-m\libg_nano.a(lib_a-nano-mallocr.o)
                0x200000c8                __malloc_free_list
 .bss.heap_end.4167
                0x200000cc        0x4 d:/workspace/tools/gcc_arm_toolchain/5_4-2016q2/bin/../lib/gcc/arm-none-eabi/5.4.1/../../../../arm-none-eabi/lib/armv6-m\libnosys.a(sbrk.o)
 *(COMMON)
 COMMON         0x200000d0      0x404 ./src/hw/core/ex_uartHandler.o
                0x200000d0                flag_ex_uart_ringbuf_full
                0x200000d4                ex_uart_rx_buf
 COMMON         0x200004d4      0x436 ./src/hw/core/uartHandler.o
                0x200004d4                flag_uart_ringbuf_full
                0x200004d8                UartStructure
                0x20000508                uart1_rx_buf
                0x20000908                uart_timer_ms
 *fill*         0x2000090a        0x2 
 COMMON         0x2000090c        0x4 d:/workspace/tools/gcc_arm_toolchain/5_4-2016q2/bin/../lib/gcc/arm-none-eabi/5.4.1/../../../../arm-none-eabi/lib/armv6-m\libg_nano.a(lib_a-reent.o)
                0x2000090c                errno
                0x20000910                . = ALIGN (0x4)
                0x20000910                __bss_end__ = .

.heap           0x20000910        0x0
                0x20000910                __end__ = .
                0x20000910                end = __end__
 *(.heap*)
 .heap          0x20000910        0x0 ./lib/CMSIS/Device/WIZnet/W7500/Source/GCC/startup_W7500.o
                0x20000910                __HeapLimit = .

.stack_dummy    0x20000910      0x200
 *(.stack*)
 .stack         0x20000910      0x200 ./lib/CMSIS/Device/WIZnet/W7500/Source/GCC/startup_W7500.o
                0x20003fc0                __StackTop = (ORIGIN (RAM) + LENGTH (RAM))
                0x20003dc0                __StackLimit = (__StackTop - SIZEOF (.stack_dummy))
                [!provide]                PROVIDE (__stack, __StackTop)
                0x00000001                ASSERT ((__StackLimit >= __HeapLimit), region RAM overflowed with stack)
OUTPUT(W7500x_Platform_FW.elf elf32-littlearm)

.debug_info     0x00000000     0x3eb9
 .debug_info    0x00000000      0x539 ./src/hw/core/crgHandler.o
 .debug_info    0x00000539      0x680 ./src/hw/core/ex_uartHandler.o
 .debug_info    0x00000bb9      0x664 ./src/hw/core/timerHandler.o
 .debug_info    0x0000121d      0xf81 ./src/hw/core/uartHandler.o
 .debug_info    0x0000219e      0x303 ./src/hw/W7500x_it.o
 .debug_info    0x000024a1      0x1b0 ./src/main.o
 .debug_info    0x00002651      0x50d ./lib/W7500x_stdPeriph_Driver/src/W7500x_dualtimer.o
 .debug_info    0x00002b5e      0xd36 ./lib/W7500x_stdPeriph_Driver/src/W7500x_uart.o
 .debug_info    0x00003894       0xcf ./lib/CMSIS/Device/WIZnet/W7500/Source/GCC/startup_W7500.o
 .debug_info    0x00003963      0x556 ./lib/CMSIS/Device/WIZnet/W7500/Source/system_W7500x.o

.debug_abbrev   0x00000000     0x1018
 .debug_abbrev  0x00000000      0x1b5 ./src/hw/core/crgHandler.o
 .debug_abbrev  0x000001b5      0x230 ./src/hw/core/ex_uartHandler.o
 .debug_abbrev  0x000003e5      0x21a ./src/hw/core/timerHandler.o
 .debug_abbrev  0x000005ff      0x341 ./src/hw/core/uartHandler.o
 .debug_abbrev  0x00000940       0x91 ./src/hw/W7500x_it.o
 .debug_abbrev  0x000009d1       0xfd ./src/main.o
 .debug_abbrev  0x00000ace      0x17f ./lib/W7500x_stdPeriph_Driver/src/W7500x_dualtimer.o
 .debug_abbrev  0x00000c4d      0x28b ./lib/W7500x_stdPeriph_Driver/src/W7500x_uart.o
 .debug_abbrev  0x00000ed8       0x14 ./lib/CMSIS/Device/WIZnet/W7500/Source/GCC/startup_W7500.o
 .debug_abbrev  0x00000eec      0x12c ./lib/CMSIS/Device/WIZnet/W7500/Source/system_W7500x.o

.debug_loc      0x00000000     0x1ae9
 .debug_loc     0x00000000      0x218 ./src/hw/core/crgHandler.o
 .debug_loc     0x00000218      0x251 ./src/hw/core/ex_uartHandler.o
 .debug_loc     0x00000469       0xd6 ./src/hw/core/timerHandler.o
 .debug_loc     0x0000053f      0xb7e ./src/hw/core/uartHandler.o
 .debug_loc     0x000010bd      0x1b6 ./lib/W7500x_stdPeriph_Driver/src/W7500x_dualtimer.o
 .debug_loc     0x00001273      0x671 ./lib/W7500x_stdPeriph_Driver/src/W7500x_uart.o
 .debug_loc     0x000018e4      0x205 ./lib/CMSIS/Device/WIZnet/W7500/Source/system_W7500x.o

.debug_aranges  0x00000000      0x4a8
 .debug_aranges
                0x00000000       0x28 ./src/hw/core/crgHandler.o
 .debug_aranges
                0x00000028       0x40 ./src/hw/core/ex_uartHandler.o
 .debug_aranges
                0x00000068       0x48 ./src/hw/core/timerHandler.o
 .debug_aranges
                0x000000b0       0x90 ./src/hw/core/uartHandler.o
 .debug_aranges
                0x00000140      0x108 ./src/hw/W7500x_it.o
 .debug_aranges
                0x00000248       0x30 ./src/main.o
 .debug_aranges
                0x00000278       0xb0 ./lib/W7500x_stdPeriph_Driver/src/W7500x_dualtimer.o
 .debug_aranges
                0x00000328      0x118 ./lib/W7500x_stdPeriph_Driver/src/W7500x_uart.o
 .debug_aranges
                0x00000440       0x20 ./lib/CMSIS/Device/WIZnet/W7500/Source/GCC/startup_W7500.o
 .debug_aranges
                0x00000460       0x48 ./lib/CMSIS/Device/WIZnet/W7500/Source/system_W7500x.o

.debug_ranges   0x00000000      0x3f8
 .debug_ranges  0x00000000       0x18 ./src/hw/core/crgHandler.o
 .debug_ranges  0x00000018       0x30 ./src/hw/core/ex_uartHandler.o
 .debug_ranges  0x00000048       0x38 ./src/hw/core/timerHandler.o
 .debug_ranges  0x00000080       0x80 ./src/hw/core/uartHandler.o
 .debug_ranges  0x00000100       0xf8 ./src/hw/W7500x_it.o
 .debug_ranges  0x000001f8       0x20 ./src/main.o
 .debug_ranges  0x00000218       0xa0 ./lib/W7500x_stdPeriph_Driver/src/W7500x_dualtimer.o
 .debug_ranges  0x000002b8      0x108 ./lib/W7500x_stdPeriph_Driver/src/W7500x_uart.o
 .debug_ranges  0x000003c0       0x38 ./lib/CMSIS/Device/WIZnet/W7500/Source/system_W7500x.o

.debug_macro    0x00000000     0x1866
 .debug_macro   0x00000000      0x278 ./src/hw/core/crgHandler.o
 .debug_macro   0x00000278      0x323 ./src/hw/core/ex_uartHandler.o
 .debug_macro   0x0000059b      0x22d ./src/hw/core/ex_uartHandler.o
 .debug_macro   0x000007c8       0xb9 ./src/hw/core/ex_uartHandler.o
 .debug_macro   0x00000881      0x27d ./src/hw/core/timerHandler.o
 .debug_macro   0x00000afe       0x34 ./src/hw/core/timerHandler.o
 .debug_macro   0x00000b32      0x323 ./src/hw/core/uartHandler.o
 .debug_macro   0x00000e55      0x233 ./src/hw/core/uartHandler.o
 .debug_macro   0x00001088      0x26e ./src/hw/W7500x_it.o
 .debug_macro   0x000012f6      0x360 ./src/main.o
 .debug_macro   0x00001656       0xb5 ./lib/W7500x_stdPeriph_Driver/src/W7500x_dualtimer.o
 .debug_macro   0x0000170b       0xb5 ./lib/W7500x_stdPeriph_Driver/src/W7500x_uart.o
 .debug_macro   0x000017c0       0xa6 ./lib/CMSIS/Device/WIZnet/W7500/Source/system_W7500x.o

.debug_line     0x00000000     0x3cc7
 .debug_line    0x00000000      0x63c ./src/hw/core/crgHandler.o
 .debug_line    0x0000063c      0x730 ./src/hw/core/ex_uartHandler.o
 .debug_line    0x00000d6c      0x69c ./src/hw/core/timerHandler.o
 .debug_line    0x00001408      0x902 ./src/hw/core/uartHandler.o
 .debug_line    0x00001d0a      0x7f4 ./src/hw/W7500x_it.o
 .debug_line    0x000024fe      0x8b5 ./src/main.o
 .debug_line    0x00002db3      0x4d5 ./lib/W7500x_stdPeriph_Driver/src/W7500x_dualtimer.o
 .debug_line    0x00003288      0x5ef ./lib/W7500x_stdPeriph_Driver/src/W7500x_uart.o
 .debug_line    0x00003877       0xcc ./lib/CMSIS/Device/WIZnet/W7500/Source/GCC/startup_W7500.o
 .debug_line    0x00003943      0x384 ./lib/CMSIS/Device/WIZnet/W7500/Source/system_W7500x.o

.debug_str      0x00000000     0xf119
 .debug_str     0x00000000     0xb3d5 ./src/hw/core/crgHandler.o
                               0xb621 (size before relaxing)
 .debug_str     0x0000b3d5     0x2a52 ./src/hw/core/ex_uartHandler.o
                               0xdeba (size before relaxing)
 .debug_str     0x0000de27      0x3de ./src/hw/core/timerHandler.o
                               0xb899 (size before relaxing)
 .debug_str     0x0000e205      0x49f ./src/hw/core/uartHandler.o
                               0xe2dc (size before relaxing)
 .debug_str     0x0000e6a4      0x1f7 ./src/hw/W7500x_it.o
                               0xb462 (size before relaxing)
 .debug_str     0x0000e89b      0x11b ./src/main.o
                               0xc5c2 (size before relaxing)
 .debug_str     0x0000e9b6      0x1c9 ./lib/W7500x_stdPeriph_Driver/src/W7500x_dualtimer.o
                               0x760d (size before relaxing)
 .debug_str     0x0000eb7f      0x4b6 ./lib/W7500x_stdPeriph_Driver/src/W7500x_uart.o
                               0x8f57 (size before relaxing)
 .debug_str     0x0000f035       0xe4 ./lib/CMSIS/Device/WIZnet/W7500/Source/system_W7500x.o
                               0x752c (size before relaxing)

.comment        0x00000000       0x6e
 .comment       0x00000000       0x6e ./src/hw/core/crgHandler.o
                                 0x6f (size before relaxing)
 .comment       0x0000006e       0x6f ./src/hw/core/ex_uartHandler.o
 .comment       0x0000006e       0x6f ./src/hw/core/timerHandler.o
 .comment       0x0000006e       0x6f ./src/hw/core/uartHandler.o
 .comment       0x0000006e       0x6f ./src/hw/W7500x_it.o
 .comment       0x0000006e       0x6f ./src/main.o
 .comment       0x0000006e       0x6f ./lib/W7500x_stdPeriph_Driver/src/W7500x_dualtimer.o
 .comment       0x0000006e       0x6f ./lib/W7500x_stdPeriph_Driver/src/W7500x_uart.o
 .comment       0x0000006e       0x6f ./lib/CMSIS/Device/WIZnet/W7500/Source/system_W7500x.o

.ARM.attributes
                0x00000000       0x2f
 .ARM.attributes
                0x00000000       0x31 ./src/hw/core/crgHandler.o
 .ARM.attributes
                0x00000031       0x31 ./src/hw/core/ex_uartHandler.o
 .ARM.attributes
                0x00000062       0x31 ./src/hw/core/timerHandler.o
 .ARM.attributes
                0x00000093       0x31 ./src/hw/core/uartHandler.o
 .ARM.attributes
                0x000000c4       0x31 ./src/hw/W7500x_it.o
 .ARM.attributes
                0x000000f5       0x31 ./src/main.o
 .ARM.attributes
                0x00000126       0x31 ./lib/W7500x_stdPeriph_Driver/src/W7500x_dualtimer.o
 .ARM.attributes
                0x00000157       0x31 ./lib/W7500x_stdPeriph_Driver/src/W7500x_uart.o
 .ARM.attributes
                0x00000188       0x1b ./lib/CMSIS/Device/WIZnet/W7500/Source/GCC/startup_W7500.o
 .ARM.attributes
                0x000001a3       0x31 ./lib/CMSIS/Device/WIZnet/W7500/Source/system_W7500x.o
 .ARM.attributes
                0x000001d4       0x1e d:/workspace/tools/gcc_arm_toolchain/5_4-2016q2/bin/../lib/gcc/arm-none-eabi/5.4.1/armv6-m\libgcc.a(_udivsi3.o)
 .ARM.attributes
                0x000001f2       0x1e d:/workspace/tools/gcc_arm_toolchain/5_4-2016q2/bin/../lib/gcc/arm-none-eabi/5.4.1/armv6-m\libgcc.a(_divsi3.o)
 .ARM.attributes
                0x00000210       0x1e d:/workspace/tools/gcc_arm_toolchain/5_4-2016q2/bin/../lib/gcc/arm-none-eabi/5.4.1/armv6-m\libgcc.a(_dvmd_tls.o)
 .ARM.attributes
                0x0000022e       0x2c d:/workspace/tools/gcc_arm_toolchain/5_4-2016q2/bin/../lib/gcc/arm-none-eabi/5.4.1/armv6-m\libgcc.a(_fixunsdfsi.o)
 .ARM.attributes
                0x0000025a       0x2c d:/workspace/tools/gcc_arm_toolchain/5_4-2016q2/bin/../lib/gcc/arm-none-eabi/5.4.1/armv6-m\libgcc.a(adddf3.o)
 .ARM.attributes
                0x00000286       0x2c d:/workspace/tools/gcc_arm_toolchain/5_4-2016q2/bin/../lib/gcc/arm-none-eabi/5.4.1/armv6-m\libgcc.a(subdf3.o)
 .ARM.attributes
                0x000002b2       0x2c d:/workspace/tools/gcc_arm_toolchain/5_4-2016q2/bin/../lib/gcc/arm-none-eabi/5.4.1/armv6-m\libgcc.a(fixdfsi.o)
 .ARM.attributes
                0x000002de       0x1e d:/workspace/tools/gcc_arm_toolchain/5_4-2016q2/bin/../lib/gcc/arm-none-eabi/5.4.1/armv6-m\libgcc.a(_arm_cmpdf2.o)
 .ARM.attributes
                0x000002fc       0x1e d:/workspace/tools/gcc_arm_toolchain/5_4-2016q2/bin/../lib/gcc/arm-none-eabi/5.4.1/armv6-m\libgcc.a(_clzsi2.o)
 .ARM.attributes
                0x0000031a       0x2c d:/workspace/tools/gcc_arm_toolchain/5_4-2016q2/bin/../lib/gcc/arm-none-eabi/5.4.1/armv6-m\libgcc.a(eqdf2.o)
 .ARM.attributes
                0x00000346       0x2c d:/workspace/tools/gcc_arm_toolchain/5_4-2016q2/bin/../lib/gcc/arm-none-eabi/5.4.1/armv6-m\libgcc.a(gedf2.o)
 .ARM.attributes
                0x00000372       0x2c d:/workspace/tools/gcc_arm_toolchain/5_4-2016q2/bin/../lib/gcc/arm-none-eabi/5.4.1/armv6-m\libgcc.a(ledf2.o)
 .ARM.attributes
                0x0000039e       0x2c d:/workspace/tools/gcc_arm_toolchain/5_4-2016q2/bin/../lib/gcc/arm-none-eabi/5.4.1/../../../../arm-none-eabi/lib/armv6-m\libg_nano.a(lib_a-memcpy-stub.o)
 .ARM.attributes
                0x000003ca       0x2c d:/workspace/tools/gcc_arm_toolchain/5_4-2016q2/bin/../lib/gcc/arm-none-eabi/5.4.1/../../../../arm-none-eabi/lib/armv6-m\libg_nano.a(lib_a-memset.o)
 .ARM.attributes
                0x000003f6       0x2c d:/workspace/tools/gcc_arm_toolchain/5_4-2016q2/bin/../lib/gcc/arm-none-eabi/5.4.1/../../../../arm-none-eabi/lib/armv6-m\libg_nano.a(lib_a-nano-vfprintf_float.o)
 .ARM.attributes
                0x00000422       0x2c d:/workspace/tools/gcc_arm_toolchain/5_4-2016q2/bin/../lib/gcc/arm-none-eabi/5.4.1/../../../../arm-none-eabi/lib/armv6-m\libg_nano.a(lib_a-nano-vfprintf_i.o)
 .ARM.attributes
                0x0000044e       0x2c d:/workspace/tools/gcc_arm_toolchain/5_4-2016q2/bin/../lib/gcc/arm-none-eabi/5.4.1/../../../../arm-none-eabi/lib/armv6-m\libg_nano.a(lib_a-nano-vfscanf_float.o)
 .ARM.attributes
                0x0000047a       0x2c d:/workspace/tools/gcc_arm_toolchain/5_4-2016q2/bin/../lib/gcc/arm-none-eabi/5.4.1/../../../../arm-none-eabi/lib/armv6-m\libg_nano.a(lib_a-sf_nan.o)
 .ARM.attributes
                0x000004a6       0x2c d:/workspace/tools/gcc_arm_toolchain/5_4-2016q2/bin/../lib/gcc/arm-none-eabi/5.4.1/../../../../arm-none-eabi/lib/armv6-m\libg_nano.a(lib_a-sprintf.o)
 .ARM.attributes
                0x000004d2       0x1c d:/workspace/tools/gcc_arm_toolchain/5_4-2016q2/bin/../lib/gcc/arm-none-eabi/5.4.1/../../../../arm-none-eabi/lib/armv6-m\libg_nano.a(lib_a-strlen.o)
 .ARM.attributes
                0x000004ee       0x2c d:/workspace/tools/gcc_arm_toolchain/5_4-2016q2/bin/../lib/gcc/arm-none-eabi/5.4.1/../../../../arm-none-eabi/lib/armv6-m\libg_nano.a(lib_a-strtod.o)
 .ARM.attributes
                0x0000051a       0x2c d:/workspace/tools/gcc_arm_toolchain/5_4-2016q2/bin/../lib/gcc/arm-none-eabi/5.4.1/../../../../arm-none-eabi/lib/armv6-m\libg_nano.a(lib_a-strtol.o)
 .ARM.attributes
                0x00000546       0x2c d:/workspace/tools/gcc_arm_toolchain/5_4-2016q2/bin/../lib/gcc/arm-none-eabi/5.4.1/../../../../arm-none-eabi/lib/armv6-m\libg_nano.a(lib_a-ctype_.o)
 .ARM.attributes
                0x00000572       0x2c d:/workspace/tools/gcc_arm_toolchain/5_4-2016q2/bin/../lib/gcc/arm-none-eabi/5.4.1/../../../../arm-none-eabi/lib/armv6-m\libg_nano.a(lib_a-dtoa.o)
 .ARM.attributes
                0x0000059e       0x2c d:/workspace/tools/gcc_arm_toolchain/5_4-2016q2/bin/../lib/gcc/arm-none-eabi/5.4.1/../../../../arm-none-eabi/lib/armv6-m\libg_nano.a(lib_a-findfp.o)
 .ARM.attributes
                0x000005ca       0x2c d:/workspace/tools/gcc_arm_toolchain/5_4-2016q2/bin/../lib/gcc/arm-none-eabi/5.4.1/../../../../arm-none-eabi/lib/armv6-m\libg_nano.a(lib_a-gdtoa-gethex.o)
 .ARM.attributes
                0x000005f6       0x2c d:/workspace/tools/gcc_arm_toolchain/5_4-2016q2/bin/../lib/gcc/arm-none-eabi/5.4.1/../../../../arm-none-eabi/lib/armv6-m\libg_nano.a(lib_a-gdtoa-hexnan.o)
 .ARM.attributes
                0x00000622       0x2c d:/workspace/tools/gcc_arm_toolchain/5_4-2016q2/bin/../lib/gcc/arm-none-eabi/5.4.1/../../../../arm-none-eabi/lib/armv6-m\libg_nano.a(lib_a-impure.o)
 .ARM.attributes
                0x0000064e       0x2c d:/workspace/tools/gcc_arm_toolchain/5_4-2016q2/bin/../lib/gcc/arm-none-eabi/5.4.1/../../../../arm-none-eabi/lib/armv6-m\libg_nano.a(lib_a-locale.o)
 .ARM.attributes
                0x0000067a       0x2c d:/workspace/tools/gcc_arm_toolchain/5_4-2016q2/bin/../lib/gcc/arm-none-eabi/5.4.1/../../../../arm-none-eabi/lib/armv6-m\libg_nano.a(lib_a-malloc.o)
 .ARM.attributes
                0x000006a6       0x2c d:/workspace/tools/gcc_arm_toolchain/5_4-2016q2/bin/../lib/gcc/arm-none-eabi/5.4.1/../../../../arm-none-eabi/lib/armv6-m\libg_nano.a(lib_a-memchr-stub.o)
 .ARM.attributes
                0x000006d2       0x2c d:/workspace/tools/gcc_arm_toolchain/5_4-2016q2/bin/../lib/gcc/arm-none-eabi/5.4.1/../../../../arm-none-eabi/lib/armv6-m\libg_nano.a(lib_a-mprec.o)
 .ARM.attributes
                0x000006fe       0x2c d:/workspace/tools/gcc_arm_toolchain/5_4-2016q2/bin/../lib/gcc/arm-none-eabi/5.4.1/../../../../arm-none-eabi/lib/armv6-m\libg_nano.a(lib_a-nano-callocr.o)
 .ARM.attributes
                0x0000072a       0x2c d:/workspace/tools/gcc_arm_toolchain/5_4-2016q2/bin/../lib/gcc/arm-none-eabi/5.4.1/../../../../arm-none-eabi/lib/armv6-m\libg_nano.a(lib_a-nano-freer.o)
 .ARM.attributes
                0x00000756       0x2c d:/workspace/tools/gcc_arm_toolchain/5_4-2016q2/bin/../lib/gcc/arm-none-eabi/5.4.1/../../../../arm-none-eabi/lib/armv6-m\libg_nano.a(lib_a-nano-mallocr.o)
 .ARM.attributes
                0x00000782       0x2c d:/workspace/tools/gcc_arm_toolchain/5_4-2016q2/bin/../lib/gcc/arm-none-eabi/5.4.1/../../../../arm-none-eabi/lib/armv6-m\libg_nano.a(lib_a-nano-svfprintf.o)
 .ARM.attributes
                0x000007ae       0x2c d:/workspace/tools/gcc_arm_toolchain/5_4-2016q2/bin/../lib/gcc/arm-none-eabi/5.4.1/../../../../arm-none-eabi/lib/armv6-m\libg_nano.a(lib_a-sbrkr.o)
 .ARM.attributes
                0x000007da       0x2c d:/workspace/tools/gcc_arm_toolchain/5_4-2016q2/bin/../lib/gcc/arm-none-eabi/5.4.1/../../../../arm-none-eabi/lib/armv6-m\libg_nano.a(lib_a-strncmp.o)
 .ARM.attributes
                0x00000806       0x2c d:/workspace/tools/gcc_arm_toolchain/5_4-2016q2/bin/../lib/gcc/arm-none-eabi/5.4.1/../../../../arm-none-eabi/lib/armv6-m\libg_nano.a(lib_a-memmove.o)
 .ARM.attributes
                0x00000832       0x2c d:/workspace/tools/gcc_arm_toolchain/5_4-2016q2/bin/../lib/gcc/arm-none-eabi/5.4.1/../../../../arm-none-eabi/lib/armv6-m\libg_nano.a(lib_a-mlock.o)
 .ARM.attributes
                0x0000085e       0x2c d:/workspace/tools/gcc_arm_toolchain/5_4-2016q2/bin/../lib/gcc/arm-none-eabi/5.4.1/../../../../arm-none-eabi/lib/armv6-m\libg_nano.a(lib_a-nano-reallocr.o)
 .ARM.attributes
                0x0000088a       0x2c d:/workspace/tools/gcc_arm_toolchain/5_4-2016q2/bin/../lib/gcc/arm-none-eabi/5.4.1/../../../../arm-none-eabi/lib/armv6-m\libg_nano.a(lib_a-reent.o)
 .ARM.attributes
                0x000008b6       0x2c d:/workspace/tools/gcc_arm_toolchain/5_4-2016q2/bin/../lib/gcc/arm-none-eabi/5.4.1/../../../../arm-none-eabi/lib/armv6-m\libg_nano.a(lib_a-nano-msizer.o)
 .ARM.attributes
                0x000008e2       0x1e d:/workspace/tools/gcc_arm_toolchain/5_4-2016q2/bin/../lib/gcc/arm-none-eabi/5.4.1/armv6-m\libgcc.a(_thumb1_case_uqi.o)
 .ARM.attributes
                0x00000900       0x2c d:/workspace/tools/gcc_arm_toolchain/5_4-2016q2/bin/../lib/gcc/arm-none-eabi/5.4.1/armv6-m\libgcc.a(divdf3.o)
 .ARM.attributes
                0x0000092c       0x2c d:/workspace/tools/gcc_arm_toolchain/5_4-2016q2/bin/../lib/gcc/arm-none-eabi/5.4.1/armv6-m\libgcc.a(muldf3.o)
 .ARM.attributes
                0x00000958       0x2c d:/workspace/tools/gcc_arm_toolchain/5_4-2016q2/bin/../lib/gcc/arm-none-eabi/5.4.1/armv6-m\libgcc.a(unorddf2.o)
 .ARM.attributes
                0x00000984       0x2c d:/workspace/tools/gcc_arm_toolchain/5_4-2016q2/bin/../lib/gcc/arm-none-eabi/5.4.1/armv6-m\libgcc.a(floatsidf.o)
 .ARM.attributes
                0x000009b0       0x2c d:/workspace/tools/gcc_arm_toolchain/5_4-2016q2/bin/../lib/gcc/arm-none-eabi/5.4.1/armv6-m\libgcc.a(floatunsidf.o)
 .ARM.attributes
                0x000009dc       0x2c d:/workspace/tools/gcc_arm_toolchain/5_4-2016q2/bin/../lib/gcc/arm-none-eabi/5.4.1/armv6-m\libgcc.a(truncdfsf2.o)
 .ARM.attributes
                0x00000a08       0x2c d:/workspace/tools/gcc_arm_toolchain/5_4-2016q2/bin/../lib/gcc/arm-none-eabi/5.4.1/../../../../arm-none-eabi/lib/armv6-m\libnosys.a(sbrk.o)

.debug_frame    0x00000000     0x16f4
 .debug_frame   0x00000000       0x40 ./src/hw/core/crgHandler.o
 .debug_frame   0x00000040       0x98 ./src/hw/core/ex_uartHandler.o
 .debug_frame   0x000000d8       0x90 ./src/hw/core/timerHandler.o
 .debug_frame   0x00000168      0x18c ./src/hw/core/uartHandler.o
 .debug_frame   0x000002f4      0x218 ./src/hw/W7500x_it.o
 .debug_frame   0x0000050c       0x4c ./src/main.o
 .debug_frame   0x00000558      0x154 ./lib/W7500x_stdPeriph_Driver/src/W7500x_dualtimer.o
 .debug_frame   0x000006ac      0x26c ./lib/W7500x_stdPeriph_Driver/src/W7500x_uart.o
 .debug_frame   0x00000918       0x8c ./lib/CMSIS/Device/WIZnet/W7500/Source/system_W7500x.o
 .debug_frame   0x000009a4       0x20 d:/workspace/tools/gcc_arm_toolchain/5_4-2016q2/bin/../lib/gcc/arm-none-eabi/5.4.1/armv6-m\libgcc.a(_udivsi3.o)
 .debug_frame   0x000009c4       0x20 d:/workspace/tools/gcc_arm_toolchain/5_4-2016q2/bin/../lib/gcc/arm-none-eabi/5.4.1/armv6-m\libgcc.a(_divsi3.o)
 .debug_frame   0x000009e4       0x2c d:/workspace/tools/gcc_arm_toolchain/5_4-2016q2/bin/../lib/gcc/arm-none-eabi/5.4.1/armv6-m\libgcc.a(_fixunsdfsi.o)
 .debug_frame   0x00000a10       0x3c d:/workspace/tools/gcc_arm_toolchain/5_4-2016q2/bin/../lib/gcc/arm-none-eabi/5.4.1/armv6-m\libgcc.a(adddf3.o)
 .debug_frame   0x00000a4c       0x38 d:/workspace/tools/gcc_arm_toolchain/5_4-2016q2/bin/../lib/gcc/arm-none-eabi/5.4.1/armv6-m\libgcc.a(subdf3.o)
 .debug_frame   0x00000a84       0x2c d:/workspace/tools/gcc_arm_toolchain/5_4-2016q2/bin/../lib/gcc/arm-none-eabi/5.4.1/armv6-m\libgcc.a(fixdfsi.o)
 .debug_frame   0x00000ab0       0x38 d:/workspace/tools/gcc_arm_toolchain/5_4-2016q2/bin/../lib/gcc/arm-none-eabi/5.4.1/armv6-m\libgcc.a(eqdf2.o)
 .debug_frame   0x00000ae8       0x38 d:/workspace/tools/gcc_arm_toolchain/5_4-2016q2/bin/../lib/gcc/arm-none-eabi/5.4.1/armv6-m\libgcc.a(gedf2.o)
 .debug_frame   0x00000b20       0x38 d:/workspace/tools/gcc_arm_toolchain/5_4-2016q2/bin/../lib/gcc/arm-none-eabi/5.4.1/armv6-m\libgcc.a(ledf2.o)
 .debug_frame   0x00000b58       0x28 d:/workspace/tools/gcc_arm_toolchain/5_4-2016q2/bin/../lib/gcc/arm-none-eabi/5.4.1/../../../../arm-none-eabi/lib/armv6-m\libg_nano.a(lib_a-memcpy-stub.o)
 .debug_frame   0x00000b80       0x20 d:/workspace/tools/gcc_arm_toolchain/5_4-2016q2/bin/../lib/gcc/arm-none-eabi/5.4.1/../../../../arm-none-eabi/lib/armv6-m\libg_nano.a(lib_a-memset.o)
 .debug_frame   0x00000ba0       0x74 d:/workspace/tools/gcc_arm_toolchain/5_4-2016q2/bin/../lib/gcc/arm-none-eabi/5.4.1/../../../../arm-none-eabi/lib/armv6-m\libg_nano.a(lib_a-nano-vfprintf_float.o)
 .debug_frame   0x00000c14       0x54 d:/workspace/tools/gcc_arm_toolchain/5_4-2016q2/bin/../lib/gcc/arm-none-eabi/5.4.1/../../../../arm-none-eabi/lib/armv6-m\libg_nano.a(lib_a-nano-vfprintf_i.o)
 .debug_frame   0x00000c68       0x30 d:/workspace/tools/gcc_arm_toolchain/5_4-2016q2/bin/../lib/gcc/arm-none-eabi/5.4.1/../../../../arm-none-eabi/lib/armv6-m\libg_nano.a(lib_a-nano-vfscanf_float.o)
 .debug_frame   0x00000c98       0x20 d:/workspace/tools/gcc_arm_toolchain/5_4-2016q2/bin/../lib/gcc/arm-none-eabi/5.4.1/../../../../arm-none-eabi/lib/armv6-m\libg_nano.a(lib_a-sf_nan.o)
 .debug_frame   0x00000cb8       0x50 d:/workspace/tools/gcc_arm_toolchain/5_4-2016q2/bin/../lib/gcc/arm-none-eabi/5.4.1/../../../../arm-none-eabi/lib/armv6-m\libg_nano.a(lib_a-sprintf.o)
 .debug_frame   0x00000d08       0x84 d:/workspace/tools/gcc_arm_toolchain/5_4-2016q2/bin/../lib/gcc/arm-none-eabi/5.4.1/../../../../arm-none-eabi/lib/armv6-m\libg_nano.a(lib_a-strtod.o)
 .debug_frame   0x00000d8c       0x48 d:/workspace/tools/gcc_arm_toolchain/5_4-2016q2/bin/../lib/gcc/arm-none-eabi/5.4.1/../../../../arm-none-eabi/lib/armv6-m\libg_nano.a(lib_a-strtol.o)
 .debug_frame   0x00000dd4       0x54 d:/workspace/tools/gcc_arm_toolchain/5_4-2016q2/bin/../lib/gcc/arm-none-eabi/5.4.1/../../../../arm-none-eabi/lib/armv6-m\libg_nano.a(lib_a-dtoa.o)
 .debug_frame   0x00000e28      0x140 d:/workspace/tools/gcc_arm_toolchain/5_4-2016q2/bin/../lib/gcc/arm-none-eabi/5.4.1/../../../../arm-none-eabi/lib/armv6-m\libg_nano.a(lib_a-findfp.o)
 .debug_frame   0x00000f68       0x60 d:/workspace/tools/gcc_arm_toolchain/5_4-2016q2/bin/../lib/gcc/arm-none-eabi/5.4.1/../../../../arm-none-eabi/lib/armv6-m\libg_nano.a(lib_a-gdtoa-gethex.o)
 .debug_frame   0x00000fc8       0x68 d:/workspace/tools/gcc_arm_toolchain/5_4-2016q2/bin/../lib/gcc/arm-none-eabi/5.4.1/../../../../arm-none-eabi/lib/armv6-m\libg_nano.a(lib_a-gdtoa-hexnan.o)
 .debug_frame   0x00001030       0xa4 d:/workspace/tools/gcc_arm_toolchain/5_4-2016q2/bin/../lib/gcc/arm-none-eabi/5.4.1/../../../../arm-none-eabi/lib/armv6-m\libg_nano.a(lib_a-locale.o)
 .debug_frame   0x000010d4       0x40 d:/workspace/tools/gcc_arm_toolchain/5_4-2016q2/bin/../lib/gcc/arm-none-eabi/5.4.1/../../../../arm-none-eabi/lib/armv6-m\libg_nano.a(lib_a-malloc.o)
 .debug_frame   0x00001114       0x20 d:/workspace/tools/gcc_arm_toolchain/5_4-2016q2/bin/../lib/gcc/arm-none-eabi/5.4.1/../../../../arm-none-eabi/lib/armv6-m\libg_nano.a(lib_a-memchr-stub.o)
 .debug_frame   0x00001134      0x238 d:/workspace/tools/gcc_arm_toolchain/5_4-2016q2/bin/../lib/gcc/arm-none-eabi/5.4.1/../../../../arm-none-eabi/lib/armv6-m\libg_nano.a(lib_a-mprec.o)
 .debug_frame   0x0000136c       0x2c d:/workspace/tools/gcc_arm_toolchain/5_4-2016q2/bin/../lib/gcc/arm-none-eabi/5.4.1/../../../../arm-none-eabi/lib/armv6-m\libg_nano.a(lib_a-nano-callocr.o)
 .debug_frame   0x00001398       0x2c d:/workspace/tools/gcc_arm_toolchain/5_4-2016q2/bin/../lib/gcc/arm-none-eabi/5.4.1/../../../../arm-none-eabi/lib/armv6-m\libg_nano.a(lib_a-nano-freer.o)
 .debug_frame   0x000013c4       0x2c d:/workspace/tools/gcc_arm_toolchain/5_4-2016q2/bin/../lib/gcc/arm-none-eabi/5.4.1/../../../../arm-none-eabi/lib/armv6-m\libg_nano.a(lib_a-nano-mallocr.o)
 .debug_frame   0x000013f0       0x74 d:/workspace/tools/gcc_arm_toolchain/5_4-2016q2/bin/../lib/gcc/arm-none-eabi/5.4.1/../../../../arm-none-eabi/lib/armv6-m\libg_nano.a(lib_a-nano-svfprintf.o)
 .debug_frame   0x00001464       0x2c d:/workspace/tools/gcc_arm_toolchain/5_4-2016q2/bin/../lib/gcc/arm-none-eabi/5.4.1/../../../../arm-none-eabi/lib/armv6-m\libg_nano.a(lib_a-sbrkr.o)
 .debug_frame   0x00001490       0x2c d:/workspace/tools/gcc_arm_toolchain/5_4-2016q2/bin/../lib/gcc/arm-none-eabi/5.4.1/../../../../arm-none-eabi/lib/armv6-m\libg_nano.a(lib_a-strncmp.o)
 .debug_frame   0x000014bc       0x28 d:/workspace/tools/gcc_arm_toolchain/5_4-2016q2/bin/../lib/gcc/arm-none-eabi/5.4.1/../../../../arm-none-eabi/lib/armv6-m\libg_nano.a(lib_a-memmove.o)
 .debug_frame   0x000014e4       0x30 d:/workspace/tools/gcc_arm_toolchain/5_4-2016q2/bin/../lib/gcc/arm-none-eabi/5.4.1/../../../../arm-none-eabi/lib/armv6-m\libg_nano.a(lib_a-mlock.o)
 .debug_frame   0x00001514       0x30 d:/workspace/tools/gcc_arm_toolchain/5_4-2016q2/bin/../lib/gcc/arm-none-eabi/5.4.1/../../../../arm-none-eabi/lib/armv6-m\libg_nano.a(lib_a-nano-reallocr.o)
 .debug_frame   0x00001544       0x48 d:/workspace/tools/gcc_arm_toolchain/5_4-2016q2/bin/../lib/gcc/arm-none-eabi/5.4.1/../../../../arm-none-eabi/lib/armv6-m\libg_nano.a(lib_a-reent.o)
 .debug_frame   0x0000158c       0x20 d:/workspace/tools/gcc_arm_toolchain/5_4-2016q2/bin/../lib/gcc/arm-none-eabi/5.4.1/../../../../arm-none-eabi/lib/armv6-m\libg_nano.a(lib_a-nano-msizer.o)
 .debug_frame   0x000015ac       0x3c d:/workspace/tools/gcc_arm_toolchain/5_4-2016q2/bin/../lib/gcc/arm-none-eabi/5.4.1/armv6-m\libgcc.a(divdf3.o)
 .debug_frame   0x000015e8       0x3c d:/workspace/tools/gcc_arm_toolchain/5_4-2016q2/bin/../lib/gcc/arm-none-eabi/5.4.1/armv6-m\libgcc.a(muldf3.o)
 .debug_frame   0x00001624       0x2c d:/workspace/tools/gcc_arm_toolchain/5_4-2016q2/bin/../lib/gcc/arm-none-eabi/5.4.1/armv6-m\libgcc.a(unorddf2.o)
 .debug_frame   0x00001650       0x2c d:/workspace/tools/gcc_arm_toolchain/5_4-2016q2/bin/../lib/gcc/arm-none-eabi/5.4.1/armv6-m\libgcc.a(floatsidf.o)
 .debug_frame   0x0000167c       0x2c d:/workspace/tools/gcc_arm_toolchain/5_4-2016q2/bin/../lib/gcc/arm-none-eabi/5.4.1/armv6-m\libgcc.a(floatunsidf.o)
 .debug_frame   0x000016a8       0x2c d:/workspace/tools/gcc_arm_toolchain/5_4-2016q2/bin/../lib/gcc/arm-none-eabi/5.4.1/armv6-m\libgcc.a(truncdfsf2.o)
 .debug_frame   0x000016d4       0x20 d:/workspace/tools/gcc_arm_toolchain/5_4-2016q2/bin/../lib/gcc/arm-none-eabi/5.4.1/../../../../arm-none-eabi/lib/armv6-m\libnosys.a(sbrk.o)

.stabstr        0x00000000      0x117
 .stabstr       0x00000000      0x117 d:/workspace/tools/gcc_arm_toolchain/5_4-2016q2/bin/../lib/gcc/arm-none-eabi/5.4.1/../../../../arm-none-eabi/lib/armv6-m\libnosys.a(close.o)
